Archive member included to satisfy reference by file (symbol)

/Applications/STM32CubeIDE.app/Contents/Eclipse/plugins/com.st.stm32cube.ide.mcu.externaltools.gnu-tools-for-stm32.12.3.rel1.macos64_1.1.0.202410301201/tools/bin/../lib/gcc/arm-none-eabi/12.3.1/../../../../arm-none-eabi/lib/thumb/v7e-m+fp/hard/libc_nano.a(libc_a-exit.o)
                              /Applications/STM32CubeIDE.app/Contents/Eclipse/plugins/com.st.stm32cube.ide.mcu.externaltools.gnu-tools-for-stm32.12.3.rel1.macos64_1.1.0.202410301201/tools/bin/../lib/gcc/arm-none-eabi/12.3.1/../../../../arm-none-eabi/lib/thumb/v7e-m+fp/hard/crt0.o (exit)
/Applications/STM32CubeIDE.app/Contents/Eclipse/plugins/com.st.stm32cube.ide.mcu.externaltools.gnu-tools-for-stm32.12.3.rel1.macos64_1.1.0.202410301201/tools/bin/../lib/gcc/arm-none-eabi/12.3.1/../../../../arm-none-eabi/lib/thumb/v7e-m+fp/hard/libc_nano.a(libc_a-malloc.o)
                              ./Core/Src/ble.o (malloc)
/Applications/STM32CubeIDE.app/Contents/Eclipse/plugins/com.st.stm32cube.ide.mcu.externaltools.gnu-tools-for-stm32.12.3.rel1.macos64_1.1.0.202410301201/tools/bin/../lib/gcc/arm-none-eabi/12.3.1/../../../../arm-none-eabi/lib/thumb/v7e-m+fp/hard/libc_nano.a(libc_a-mallocr.o)
                              /Applications/STM32CubeIDE.app/Contents/Eclipse/plugins/com.st.stm32cube.ide.mcu.externaltools.gnu-tools-for-stm32.12.3.rel1.macos64_1.1.0.202410301201/tools/bin/../lib/gcc/arm-none-eabi/12.3.1/../../../../arm-none-eabi/lib/thumb/v7e-m+fp/hard/libc_nano.a(libc_a-malloc.o) (_malloc_r)
/Applications/STM32CubeIDE.app/Contents/Eclipse/plugins/com.st.stm32cube.ide.mcu.externaltools.gnu-tools-for-stm32.12.3.rel1.macos64_1.1.0.202410301201/tools/bin/../lib/gcc/arm-none-eabi/12.3.1/../../../../arm-none-eabi/lib/thumb/v7e-m+fp/hard/libc_nano.a(libc_a-mlock.o)
                              /Applications/STM32CubeIDE.app/Contents/Eclipse/plugins/com.st.stm32cube.ide.mcu.externaltools.gnu-tools-for-stm32.12.3.rel1.macos64_1.1.0.202410301201/tools/bin/../lib/gcc/arm-none-eabi/12.3.1/../../../../arm-none-eabi/lib/thumb/v7e-m+fp/hard/libc_nano.a(libc_a-mallocr.o) (__malloc_lock)
/Applications/STM32CubeIDE.app/Contents/Eclipse/plugins/com.st.stm32cube.ide.mcu.externaltools.gnu-tools-for-stm32.12.3.rel1.macos64_1.1.0.202410301201/tools/bin/../lib/gcc/arm-none-eabi/12.3.1/../../../../arm-none-eabi/lib/thumb/v7e-m+fp/hard/libc_nano.a(libc_a-findfp.o)
                              /Applications/STM32CubeIDE.app/Contents/Eclipse/plugins/com.st.stm32cube.ide.mcu.externaltools.gnu-tools-for-stm32.12.3.rel1.macos64_1.1.0.202410301201/tools/bin/../lib/gcc/arm-none-eabi/12.3.1/../../../../arm-none-eabi/lib/thumb/v7e-m+fp/hard/libc_nano.a(libc_a-exit.o) (__stdio_exit_handler)
/Applications/STM32CubeIDE.app/Contents/Eclipse/plugins/com.st.stm32cube.ide.mcu.externaltools.gnu-tools-for-stm32.12.3.rel1.macos64_1.1.0.202410301201/tools/bin/../lib/gcc/arm-none-eabi/12.3.1/../../../../arm-none-eabi/lib/thumb/v7e-m+fp/hard/libc_nano.a(libc_a-fwalk.o)
                              /Applications/STM32CubeIDE.app/Contents/Eclipse/plugins/com.st.stm32cube.ide.mcu.externaltools.gnu-tools-for-stm32.12.3.rel1.macos64_1.1.0.202410301201/tools/bin/../lib/gcc/arm-none-eabi/12.3.1/../../../../arm-none-eabi/lib/thumb/v7e-m+fp/hard/libc_nano.a(libc_a-findfp.o) (_fwalk_sglue)
/Applications/STM32CubeIDE.app/Contents/Eclipse/plugins/com.st.stm32cube.ide.mcu.externaltools.gnu-tools-for-stm32.12.3.rel1.macos64_1.1.0.202410301201/tools/bin/../lib/gcc/arm-none-eabi/12.3.1/../../../../arm-none-eabi/lib/thumb/v7e-m+fp/hard/libc_nano.a(libc_a-printf.o)
                              ./Core/Src/main.o (printf)
/Applications/STM32CubeIDE.app/Contents/Eclipse/plugins/com.st.stm32cube.ide.mcu.externaltools.gnu-tools-for-stm32.12.3.rel1.macos64_1.1.0.202410301201/tools/bin/../lib/gcc/arm-none-eabi/12.3.1/../../../../arm-none-eabi/lib/thumb/v7e-m+fp/hard/libc_nano.a(libc_a-puts.o)
                              ./Core/Src/main.o (puts)
/Applications/STM32CubeIDE.app/Contents/Eclipse/plugins/com.st.stm32cube.ide.mcu.externaltools.gnu-tools-for-stm32.12.3.rel1.macos64_1.1.0.202410301201/tools/bin/../lib/gcc/arm-none-eabi/12.3.1/../../../../arm-none-eabi/lib/thumb/v7e-m+fp/hard/libc_nano.a(libc_a-memset.o)
                              /Applications/STM32CubeIDE.app/Contents/Eclipse/plugins/com.st.stm32cube.ide.mcu.externaltools.gnu-tools-for-stm32.12.3.rel1.macos64_1.1.0.202410301201/tools/bin/../lib/gcc/arm-none-eabi/12.3.1/../../../../arm-none-eabi/lib/thumb/v7e-m+fp/hard/crt0.o (memset)
/Applications/STM32CubeIDE.app/Contents/Eclipse/plugins/com.st.stm32cube.ide.mcu.externaltools.gnu-tools-for-stm32.12.3.rel1.macos64_1.1.0.202410301201/tools/bin/../lib/gcc/arm-none-eabi/12.3.1/../../../../arm-none-eabi/lib/thumb/v7e-m+fp/hard/libc_nano.a(libc_a-impure.o)
[...]
Memory Configuration

Name             Origin             Length             Attributes
RAM              0x20000000         0x00018000         xrw
RAM2             0x10000000         0x00008000         xrw
FLASH            0x08000000         0x00100000         xr
*default*        0x00000000         0xffffffff

Linker script and memory map

LOAD /Applications/STM32CubeIDE.app/Contents/Eclipse/plugins/com.st.stm32cube.ide.mcu.externaltools.gnu-tools-for-stm32.12.3.rel1.macos64_1.1.0.202410301201/tools/bin/../lib/gcc/arm-none-eabi/12.3.1/thumb/v7e-m+fp/hard/crti.o
LOAD /Applications/STM32CubeIDE.app/Contents/Eclipse/plugins/com.st.stm32cube.ide.mcu.externaltools.gnu-tools-for-stm32.12.3.rel1.macos64_1.1.0.202410301201/tools/bin/../lib/gcc/arm-none-eabi/12.3.1/thumb/v7e-m+fp/hard/crtbegin.o
LOAD /Applications/STM32CubeIDE.app/Contents/Eclipse/plugins/com.st.stm32cube.ide.mcu.externaltools.gnu-tools-for-stm32.12.3.rel1.macos64_1.1.0.202410301201/tools/bin/../lib/gcc/arm-none-eabi/12.3.1/../../../../arm-none-eabi/lib/thumb/v7e-m+fp/hard/crt0.o
LOAD ./Core/Src/ble.o
LOAD ./Core/Src/i2c.o
LOAD ./Core/Src/leds.o
LOAD ./Core/Src/lsm6dsl.o
LOAD ./Core/Src/main.o
LOAD ./Core/Src/stm32l4xx_hal_msp.o
LOAD ./Core/Src/stm32l4xx_it.o
LOAD ./Core/Src/syscalls.o
LOAD ./Core/Src/system_stm32l4xx.o
LOAD ./Core/Src/timer.o
LOAD ./Core/Startup/startup_stm32l475vgtx.o
LOAD ./Drivers/STM32L4xx_HAL_Driver/Src/stm32l4xx_hal.o
LOAD ./Drivers/STM32L4xx_HAL_Driver/Src/stm32l4xx_hal_cortex.o
LOAD ./Drivers/STM32L4xx_HAL_Driver/Src/stm32l4xx_hal_dma.o
LOAD ./Drivers/STM32L4xx_HAL_Driver/Src/stm32l4xx_hal_dma_ex.o
LOAD ./Drivers/STM32L4xx_HAL_Driver/Src/stm32l4xx_hal_exti.o
LOAD ./Drivers/STM32L4xx_HAL_Driver/Src/stm32l4xx_hal_flash.o
LOAD ./Drivers/STM32L4xx_HAL_Driver/Src/stm32l4xx_hal_flash_ex.o
LOAD ./Drivers/STM32L4xx_HAL_Driver/Src/stm32l4xx_hal_flash_ramfunc.o
LOAD ./Drivers/STM32L4xx_HAL_Driver/Src/stm32l4xx_hal_gpio.o
LOAD ./Drivers/STM32L4xx_HAL_Driver/Src/stm32l4xx_hal_i2c.o
LOAD ./Drivers/STM32L4xx_HAL_Driver/Src/stm32l4xx_hal_i2c_ex.o
LOAD ./Drivers/STM32L4xx_HAL_Driver/Src/stm32l4xx_hal_pwr.o
LOAD ./Drivers/STM32L4xx_HAL_Driver/Src/stm32l4xx_hal_pwr_ex.o
LOAD ./Drivers/STM32L4xx_HAL_Driver/Src/stm32l4xx_hal_rcc.o
LOAD ./Drivers/STM32L4xx_HAL_Driver/Src/stm32l4xx_hal_rcc_ex.o
LOAD ./Drivers/STM32L4xx_HAL_Driver/Src/stm32l4xx_hal_spi.o
LOAD ./Drivers/STM32L4xx_HAL_Driver/Src/stm32l4xx_hal_spi_ex.o
LOAD ./Drivers/STM32L4xx_HAL_Driver/Src/stm32l4xx_hal_tim.o
LOAD ./Drivers/STM32L4xx_HAL_Driver/Src/stm32l4xx_hal_tim_ex.o
START GROUP
LOAD /Applications/STM32CubeIDE.app/Contents/Eclipse/plugins/com.st.stm32cube.ide.mcu.externaltools.gnu-tools-for-stm32.12.3.rel1.macos64_1.1.0.202410301201/tools/bin/../lib/gcc/arm-none-eabi/12.3.1/../../../../arm-none-eabi/lib/thumb/v7e-m+fp/hard/libc_nano.a
LOAD /Applications/STM32CubeIDE.app/Contents/Eclipse/plugins/com.st.stm32cube.ide.mcu.externaltools.gnu-tools-for-stm32.12.3.rel1.macos64_1.1.0.202410301201/tools/bin/../lib/gcc/arm-none-eabi/12.3.1/../../../../arm-none-eabi/lib/thumb/v7e-m+fp/hard/libm.a
END GROUP
START GROUP
LOAD /Applications/STM32CubeIDE.app/Contents/Eclipse/plugins/com.st.stm32cube.ide.mcu.externaltools.gnu-tools-for-stm32.12.3.rel1.macos64_1.1.0.202410301201/tools/bin/../lib/gcc/arm-none-eabi/12.3.1/thumb/v7e-m+fp/hard/libgcc.a
LOAD /Applications/STM32CubeIDE.app/Contents/Eclipse/plugins/com.st.stm32cube.ide.mcu.externaltools.gnu-tools-for-stm32.12.3.rel1.macos64_1.1.0.202410301201/tools/bin/../lib/gcc/arm-none-eabi/12.3.1/../../../../arm-none-eabi/lib/thumb/v7e-m+fp/hard/libc_nano.a
END GROUP
START GROUP
LOAD /Applications/STM32CubeIDE.app/Contents/Eclipse/plugins/com.st.stm32cube.ide.mcu.externaltools.gnu-tools-for-stm32.12.3.rel1.macos64_1.1.0.202410301201/tools/bin/../lib/gcc/arm-none-eabi/12.3.1/thumb/v7e-m+fp/hard/libgcc.a
LOAD /Applications/STM32CubeIDE.app/Contents/Eclipse/plugins/com.st.stm32cube.ide.mcu.externaltools.gnu-tools-for-stm32.12.3.rel1.macos64_1.1.0.202410301201/tools/bin/../lib/gcc/arm-none-eabi/12.3.1/../../../../arm-none-eabi/lib/thumb/v7e-m+fp/hard/libc_nano.a
LOAD /Applications/STM32CubeIDE.app/Contents/Eclipse/plugins/com.st.stm32cube.ide.mcu.externaltools.gnu-tools-for-stm32.12.3.rel1.macos64_1.1.0.202410301201/tools/bin/../lib/gcc/arm-none-eabi/12.3.1/../../../../arm-none-eabi/lib/thumb/v7e-m+fp/hard/libnosys.a
END GROUP
START GROUP
LOAD /Applications/STM32CubeIDE.app/Contents/Eclipse/plugins/com.st.stm32cube.ide.mcu.externaltools.gnu-tools-for-stm32.12.3.rel1.macos64_1.1.0.202410301201/tools/bin/../lib/gcc/arm-none-eabi/12.3.1/thumb/v7e-m+fp/hard/libgcc.a
LOAD /Applications/STM32CubeIDE.app/Contents/Eclipse/plugins/com.st.stm32cube.ide.mcu.externaltools.gnu-tools-for-stm32.12.3.rel1.macos64_1.1.0.202410301201/tools/bin/../lib/gcc/arm-none-eabi/12.3.1/../../../../arm-none-eabi/lib/thumb/v7e-m+fp/hard/libc_nano.a
LOAD /Applications/STM32CubeIDE.app/Contents/Eclipse/plugins/com.st.stm32cube.ide.mcu.externaltools.gnu-tools-for-stm32.12.3.rel1.macos64_1.1.0.202410301201/tools/bin/../lib/gcc/arm-none-eabi/12.3.1/../../../../arm-none-eabi/lib/thumb/v7e-m+fp/hard/libnosys.a
END GROUP
LOAD /Applications/STM32CubeIDE.app/Contents/Eclipse/plugins/com.st.stm32cube.ide.mcu.externaltools.gnu-tools-for-stm32.12.3.rel1.macos64_1.1.0.202410301201/tools/bin/../lib/gcc/arm-none-eabi/12.3.1/thumb/v7e-m+fp/hard/crtend.o
LOAD /Applications/STM32CubeIDE.app/Contents/Eclipse/plugins/com.st.stm32cube.ide.mcu.externaltools.gnu-tools-for-stm32.12.3.rel1.macos64_1.1.0.202410301201/tools/bin/../lib/gcc/arm-none-eabi/12.3.1/thumb/v7e-m+fp/hard/crtn.o
                0x20018000                        _estack = (ORIGIN (RAM) + LENGTH (RAM))
                0x00000200                        _Min_Heap_Size = 0x200
                0x00000400                        _Min_Stack_Size = 0x400

.isr_vector     0x08000000      0x188
                0x08000000                        . = ALIGN (0x4)
 *(.isr_vector)
 .isr_vector    0x08000000      0x188 ./Core/Startup/startup_stm32l475vgtx.o
                0x08000000                g_pfnVectors
                0x08000188                        . = ALIGN (0x4)

.text           0x08000190     0x4964
                0x08000190                        . = ALIGN (0x4)
 *(.text)
 .text          0x08000190       0x40 /Applications/STM32CubeIDE.app/Contents/Eclipse/plugins/com.st.stm32cube.ide.mcu.externaltools.gnu-tools-for-stm32.12.3.rel1.macos64_1.1.0.202410301201/tools/bin/../lib/gcc/arm-none-eabi/12.3.1/thumb/v7e-m+fp/hard/crtbegin.o
 .text          0x080001d0       0xa0 /Applications/STM32CubeIDE.app/Contents/Eclipse/plugins/com.st.stm32cube.ide.mcu.externaltools.gnu-tools-for-stm32.12.3.rel1.macos64_1.1.0.202410301201/tools/bin/../lib/gcc/arm-none-eabi/12.3.1/../../../../arm-none-eabi/lib/thumb/v7e-m+fp/hard/libc_nano.a(libc_a-memchr.o)
                0x080001d0                memchr
 .text          0x08000270      0x378 /Applications/STM32CubeIDE.app/Contents/Eclipse/plugins/com.st.stm32cube.ide.mcu.externaltools.gnu-tools-for-stm32.12.3.rel1.macos64_1.1.0.202410301201/tools/bin/../lib/gcc/arm-none-eabi/12.3.1/thumb/v7e-m+fp/hard/libgcc.a(_arm_addsubdf3.o)
                0x08000270                __aeabi_drsub
                0x08000278                __subdf3
                0x08000278                __aeabi_dsub
                0x0800027c                __aeabi_dadd
                0x0800027c                __adddf3
                0x080004f4                __aeabi_ui2d
                0x080004f4                __floatunsidf
                0x08000514                __floatsidf
                0x08000514                __aeabi_i2d
                0x08000538                __extendsfdf2
                0x08000538                __aeabi_f2d
                0x0800057c                __aeabi_ul2d
                0x0800057c                __floatundidf
                0x0800058c                __aeabi_l2d
                0x0800058c                __floatdidf
 .text          0x080005e8       0x40 /Applications/STM32CubeIDE.app/Contents/Eclipse/plugins/com.st.stm32cube.ide.mcu.externaltools.gnu-tools-for-stm32.12.3.rel1.macos64_1.1.0.202410301201/tools/bin/../lib/gcc/arm-none-eabi/12.3.1/thumb/v7e-m+fp/hard/libgcc.a(_arm_fixunsdfsi.o)
                0x080005e8                __fixunsdfsi
                0x080005e8                __aeabi_d2uiz
 *(.text*)
 .text.ble_init
                0x08000628      0x234 ./Core/Src/ble.o
                0x08000628                ble_init
 .text.fetchBleEvent
                0x0800085c      0x114 ./Core/Src/ble.o
                0x0800085c                fetchBleEvent
 .text.checkEventResp
                0x08000970       0x4c ./Core/Src/ble.o
                0x08000970                checkEventResp
 .text.sendCommand
                0x080009bc       0x98 ./Core/Src/ble.o
                0x080009bc                sendCommand
 .text.catchBLE
                0x08000a54       0x68 ./Core/Src/ble.o
                0x08000a54                catchBLE
 .text.setConnectable
                0x08000abc      0x100 ./Core/Src/ble.o
                0x08000abc                setConnectable
 .text.BLE_command
                0x08000bbc       0x98 ./Core/Src/ble.o
                0x08000bbc                BLE_command
 .text.addService
                0x08000c54       0x70 ./Core/Src/ble.o
                0x08000c54                addService
 .text.addCharacteristic
                0x08000cc4       0x84 ./Core/Src/ble.o
                0x08000cc4                addCharacteristic
 .text.updateCharValue
                0x08000d48       0xa8 ./Core/Src/ble.o
                0x08000d48                updateCharValue
 .text.i2c_init
                0x08000df0      0x118 ./Core/Src/i2c.o
                0x08000df0                i2c_init
 .text.i2c_transaction
                0x08000f08      0x164 ./Core/Src/i2c.o
                0x08000f08                i2c_transaction
 .text.leds_init
                0x0800106c       0xd8 ./Core/Src/leds.o
                0x0800106c                leds_init
 .text.leds_set
                0x08001144       0xa4 ./Core/Src/leds.o
                0x08001144                leds_set
 .text.lsm6dsl_init
                0x080011e8       0x3a ./Core/Src/lsm6dsl.o
                0x080011e8                lsm6dsl_init
 .text.lsm6dsl_read_xyz
                0x08001222      0x10a ./Core/Src/lsm6dsl.o
                0x08001222                lsm6dsl_read_xyz
 .text.ITM_SendChar
                0x0800132c       0x4e ./Core/Src/main.o
 .text._write   0x0800137a       0x3c ./Core/Src/main.o
                0x0800137a                _write
 *fill*         0x080013b6        0x2 
 .text.main     0x080013b8      0x188 ./Core/Src/main.o
                0x080013b8                main
 .text.SystemClock_Config
                0x08001540       0x8c ./Core/Src/main.o
                0x08001540                SystemClock_Config
 .text.MX_SPI3_Init
                0x080015cc       0x7c ./Core/Src/main.o
 .text.MX_GPIO_Init
                0x08001648      0x130 ./Core/Src/main.o
 .text.Error_Handler
                0x08001778        0xc ./Core/Src/main.o
                0x08001778                Error_Handler
 .text.TIM2_IRQHandler
                0x08001784       0xc4 ./Core/Src/main.o
                0x08001784                TIM2_IRQHandler
 .text.HAL_MspInit
                0x08001848       0x48 ./Core/Src/stm32l4xx_hal_msp.o
                0x08001848                HAL_MspInit
 .text.HAL_SPI_MspInit
                0x08001890       0x88 ./Core/Src/stm32l4xx_hal_msp.o
                0x08001890                HAL_SPI_MspInit
 .text.NMI_Handler
                0x08001918        0x8 ./Core/Src/stm32l4xx_it.o
                0x08001918                NMI_Handler
 .text.HardFault_Handler
                0x08001920        0x8 ./Core/Src/stm32l4xx_it.o
                0x08001920                HardFault_Handler
 .text.MemManage_Handler
                0x08001928        0x8 ./Core/Src/stm32l4xx_it.o
                0x08001928                MemManage_Handler
 .text.BusFault_Handler
                0x08001930        0x8 ./Core/Src/stm32l4xx_it.o
                0x08001930                BusFault_Handler
 .text.UsageFault_Handler
                0x08001938        0x8 ./Core/Src/stm32l4xx_it.o
                0x08001938                UsageFault_Handler
 .text.SVC_Handler
                0x08001940        0xe ./Core/Src/stm32l4xx_it.o
                0x08001940                SVC_Handler
 .text.DebugMon_Handler
                0x0800194e        0xe ./Core/Src/stm32l4xx_it.o
                0x0800194e                DebugMon_Handler
 .text.PendSV_Handler
                0x0800195c        0xe ./Core/Src/stm32l4xx_it.o
                0x0800195c                PendSV_Handler
 .text.SysTick_Handler
                0x0800196a        0xc ./Core/Src/stm32l4xx_it.o
                0x0800196a                SysTick_Handler
 *fill*         0x08001976        0x2 
 .text.EXTI9_5_IRQHandler
                0x08001978       0x18 ./Core/Src/stm32l4xx_it.o
                0x08001978                EXTI9_5_IRQHandler
 .text._read    0x08001990       0x3a ./Core/Src/syscalls.o
                0x08001990                _read
 *fill*         0x080019ca        0x2 
 .text._sbrk    0x080019cc       0x58 ./Core/Src/syscalls.o
                0x080019cc                _sbrk
 .text._close   0x08001a24       0x18 ./Core/Src/syscalls.o
                0x08001a24                _close
 .text._fstat   0x08001a3c       0x20 ./Core/Src/syscalls.o
                0x08001a3c                _fstat
 .text._isatty  0x08001a5c       0x16 ./Core/Src/syscalls.o
                0x08001a5c                _isatty
 .text._lseek   0x08001a72       0x1a ./Core/Src/syscalls.o
                0x08001a72                _lseek
 .text.SystemInit
                0x08001a8c       0x6c ./Core/Src/system_stm32l4xx.o
                0x08001a8c                SystemInit
 .text.__NVIC_EnableIRQ
                0x08001af8       0x3c ./Core/Src/timer.o
 .text.__NVIC_SetPriority
                0x08001b34       0x54 ./Core/Src/timer.o
 .text.timer_init
                0x08001b88       0x74 ./Core/Src/timer.o
                0x08001b88                timer_init
 .text.timer_reset
                0x08001bfc       0x2c ./Core/Src/timer.o
                0x08001bfc                timer_reset
 .text.timer_set_ms
                0x08001c28       0x22 ./Core/Src/timer.o
                0x08001c28                timer_set_ms
 *fill*         0x08001c4a        0x2 
 .text.Reset_Handler
                0x08001c4c       0x50 ./Core/Startup/startup_stm32l475vgtx.o
                0x08001c4c                Reset_Handler
 .text.Default_Handler
                0x08001c9c        0x2 ./Core/Startup/startup_stm32l475vgtx.o
                0x08001c9c                TIM1_BRK_TIM15_IRQHandler
                0x08001c9c                EXTI2_IRQHandler
                0x08001c9c                TIM8_TRG_COM_IRQHandler
                0x08001c9c                TIM8_CC_IRQHandler
                0x08001c9c                TIM1_CC_IRQHandler
                0x08001c9c                TSC_IRQHandler
                0x08001c9c                TAMP_STAMP_IRQHandler
                0x08001c9c                EXTI3_IRQHandler
                0x08001c9c                LPTIM2_IRQHandler
                0x08001c9c                DFSDM1_FLT1_IRQHandler
                0x08001c9c                I2C3_ER_IRQHandler
                0x08001c9c                DFSDM1_FLT2_IRQHandler
                0x08001c9c                EXTI0_IRQHandler
                0x08001c9c                I2C2_EV_IRQHandler
                0x08001c9c                CAN1_RX0_IRQHandler
                0x08001c9c                FPU_IRQHandler
                0x08001c9c                TIM1_UP_TIM16_IRQHandler
                0x08001c9c                ADC1_2_IRQHandler
                0x08001c9c                SPI1_IRQHandler
                0x08001c9c                TIM6_DAC_IRQHandler
                0x08001c9c                TIM8_UP_IRQHandler
                0x08001c9c                DMA2_Channel2_IRQHandler
                0x08001c9c                DMA1_Channel4_IRQHandler
                0x08001c9c                SAI2_IRQHandler
                0x08001c9c                DFSDM1_FLT3_IRQHandler
                0x08001c9c                USART3_IRQHandler
                0x08001c9c                DMA1_Channel7_IRQHandler
                0x08001c9c                CAN1_RX1_IRQHandler
                0x08001c9c                UART5_IRQHandler
                0x08001c9c                ADC3_IRQHandler
                0x08001c9c                TIM4_IRQHandler
                0x08001c9c                DMA2_Channel1_IRQHandler
                0x08001c9c                QUADSPI_IRQHandler
                0x08001c9c                I2C1_EV_IRQHandler
                0x08001c9c                DMA1_Channel6_IRQHandler
                0x08001c9c                UART4_IRQHandler
                0x08001c9c                DMA2_Channel4_IRQHandler
                0x08001c9c                TIM3_IRQHandler
                0x08001c9c                RCC_IRQHandler
                0x08001c9c                DMA1_Channel1_IRQHandler
                0x08001c9c                Default_Handler
                0x08001c9c                DMA2_Channel7_IRQHandler
                0x08001c9c                EXTI15_10_IRQHandler
                0x08001c9c                TIM7_IRQHandler
                0x08001c9c                SDMMC1_IRQHandler
                0x08001c9c                TIM5_IRQHandler
                0x08001c9c                I2C3_EV_IRQHandler
                0x08001c9c                RTC_WKUP_IRQHandler
                0x08001c9c                PVD_PVM_IRQHandler
                0x08001c9c                SPI2_IRQHandler
                0x08001c9c                CAN1_TX_IRQHandler
                0x08001c9c                DMA2_Channel5_IRQHandler
                0x08001c9c                DMA1_Channel5_IRQHandler
                0x08001c9c                EXTI4_IRQHandler
                0x08001c9c                RNG_IRQHandler
                0x08001c9c                TIM1_TRG_COM_TIM17_IRQHandler
                0x08001c9c                DMA1_Channel3_IRQHandler
                0x08001c9c                COMP_IRQHandler
                0x08001c9c                WWDG_IRQHandler
                0x08001c9c                LPUART1_IRQHandler
                0x08001c9c                DMA2_Channel6_IRQHandler
                0x08001c9c                EXTI1_IRQHandler
                0x08001c9c                USART2_IRQHandler
                0x08001c9c                DFSDM1_FLT0_IRQHandler
                0x08001c9c                I2C2_ER_IRQHandler
                0x08001c9c                DMA1_Channel2_IRQHandler
                0x08001c9c                TIM8_BRK_IRQHandler
                0x08001c9c                CAN1_SCE_IRQHandler
                0x08001c9c                FLASH_IRQHandler
                0x08001c9c                USART1_IRQHandler
                0x08001c9c                OTG_FS_IRQHandler
                0x08001c9c                SPI3_IRQHandler
                0x08001c9c                I2C1_ER_IRQHandler
                0x08001c9c                FMC_IRQHandler
                0x08001c9c                SWPMI1_IRQHandler
                0x08001c9c                LPTIM1_IRQHandler
                0x08001c9c                SAI1_IRQHandler
                0x08001c9c                DMA2_Channel3_IRQHandler
                0x08001c9c                RTC_Alarm_IRQHandler
 .text.HAL_Init
                0x08001c9e       0x30 ./Drivers/STM32L4xx_HAL_Driver/Src/stm32l4xx_hal.o
                0x08001c9e                HAL_Init
 *fill*         0x08001cce        0x2 
 .text.HAL_InitTick
                0x08001cd0       0x78 ./Drivers/STM32L4xx_HAL_Driver/Src/stm32l4xx_hal.o
                0x08001cd0                HAL_InitTick
 .text.HAL_IncTick
                0x08001d48       0x28 ./Drivers/STM32L4xx_HAL_Driver/Src/stm32l4xx_hal.o
                0x08001d48                HAL_IncTick
 .text.HAL_GetTick
                0x08001d70       0x18 ./Drivers/STM32L4xx_HAL_Driver/Src/stm32l4xx_hal.o
                0x08001d70                HAL_GetTick
 .text.HAL_Delay
                0x08001d88       0x48 ./Drivers/STM32L4xx_HAL_Driver/Src/stm32l4xx_hal.o
                0x08001d88                HAL_Delay
 .text.__NVIC_SetPriorityGrouping
                0x08001dd0       0x48 ./Drivers/STM32L4xx_HAL_Driver/Src/stm32l4xx_hal_cortex.o
 .text.__NVIC_GetPriorityGrouping
                0x08001e18       0x1c ./Drivers/STM32L4xx_HAL_Driver/Src/stm32l4xx_hal_cortex.o
 .text.__NVIC_EnableIRQ
                0x08001e34       0x3c ./Drivers/STM32L4xx_HAL_Driver/Src/stm32l4xx_hal_cortex.o
 .text.__NVIC_SetPriority
                0x08001e70       0x54 ./Drivers/STM32L4xx_HAL_Driver/Src/stm32l4xx_hal_cortex.o
 .text.NVIC_EncodePriority
                0x08001ec4       0x66 ./Drivers/STM32L4xx_HAL_Driver/Src/stm32l4xx_hal_cortex.o
 *fill*         0x08001f2a        0x2 
 .text.SysTick_Config
                0x08001f2c       0x44 ./Drivers/STM32L4xx_HAL_Driver/Src/stm32l4xx_hal_cortex.o
 .text.HAL_NVIC_SetPriorityGrouping
                0x08001f70       0x16 ./Drivers/STM32L4xx_HAL_Driver/Src/stm32l4xx_hal_cortex.o
                0x08001f70                HAL_NVIC_SetPriorityGrouping
 .text.HAL_NVIC_SetPriority
                0x08001f86       0x38 ./Drivers/STM32L4xx_HAL_Driver/Src/stm32l4xx_hal_cortex.o
                0x08001f86                HAL_NVIC_SetPriority
 .text.HAL_NVIC_EnableIRQ
                0x08001fbe       0x1c ./Drivers/STM32L4xx_HAL_Driver/Src/stm32l4xx_hal_cortex.o
                0x08001fbe                HAL_NVIC_EnableIRQ
 .text.HAL_SYSTICK_Config
                0x08001fda       0x18 ./Drivers/STM32L4xx_HAL_Driver/Src/stm32l4xx_hal_cortex.o
                0x08001fda                HAL_SYSTICK_Config
 *fill*         0x08001ff2        0x2 
 .text.HAL_GPIO_Init
                0x08001ff4      0x354 ./Drivers/STM32L4xx_HAL_Driver/Src/stm32l4xx_hal_gpio.o
                0x08001ff4                HAL_GPIO_Init
 .text.HAL_GPIO_ReadPin
                0x08002348       0x30 ./Drivers/STM32L4xx_HAL_Driver/Src/stm32l4xx_hal_gpio.o
                0x08002348                HAL_GPIO_ReadPin
 .text.HAL_GPIO_WritePin
                0x08002378       0x30 ./Drivers/STM32L4xx_HAL_Driver/Src/stm32l4xx_hal_gpio.o
                0x08002378                HAL_GPIO_WritePin
 .text.HAL_GPIO_EXTI_IRQHandler
                0x080023a8       0x30 ./Drivers/STM32L4xx_HAL_Driver/Src/stm32l4xx_hal_gpio.o
                0x080023a8                HAL_GPIO_EXTI_IRQHandler
 .text.HAL_GPIO_EXTI_Callback
                0x080023d8       0x16 ./Drivers/STM32L4xx_HAL_Driver/Src/stm32l4xx_hal_gpio.o
                0x080023d8                HAL_GPIO_EXTI_Callback
 *fill*         0x080023ee        0x2 
 .text.HAL_PWREx_GetVoltageRange
                0x080023f0       0x1c ./Drivers/STM32L4xx_HAL_Driver/Src/stm32l4xx_hal_pwr_ex.o
                0x080023f0                HAL_PWREx_GetVoltageRange
 .text.HAL_PWREx_ControlVoltageScaling
                0x0800240c       0xac ./Drivers/STM32L4xx_HAL_Driver/Src/stm32l4xx_hal_pwr_ex.o
                0x0800240c                HAL_PWREx_ControlVoltageScaling
 .text.HAL_RCC_OscConfig
                0x080024b8      0x7b8 ./Drivers/STM32L4xx_HAL_Driver/Src/stm32l4xx_hal_rcc.o
                0x080024b8                HAL_RCC_OscConfig
 .text.HAL_RCC_ClockConfig
                0x08002c70      0x200 ./Drivers/STM32L4xx_HAL_Driver/Src/stm32l4xx_hal_rcc.o
                0x08002c70                HAL_RCC_ClockConfig
 .text.HAL_RCC_GetSysClockFreq
                0x08002e70      0x118 ./Drivers/STM32L4xx_HAL_Driver/Src/stm32l4xx_hal_rcc.o
                0x08002e70                HAL_RCC_GetSysClockFreq
 .text.RCC_SetFlashLatencyFromMSIRange
                0x08002f88       0xc0 ./Drivers/STM32L4xx_HAL_Driver/Src/stm32l4xx_hal_rcc.o
 .text.HAL_SPI_Init
                0x08003048      0x146 ./Drivers/STM32L4xx_HAL_Driver/Src/stm32l4xx_hal_spi.o
                0x08003048                HAL_SPI_Init
 .text.HAL_SPI_Transmit
                0x0800318e      0x2ea ./Drivers/STM32L4xx_HAL_Driver/Src/stm32l4xx_hal_spi.o
                0x0800318e                HAL_SPI_Transmit
 .text.HAL_SPI_TransmitReceive
                0x08003478      0x444 ./Drivers/STM32L4xx_HAL_Driver/Src/stm32l4xx_hal_spi.o
                0x08003478                HAL_SPI_TransmitReceive
 .text.SPI_WaitFlagStateUntilTimeout
                0x080038bc      0x110 ./Drivers/STM32L4xx_HAL_Driver/Src/stm32l4xx_hal_spi.o
 .text.SPI_WaitFifoStateUntilTimeout
                0x080039cc      0x12c ./Drivers/STM32L4xx_HAL_Driver/Src/stm32l4xx_hal_spi.o
 .text.SPI_EndRxTxTransaction
                0x08003af8       0x8c ./Drivers/STM32L4xx_HAL_Driver/Src/stm32l4xx_hal_spi.o
 .text.malloc   0x08003b84       0x10 /Applications/STM32CubeIDE.app/Contents/Eclipse/plugins/com.st.stm32cube.ide.mcu.externaltools.gnu-tools-for-stm32.12.3.rel1.macos64_1.1.0.202410301201/tools/bin/../lib/gcc/arm-none-eabi/12.3.1/../../../../arm-none-eabi/lib/thumb/v7e-m+fp/hard/libc_nano.a(libc_a-malloc.o)
                0x08003b84                malloc
 .text.free     0x08003b94       0x10 /Applications/STM32CubeIDE.app/Contents/Eclipse/plugins/com.st.stm32cube.ide.mcu.externaltools.gnu-tools-for-stm32.12.3.rel1.macos64_1.1.0.202410301201/tools/bin/../lib/gcc/arm-none-eabi/12.3.1/../../../../arm-none-eabi/lib/thumb/v7e-m+fp/hard/libc_nano.a(libc_a-malloc.o)
                0x08003b94                free
 .text.sbrk_aligned
                0x08003ba4       0x44 /Applications/STM32CubeIDE.app/Contents/Eclipse/plugins/com.st.stm32cube.ide.mcu.externaltools.gnu-tools-for-stm32.12.3.rel1.macos64_1.1.0.202410301201/tools/bin/../lib/gcc/arm-none-eabi/12.3.1/../../../../arm-none-eabi/lib/thumb/v7e-m+fp/hard/libc_nano.a(libc_a-mallocr.o)
 .text._malloc_r
                0x08003be8      0x100 /Applications/STM32CubeIDE.app/Contents/Eclipse/plugins/com.st.stm32cube.ide.mcu.externaltools.gnu-tools-for-stm32.12.3.rel1.macos64_1.1.0.202410301201/tools/bin/../lib/gcc/arm-none-eabi/12.3.1/../../../../arm-none-eabi/lib/thumb/v7e-m+fp/hard/libc_nano.a(libc_a-mallocr.o)
                0x08003be8                _malloc_r
 .text.__malloc_lock
                0x08003ce8        0xc /Applications/STM32CubeIDE.app/Contents/Eclipse/plugins/com.st.stm32cube.ide.mcu.externaltools.gnu-tools-for-stm32.12.3.rel1.macos64_1.1.0.202410301201/tools/bin/../lib/gcc/arm-none-eabi/12.3.1/../../../../arm-none-eabi/lib/thumb/v7e-m+fp/hard/libc_nano.a(libc_a-mlock.o)
                0x08003ce8                __malloc_lock
 .text.__malloc_unlock
                0x08003cf4        0xc /Applications/STM32CubeIDE.app/Contents/Eclipse/plugins/com.st.stm32cube.ide.mcu.externaltools.gnu-tools-for-stm32.12.3.rel1.macos64_1.1.0.202410301201/tools/bin/../lib/gcc/arm-none-eabi/12.3.1/../../../../arm-none-eabi/lib/thumb/v7e-m+fp/hard/libc_nano.a(libc_a-mlock.o)
                0x08003cf4                __malloc_unlock
 .text.std      0x08003d00       0x6c /Applications/STM32CubeIDE.app/Contents/Eclipse/plugins/com.st.stm32cube.ide.mcu.externaltools.gnu-tools-for-stm32.12.3.rel1.macos64_1.1.0.202410301201/tools/bin/../lib/gcc/arm-none-eabi/12.3.1/../../../../arm-none-eabi/lib/thumb/v7e-m+fp/hard/libc_nano.a(libc_a-findfp.o)
 .text.stdio_exit_handler
                0x08003d6c       0x18 /Applications/STM32CubeIDE.app/Contents/Eclipse/plugins/com.st.stm32cube.ide.mcu.externaltools.gnu-tools-for-stm32.12.3.rel1.macos64_1.1.0.202410301201/tools/bin/../lib/gcc/arm-none-eabi/12.3.1/../../../../arm-none-eabi/lib/thumb/v7e-m+fp/hard/libc_nano.a(libc_a-findfp.o)
 .text.cleanup_stdio
                0x08003d84       0x40 /Applications/STM32CubeIDE.app/Contents/Eclipse/plugins/com.st.stm32cube.ide.mcu.externaltools.gnu-tools-for-stm32.12.3.rel1.macos64_1.1.0.202410301201/tools/bin/../lib/gcc/arm-none-eabi/12.3.1/../../../../arm-none-eabi/lib/thumb/v7e-m+fp/hard/libc_nano.a(libc_a-findfp.o)
 .text.global_stdio_init.part.0
                0x08003dc4       0x3c /Applications/STM32CubeIDE.app/Contents/Eclipse/plugins/com.st.stm32cube.ide.mcu.externaltools.gnu-tools-for-stm32.12.3.rel1.macos64_1.1.0.202410301201/tools/bin/../lib/gcc/arm-none-eabi/12.3.1/../../../../arm-none-eabi/lib/thumb/v7e-m+fp/hard/libc_nano.a(libc_a-findfp.o)
 .text.__sfp_lock_acquire
                0x08003e00        0xc /Applications/STM32CubeIDE.app/Contents/Eclipse/plugins/com.st.stm32cube.ide.mcu.externaltools.gnu-tools-for-stm32.12.3.rel1.macos64_1.1.0.202410301201/tools/bin/../lib/gcc/arm-none-eabi/12.3.1/../../../../arm-none-eabi/lib/thumb/v7e-m+fp/hard/libc_nano.a(libc_a-findfp.o)
                0x08003e00                __sfp_lock_acquire
 .text.__sfp_lock_release
                0x08003e0c        0xc /Applications/STM32CubeIDE.app/Contents/Eclipse/plugins/com.st.stm32cube.ide.mcu.externaltools.gnu-tools-for-stm32.12.3.rel1.macos64_1.1.0.202410301201/tools/bin/../lib/gcc/arm-none-eabi/12.3.1/../../../../arm-none-eabi/lib/thumb/v7e-m+fp/hard/libc_nano.a(libc_a-findfp.o)
                0x08003e0c                __sfp_lock_release
 .text.__sinit  0x08003e18       0x30 /Applications/STM32CubeIDE.app/Contents/Eclipse/plugins/com.st.stm32cube.ide.mcu.externaltools.gnu-tools-for-stm32.12.3.rel1.macos64_1.1.0.202410301201/tools/bin/../lib/gcc/arm-none-eabi/12.3.1/../../../../arm-none-eabi/lib/thumb/v7e-m+fp/hard/libc_nano.a(libc_a-findfp.o)
                0x08003e18                __sinit
 .text._fwalk_sglue
                0x08003e48       0x3c /Applications/STM32CubeIDE.app/Contents/Eclipse/plugins/com.st.stm32cube.ide.mcu.externaltools.gnu-tools-for-stm32.12.3.rel1.macos64_1.1.0.202410301201/tools/bin/../lib/gcc/arm-none-eabi/12.3.1/../../../../arm-none-eabi/lib/thumb/v7e-m+fp/hard/libc_nano.a(libc_a-fwalk.o)
                0x08003e48                _fwalk_sglue
 .text.printf   0x08003e84       0x24 /Applications/STM32CubeIDE.app/Contents/Eclipse/plugins/com.st.stm32cube.ide.mcu.externaltools.gnu-tools-for-stm32.12.3.rel1.macos64_1.1.0.202410301201/tools/bin/../lib/gcc/arm-none-eabi/12.3.1/../../../../arm-none-eabi/lib/thumb/v7e-m+fp/hard/libc_nano.a(libc_a-printf.o)
                0x08003e84                printf
                0x08003e84                iprintf
 .text._puts_r  0x08003ea8       0xaa /Applications/STM32CubeIDE.app/Contents/Eclipse/plugins/com.st.stm32cube.ide.mcu.externaltools.gnu-tools-for-stm32.12.3.rel1.macos64_1.1.0.202410301201/tools/bin/../lib/gcc/arm-none-eabi/12.3.1/../../../../arm-none-eabi/lib/thumb/v7e-m+fp/hard/libc_nano.a(libc_a-puts.o)
                0x08003ea8                _puts_r
 *fill*         0x08003f52        0x2 
 .text.puts     0x08003f54       0x10 /Applications/STM32CubeIDE.app/Contents/Eclipse/plugins/com.st.stm32cube.ide.mcu.externaltools.gnu-tools-for-stm32.12.3.rel1.macos64_1.1.0.202410301201/tools/bin/../lib/gcc/arm-none-eabi/12.3.1/../../../../arm-none-eabi/lib/thumb/v7e-m+fp/hard/libc_nano.a(libc_a-puts.o)
                0x08003f54                puts
 .text.memset   0x08003f64       0x10 /Applications/STM32CubeIDE.app/Contents/Eclipse/plugins/com.st.stm32cube.ide.mcu.externaltools.gnu-tools-for-stm32.12.3.rel1.macos64_1.1.0.202410301201/tools/bin/../lib/gcc/arm-none-eabi/12.3.1/../../../../arm-none-eabi/lib/thumb/v7e-m+fp/hard/libc_nano.a(libc_a-memset.o)
                0x08003f64                memset
 .text._sbrk_r  0x08003f74       0x20 /Applications/STM32CubeIDE.app/Contents/Eclipse/plugins/com.st.stm32cube.ide.mcu.externaltools.gnu-tools-for-stm32.12.3.rel1.macos64_1.1.0.202410301201/tools/bin/../lib/gcc/arm-none-eabi/12.3.1/../../../../arm-none-eabi/lib/thumb/v7e-m+fp/hard/libc_nano.a(libc_a-sbrkr.o)
                0x08003f74                _sbrk_r
 .text.__errno  0x08003f94        0xc /Applications/STM32CubeIDE.app/Contents/Eclipse/plugins/com.st.stm32cube.ide.mcu.externaltools.gnu-tools-for-stm32.12.3.rel1.macos64_1.1.0.202410301201/tools/bin/../lib/gcc/arm-none-eabi/12.3.1/../../../../arm-none-eabi/lib/thumb/v7e-m+fp/hard/libc_nano.a(libc_a-errno.o)
                0x08003f94                __errno
 .text.__libc_init_array
                0x08003fa0       0x48 /Applications/STM32CubeIDE.app/Contents/Eclipse/plugins/com.st.stm32cube.ide.mcu.externaltools.gnu-tools-for-stm32.12.3.rel1.macos64_1.1.0.202410301201/tools/bin/../lib/gcc/arm-none-eabi/12.3.1/../../../../arm-none-eabi/lib/thumb/v7e-m+fp/hard/libc_nano.a(libc_a-init.o)
                0x08003fa0                __libc_init_array
 .text.__retarget_lock_init_recursive
                0x08003fe8        0x2 /Applications/STM32CubeIDE.app/Contents/Eclipse/plugins/com.st.stm32cube.ide.mcu.externaltools.gnu-tools-for-stm32.12.3.rel1.macos64_1.1.0.202410301201/tools/bin/../lib/gcc/arm-none-eabi/12.3.1/../../../../arm-none-eabi/lib/thumb/v7e-m+fp/hard/libc_nano.a(libc_a-lock.o)
                0x08003fe8                __retarget_lock_init_recursive
 .text.__retarget_lock_acquire_recursive
                0x08003fea        0x2 /Applications/STM32CubeIDE.app/Contents/Eclipse/plugins/com.st.stm32cube.ide.mcu.externaltools.gnu-tools-for-stm32.12.3.rel1.macos64_1.1.0.202410301201/tools/bin/../lib/gcc/arm-none-eabi/12.3.1/../../../../arm-none-eabi/lib/thumb/v7e-m+fp/hard/libc_nano.a(libc_a-lock.o)
                0x08003fea                __retarget_lock_acquire_recursive
 .text.__retarget_lock_release_recursive
                0x08003fec        0x2 /Applications/STM32CubeIDE.app/Contents/Eclipse/plugins/com.st.stm32cube.ide.mcu.externaltools.gnu-tools-for-stm32.12.3.rel1.macos64_1.1.0.202410301201/tools/bin/../lib/gcc/arm-none-eabi/12.3.1/../../../../arm-none-eabi/lib/thumb/v7e-m+fp/hard/libc_nano.a(libc_a-lock.o)
                0x08003fec                __retarget_lock_release_recursive
 .text.memcpy   0x08003fee       0x1c /Applications/STM32CubeIDE.app/Contents/Eclipse/plugins/com.st.stm32cube.ide.mcu.externaltools.gnu-tools-for-stm32.12.3.rel1.macos64_1.1.0.202410301201/tools/bin/../lib/gcc/arm-none-eabi/12.3.1/../../../../arm-none-eabi/lib/thumb/v7e-m+fp/hard/libc_nano.a(libc_a-memcpy-stub.o)
                0x08003fee                memcpy
 *fill*         0x0800400a        0x2 
 .text._free_r  0x0800400c       0x94 /Applications/STM32CubeIDE.app/Contents/Eclipse/plugins/com.st.stm32cube.ide.mcu.externaltools.gnu-tools-for-stm32.12.3.rel1.macos64_1.1.0.202410301201/tools/bin/../lib/gcc/arm-none-eabi/12.3.1/../../../../arm-none-eabi/lib/thumb/v7e-m+fp/hard/libc_nano.a(libc_a-freer.o)
                0x0800400c                _free_r
 .text.__sfputc_r
                0x080040a0       0x2e /Applications/STM32CubeIDE.app/Contents/Eclipse/plugins/com.st.stm32cube.ide.mcu.externaltools.gnu-tools-for-stm32.12.3.rel1.macos64_1.1.0.202410301201/tools/bin/../lib/gcc/arm-none-eabi/12.3.1/../../../../arm-none-eabi/lib/thumb/v7e-m+fp/hard/libc_nano.a(libc_a-nano-vfprintf.o)
 .text.__sfputs_r
                0x080040ce       0x24 /Applications/STM32CubeIDE.app/Contents/Eclipse/plugins/com.st.stm32cube.ide.mcu.externaltools.gnu-tools-for-stm32.12.3.rel1.macos64_1.1.0.202410301201/tools/bin/../lib/gcc/arm-none-eabi/12.3.1/../../../../arm-none-eabi/lib/thumb/v7e-m+fp/hard/libc_nano.a(libc_a-nano-vfprintf.o)
                0x080040ce                __sfputs_r
 *fill*         0x080040f2        0x2 
 .text._vfprintf_r
                0x080040f4      0x230 /Applications/STM32CubeIDE.app/Contents/Eclipse/plugins/com.st.stm32cube.ide.mcu.externaltools.gnu-tools-for-stm32.12.3.rel1.macos64_1.1.0.202410301201/tools/bin/../lib/gcc/arm-none-eabi/12.3.1/../../../../arm-none-eabi/lib/thumb/v7e-m+fp/hard/libc_nano.a(libc_a-nano-vfprintf.o)
                0x080040f4                _vfiprintf_r
                0x080040f4                _vfprintf_r
 .text._printf_common
                0x08004324       0xda /Applications/STM32CubeIDE.app/Contents/Eclipse/plugins/com.st.stm32cube.ide.mcu.externaltools.gnu-tools-for-stm32.12.3.rel1.macos64_1.1.0.202410301201/tools/bin/../lib/gcc/arm-none-eabi/12.3.1/../../../../arm-none-eabi/lib/thumb/v7e-m+fp/hard/libc_nano.a(libc_a-nano-vfprintf_i.o)
                0x08004324                _printf_common
 *fill*         0x080043fe        0x2 
 .text._printf_i
                0x08004400      0x240 /Applications/STM32CubeIDE.app/Contents/Eclipse/plugins/com.st.stm32cube.ide.mcu.externaltools.gnu-tools-for-stm32.12.3.rel1.macos64_1.1.0.202410301201/tools/bin/../lib/gcc/arm-none-eabi/12.3.1/../../../../arm-none-eabi/lib/thumb/v7e-m+fp/hard/libc_nano.a(libc_a-nano-vfprintf_i.o)
                0x08004400                _printf_i
 .text.__sflush_r
                0x08004640      0x108 /Applications/STM32CubeIDE.app/Contents/Eclipse/plugins/com.st.stm32cube.ide.mcu.externaltools.gnu-tools-for-stm32.12.3.rel1.macos64_1.1.0.202410301201/tools/bin/../lib/gcc/arm-none-eabi/12.3.1/../../../../arm-none-eabi/lib/thumb/v7e-m+fp/hard/libc_nano.a(libc_a-fflush.o)
                0x08004640                __sflush_r
 .text._fflush_r
                0x08004748       0x50 /Applications/STM32CubeIDE.app/Contents/Eclipse/plugins/com.st.stm32cube.ide.mcu.externaltools.gnu-tools-for-stm32.12.3.rel1.macos64_1.1.0.202410301201/tools/bin/../lib/gcc/arm-none-eabi/12.3.1/../../../../arm-none-eabi/lib/thumb/v7e-m+fp/hard/libc_nano.a(libc_a-fflush.o)
                0x08004748                _fflush_r
 .text.__sread  0x08004798       0x22 /Applications/STM32CubeIDE.app/Contents/Eclipse/plugins/com.st.stm32cube.ide.mcu.externaltools.gnu-tools-for-stm32.12.3.rel1.macos64_1.1.0.202410301201/tools/bin/../lib/gcc/arm-none-eabi/12.3.1/../../../../arm-none-eabi/lib/thumb/v7e-m+fp/hard/libc_nano.a(libc_a-stdio.o)
                0x08004798                __sread
 .text.__swrite
                0x080047ba       0x38 /Applications/STM32CubeIDE.app/Contents/Eclipse/plugins/com.st.stm32cube.ide.mcu.externaltools.gnu-tools-for-stm32.12.3.rel1.macos64_1.1.0.202410301201/tools/bin/../lib/gcc/arm-none-eabi/12.3.1/../../../../arm-none-eabi/lib/thumb/v7e-m+fp/hard/libc_nano.a(libc_a-stdio.o)
                0x080047ba                __swrite
 .text.__sseek  0x080047f2       0x24 /Applications/STM32CubeIDE.app/Contents/Eclipse/plugins/com.st.stm32cube.ide.mcu.externaltools.gnu-tools-for-stm32.12.3.rel1.macos64_1.1.0.202410301201/tools/bin/../lib/gcc/arm-none-eabi/12.3.1/../../../../arm-none-eabi/lib/thumb/v7e-m+fp/hard/libc_nano.a(libc_a-stdio.o)
                0x080047f2                __sseek
 .text.__sclose
                0x08004816        0x8 /Applications/STM32CubeIDE.app/Contents/Eclipse/plugins/com.st.stm32cube.ide.mcu.externaltools.gnu-tools-for-stm32.12.3.rel1.macos64_1.1.0.202410301201/tools/bin/../lib/gcc/arm-none-eabi/12.3.1/../../../../arm-none-eabi/lib/thumb/v7e-m+fp/hard/libc_nano.a(libc_a-stdio.o)
                0x08004816                __sclose
 .text.__swbuf_r
                0x0800481e       0x7c /Applications/STM32CubeIDE.app/Contents/Eclipse/plugins/com.st.stm32cube.ide.mcu.externaltools.gnu-tools-for-stm32.12.3.rel1.macos64_1.1.0.202410301201/tools/bin/../lib/gcc/arm-none-eabi/12.3.1/../../../../arm-none-eabi/lib/thumb/v7e-m+fp/hard/libc_nano.a(libc_a-wbuf.o)
                0x0800481e                __swbuf_r
 *fill*         0x0800489a        0x2 
 .text.__swsetup_r
                0x0800489c       0xac /Applications/STM32CubeIDE.app/Contents/Eclipse/plugins/com.st.stm32cube.ide.mcu.externaltools.gnu-tools-for-stm32.12.3.rel1.macos64_1.1.0.202410301201/tools/bin/../lib/gcc/arm-none-eabi/12.3.1/../../../../arm-none-eabi/lib/thumb/v7e-m+fp/hard/libc_nano.a(libc_a-wsetup.o)
                0x0800489c                __swsetup_r
 .text.__swhatbuf_r
                0x08004948       0x4c /Applications/STM32CubeIDE.app/Contents/Eclipse/plugins/com.st.stm32cube.ide.mcu.externaltools.gnu-tools-for-stm32.12.3.rel1.macos64_1.1.0.202410301201/tools/bin/../lib/gcc/arm-none-eabi/12.3.1/../../../../arm-none-eabi/lib/thumb/v7e-m+fp/hard/libc_nano.a(libc_a-makebuf.o)
                0x08004948                __swhatbuf_r
 .text.__smakebuf_r
                0x08004994       0x78 /Applications/STM32CubeIDE.app/Contents/Eclipse/plugins/com.st.stm32cube.ide.mcu.externaltools.gnu-tools-for-stm32.12.3.rel1.macos64_1.1.0.202410301201/tools/bin/../lib/gcc/arm-none-eabi/12.3.1/../../../../arm-none-eabi/lib/thumb/v7e-m+fp/hard/libc_nano.a(libc_a-makebuf.o)
                0x08004994                __smakebuf_r
 .text._close_r
                0x08004a0c       0x20 /Applications/STM32CubeIDE.app/Contents/Eclipse/plugins/com.st.stm32cube.ide.mcu.externaltools.gnu-tools-for-stm32.12.3.rel1.macos64_1.1.0.202410301201/tools/bin/../lib/gcc/arm-none-eabi/12.3.1/../../../../arm-none-eabi/lib/thumb/v7e-m+fp/hard/libc_nano.a(libc_a-closer.o)
                0x08004a0c                _close_r
 .text._fstat_r
                0x08004a2c       0x24 /Applications/STM32CubeIDE.app/Contents/Eclipse/plugins/com.st.stm32cube.ide.mcu.externaltools.gnu-tools-for-stm32.12.3.rel1.macos64_1.1.0.202410301201/tools/bin/../lib/gcc/arm-none-eabi/12.3.1/../../../../arm-none-eabi/lib/thumb/v7e-m+fp/hard/libc_nano.a(libc_a-fstatr.o)
                0x08004a2c                _fstat_r
 .text._isatty_r
                0x08004a50       0x20 /Applications/STM32CubeIDE.app/Contents/Eclipse/plugins/com.st.stm32cube.ide.mcu.externaltools.gnu-tools-for-stm32.12.3.rel1.macos64_1.1.0.202410301201/tools/bin/../lib/gcc/arm-none-eabi/12.3.1/../../../../arm-none-eabi/lib/thumb/v7e-m+fp/hard/libc_nano.a(libc_a-isattyr.o)
                0x08004a50                _isatty_r
 .text._lseek_r
                0x08004a70       0x24 /Applications/STM32CubeIDE.app/Contents/Eclipse/plugins/com.st.stm32cube.ide.mcu.externaltools.gnu-tools-for-stm32.12.3.rel1.macos64_1.1.0.202410301201/tools/bin/../lib/gcc/arm-none-eabi/12.3.1/../../../../arm-none-eabi/lib/thumb/v7e-m+fp/hard/libc_nano.a(libc_a-lseekr.o)
                0x08004a70                _lseek_r
 .text._read_r  0x08004a94       0x24 /Applications/STM32CubeIDE.app/Contents/Eclipse/plugins/com.st.stm32cube.ide.mcu.externaltools.gnu-tools-for-stm32.12.3.rel1.macos64_1.1.0.202410301201/tools/bin/../lib/gcc/arm-none-eabi/12.3.1/../../../../arm-none-eabi/lib/thumb/v7e-m+fp/hard/libc_nano.a(libc_a-readr.o)
                0x08004a94                _read_r
 .text._write_r
                0x08004ab8       0x24 /Applications/STM32CubeIDE.app/Contents/Eclipse/plugins/com.st.stm32cube.ide.mcu.externaltools.gnu-tools-for-stm32.12.3.rel1.macos64_1.1.0.202410301201/tools/bin/../lib/gcc/arm-none-eabi/12.3.1/../../../../arm-none-eabi/lib/thumb/v7e-m+fp/hard/libc_nano.a(libc_a-writer.o)
                0x08004ab8                _write_r
 *(.glue_7)
 .glue_7        0x08004adc        0x0 linker stubs
 *(.glue_7t)
 .glue_7t       0x08004adc        0x0 linker stubs
 *(.eh_frame)
 .eh_frame      0x08004adc        0x0 /Applications/STM32CubeIDE.app/Contents/Eclipse/plugins/com.st.stm32cube.ide.mcu.externaltools.gnu-tools-for-stm32.12.3.rel1.macos64_1.1.0.202410301201/tools/bin/../lib/gcc/arm-none-eabi/12.3.1/thumb/v7e-m+fp/hard/crtbegin.o
 *(.init)
 .init          0x08004adc        0x4 /Applications/STM32CubeIDE.app/Contents/Eclipse/plugins/com.st.stm32cube.ide.mcu.externaltools.gnu-tools-for-stm32.12.3.rel1.macos64_1.1.0.202410301201/tools/bin/../lib/gcc/arm-none-eabi/12.3.1/thumb/v7e-m+fp/hard/crti.o
                0x08004adc                _init
 .init          0x08004ae0        0x8 /Applications/STM32CubeIDE.app/Contents/Eclipse/plugins/com.st.stm32cube.ide.mcu.externaltools.gnu-tools-for-stm32.12.3.rel1.macos64_1.1.0.202410301201/tools/bin/../lib/gcc/arm-none-eabi/12.3.1/thumb/v7e-m+fp/hard/crtn.o
 *(.fini)
 .fini          0x08004ae8        0x4 /Applications/STM32CubeIDE.app/Contents/Eclipse/plugins/com.st.stm32cube.ide.mcu.externaltools.gnu-tools-for-stm32.12.3.rel1.macos64_1.1.0.202410301201/tools/bin/../lib/gcc/arm-none-eabi/12.3.1/thumb/v7e-m+fp/hard/crti.o
                0x08004ae8                _fini
 .fini          0x08004aec        0x8 /Applications/STM32CubeIDE.app/Contents/Eclipse/plugins/com.st.stm32cube.ide.mcu.externaltools.gnu-tools-for-stm32.12.3.rel1.macos64_1.1.0.202410301201/tools/bin/../lib/gcc/arm-none-eabi/12.3.1/thumb/v7e-m+fp/hard/crtn.o
                0x08004af4                        . = ALIGN (0x4)
                0x08004af4                        _etext = .

.vfp11_veneer   0x08004af4        0x0
 .vfp11_veneer  0x08004af4        0x0 linker stubs

.v4_bx          0x08004af4        0x0
 .v4_bx         0x08004af4        0x0 linker stubs

.iplt           0x08004af4        0x0
 .iplt          0x08004af4        0x0 /Applications/STM32CubeIDE.app/Contents/Eclipse/plugins/com.st.stm32cube.ide.mcu.externaltools.gnu-tools-for-stm32.12.3.rel1.macos64_1.1.0.202410301201/tools/bin/../lib/gcc/arm-none-eabi/12.3.1/thumb/v7e-m+fp/hard/crtbegin.o

.rodata         0x08004af4       0x9c
                0x08004af4                        . = ALIGN (0x4)
 *(.rodata)
 .rodata        0x08004af4        0xd ./Core/Src/ble.o
 *fill*         0x08004b01        0x3 
 .rodata        0x08004b04       0x18 ./Core/Src/main.o
 *(.rodata*)
 .rodata.AHBPrescTable
                0x08004b1c       0x10 ./Core/Src/system_stm32l4xx.o
                0x08004b1c                AHBPrescTable
 .rodata.MSIRangeTable
                0x08004b2c       0x30 ./Core/Src/system_stm32l4xx.o
                0x08004b2c                MSIRangeTable
 .rodata._vfprintf_r.str1.1
                0x08004b5c       0x11 /Applications/STM32CubeIDE.app/Contents/Eclipse/plugins/com.st.stm32cube.ide.mcu.externaltools.gnu-tools-for-stm32.12.3.rel1.macos64_1.1.0.202410301201/tools/bin/../lib/gcc/arm-none-eabi/12.3.1/../../../../arm-none-eabi/lib/thumb/v7e-m+fp/hard/libc_nano.a(libc_a-nano-vfprintf.o)
 .rodata._printf_i.str1.1
                0x08004b6d       0x22 /Applications/STM32CubeIDE.app/Contents/Eclipse/plugins/com.st.stm32cube.ide.mcu.externaltools.gnu-tools-for-stm32.12.3.rel1.macos64_1.1.0.202410301201/tools/bin/../lib/gcc/arm-none-eabi/12.3.1/../../../../arm-none-eabi/lib/thumb/v7e-m+fp/hard/libc_nano.a(libc_a-nano-vfprintf_i.o)
                0x08004b90                        . = ALIGN (0x4)
 *fill*         0x08004b8f        0x1 

.ARM.extab      0x08004b90        0x0
                0x08004b90                        . = ALIGN (0x4)
 *(.ARM.extab* .gnu.linkonce.armextab.*)
                0x08004b90                        . = ALIGN (0x4)

.ARM            0x08004b90        0x8
                0x08004b90                        . = ALIGN (0x4)
                0x08004b90                        __exidx_start = .
 *(.ARM.exidx*)
 .ARM.exidx     0x08004b90        0x8 /Applications/STM32CubeIDE.app/Contents/Eclipse/plugins/com.st.stm32cube.ide.mcu.externaltools.gnu-tools-for-stm32.12.3.rel1.macos64_1.1.0.202410301201/tools/bin/../lib/gcc/arm-none-eabi/12.3.1/../../../../arm-none-eabi/lib/thumb/v7e-m+fp/hard/libc_nano.a(libc_a-memchr.o)
                0x08004b98                        __exidx_end = .
                0x08004b98                        . = ALIGN (0x4)

.rel.dyn        0x08004b98        0x0
 .rel.iplt      0x08004b98        0x0 /Applications/STM32CubeIDE.app/Contents/Eclipse/plugins/com.st.stm32cube.ide.mcu.externaltools.gnu-tools-for-stm32.12.3.rel1.macos64_1.1.0.202410301201/tools/bin/../lib/gcc/arm-none-eabi/12.3.1/thumb/v7e-m+fp/hard/crtbegin.o

.preinit_array  0x08004b98        0x0
                0x08004b98                        . = ALIGN (0x4)
                0x08004b98                        PROVIDE (__preinit_array_start = .)
 *(.preinit_array*)
                0x08004b98                        PROVIDE (__preinit_array_end = .)
                0x08004b98                        . = ALIGN (0x4)

.init_array     0x08004b98        0x4
                0x08004b98                        . = ALIGN (0x4)
                0x08004b98                        PROVIDE (__init_array_start = .)
 *(SORT_BY_NAME(.init_array.*))
 *(.init_array*)
 .init_array    0x08004b98        0x4 /Applications/STM32CubeIDE.app/Contents/Eclipse/plugins/com.st.stm32cube.ide.mcu.externaltools.gnu-tools-for-stm32.12.3.rel1.macos64_1.1.0.202410301201/tools/bin/../lib/gcc/arm-none-eabi/12.3.1/thumb/v7e-m+fp/hard/crtbegin.o
                0x08004b9c                        PROVIDE (__init_array_end = .)
                0x08004b9c                        . = ALIGN (0x4)

.fini_array     0x08004b9c        0x4
                0x08004b9c                        . = ALIGN (0x4)
                [!provide]                        PROVIDE (__fini_array_start = .)
 *(SORT_BY_NAME(.fini_array.*))
 *(.fini_array*)
 .fini_array    0x08004b9c        0x4 /Applications/STM32CubeIDE.app/Contents/Eclipse/plugins/com.st.stm32cube.ide.mcu.externaltools.gnu-tools-for-stm32.12.3.rel1.macos64_1.1.0.202410301201/tools/bin/../lib/gcc/arm-none-eabi/12.3.1/thumb/v7e-m+fp/hard/crtbegin.o
                [!provide]                        PROVIDE (__fini_array_end = .)
                0x08004ba0                        . = ALIGN (0x4)
                0x08004ba0                        _sidata = LOADADDR (.data)

.data           0x20000000      0x1a0 load address 0x08004ba0
                0x20000000                        . = ALIGN (0x4)
                0x20000000                        _sdata = .
 *(.data)
 *(.data*)
 .data.EVENT_STATUP_DATA
                0x20000000        0x6 ./Core/Src/ble.o
                0x20000000                EVENT_STATUP_DATA
 *fill*         0x20000006        0x2 
 .data.ACI_GATT_INIT
                0x20000008        0x4 ./Core/Src/ble.o
                0x20000008                ACI_GATT_INIT
 .data.ACI_GATT_INIT_COMPLETE
                0x2000000c        0x7 ./Core/Src/ble.o
                0x2000000c                ACI_GATT_INIT_COMPLETE
 *fill*         0x20000013        0x1 
 .data.ACI_GAP_INIT
                0x20000014        0x7 ./Core/Src/ble.o
                0x20000014                ACI_GAP_INIT
 *fill*         0x2000001b        0x1 
 .data.ACI_GAP_INIT_COMPLETE
                0x2000001c        0x7 ./Core/Src/ble.o
                0x2000001c                ACI_GAP_INIT_COMPLETE
 *fill*         0x20000023        0x1 
 .data.ACI_GAP_SET_AUTH
                0x20000024       0x10 ./Core/Src/ble.o
                0x20000024                ACI_GAP_SET_AUTH
 .data.ACI_GAP_SET_AUTH_RESP
                0x20000034        0x7 ./Core/Src/ble.o
                0x20000034                ACI_GAP_SET_AUTH_RESP
 *fill*         0x2000003b        0x1 
 .data.ACI_HAL_SET_TX_POWER_LEVEL
                0x2000003c        0x6 ./Core/Src/ble.o
                0x2000003c                ACI_HAL_SET_TX_POWER_LEVEL
 *fill*         0x20000042        0x2 
 .data.ACI_HAL_SET_TX_POWER_LEVEL_COMPLETE
                0x20000044        0x7 ./Core/Src/ble.o
                0x20000044                ACI_HAL_SET_TX_POWER_LEVEL_COMPLETE
 *fill*         0x2000004b        0x1 
 .data.HCI_LE_SET_SCAN_RESPONSE_DATA
                0x2000004c       0x24 ./Core/Src/ble.o
                0x2000004c                HCI_LE_SET_SCAN_RESPONSE_DATA
 .data.HCI_LE_SET_SCAN_RESPONSE_DATA_COMPLETE
                0x20000070        0x7 ./Core/Src/ble.o
                0x20000070                HCI_LE_SET_SCAN_RESPONSE_DATA_COMPLETE
 *fill*         0x20000077        0x1 
 .data.ACI_GAP_SET_DISCOVERABLE
                0x20000078        0xd ./Core/Src/ble.o
                0x20000078                ACI_GAP_SET_DISCOVERABLE
 *fill*         0x20000085        0x3 
 .data.ACI_GAP_SET_DISCOVERABLE_COMPLETE
                0x20000088        0x7 ./Core/Src/ble.o
                0x20000088                ACI_GAP_SET_DISCOVERABLE_COMPLETE
 *fill*         0x2000008f        0x1 
 .data.ADD_PRIMARY_SERVICE
                0x20000090       0x17 ./Core/Src/ble.o
                0x20000090                ADD_PRIMARY_SERVICE
 *fill*         0x200000a7        0x1 
 .data.ADD_PRIMARY_SERVICE_COMPLETE
                0x200000a8        0x7 ./Core/Src/ble.o
                0x200000a8                ADD_PRIMARY_SERVICE_COMPLETE
 *fill*         0x200000af        0x1 
 .data.ADD_CUSTOM_CHAR
                0x200000b0       0x1e ./Core/Src/ble.o
                0x200000b0                ADD_CUSTOM_CHAR
 *fill*         0x200000ce        0x2 
 .data.ADD_CUSTOM_CHAR_COMPLETE
                0x200000d0        0x7 ./Core/Src/ble.o
                0x200000d0                ADD_CUSTOM_CHAR_COMPLETE
 *fill*         0x200000d7        0x1 
 .data.UPDATE_CHAR
                0x200000d8        0xf ./Core/Src/ble.o
                0x200000d8                UPDATE_CHAR
 *fill*         0x200000e7        0x1 
 .data.EVENT_DISCONNECTED
                0x200000e8        0x4 ./Core/Src/ble.o
                0x200000e8                EVENT_DISCONNECTED
 .data.EVENT_CONNECTED
                0x200000ec        0x5 ./Core/Src/ble.o
                0x200000ec                EVENT_CONNECTED
 *fill*         0x200000f1        0x3 
 .data.deviceName
                0x200000f4        0x7 ./Core/Src/ble.o
                0x200000f4                deviceName
 *fill*         0x200000fb        0x1 
 .data.UUID_NORDIC_UART_SERVICE
                0x200000fc       0x10 ./Core/Src/ble.o
                0x200000fc                UUID_NORDIC_UART_SERVICE
 .data.UUID_CHAR_WRITE
                0x2000010c       0x10 ./Core/Src/ble.o
                0x2000010c                UUID_CHAR_WRITE
 .data.UUID_CHAR_READ
                0x2000011c       0x10 ./Core/Src/ble.o
                0x2000011c                UUID_CHAR_READ
 .data.connectionHandler
                0x2000012c        0x4 ./Core/Src/ble.o
                0x2000012c                connectionHandler
 .data.threshold
                0x20000130        0x4 ./Core/Src/main.o
                0x20000130                threshold
 .data.numMinutes
                0x20000134        0x1 ./Core/Src/main.o
                0x20000134                numMinutes
 *fill*         0x20000135        0x3 
 .data.SystemCoreClock
                0x20000138        0x4 ./Core/Src/system_stm32l4xx.o
                0x20000138                SystemCoreClock
 .data.uwTickPrio
                0x2000013c        0x4 ./Drivers/STM32L4xx_HAL_Driver/Src/stm32l4xx_hal.o
                0x2000013c                uwTickPrio
 .data.uwTickFreq
                0x20000140        0x1 ./Drivers/STM32L4xx_HAL_Driver/Src/stm32l4xx_hal.o
                0x20000140                uwTickFreq
 *fill*         0x20000141        0x3 
 .data.__sglue  0x20000144        0xc /Applications/STM32CubeIDE.app/Contents/Eclipse/plugins/com.st.stm32cube.ide.mcu.externaltools.gnu-tools-for-stm32.12.3.rel1.macos64_1.1.0.202410301201/tools/bin/../lib/gcc/arm-none-eabi/12.3.1/../../../../arm-none-eabi/lib/thumb/v7e-m+fp/hard/libc_nano.a(libc_a-findfp.o)
                0x20000144                __sglue
 .data._impure_ptr
                0x20000150        0x4 /Applications/STM32CubeIDE.app/Contents/Eclipse/plugins/com.st.stm32cube.ide.mcu.externaltools.gnu-tools-for-stm32.12.3.rel1.macos64_1.1.0.202410301201/tools/bin/../lib/gcc/arm-none-eabi/12.3.1/../../../../arm-none-eabi/lib/thumb/v7e-m+fp/hard/libc_nano.a(libc_a-impure.o)
                0x20000150                _impure_ptr
 .data._impure_data
                0x20000154       0x4c /Applications/STM32CubeIDE.app/Contents/Eclipse/plugins/com.st.stm32cube.ide.mcu.externaltools.gnu-tools-for-stm32.12.3.rel1.macos64_1.1.0.202410301201/tools/bin/../lib/gcc/arm-none-eabi/12.3.1/../../../../arm-none-eabi/lib/thumb/v7e-m+fp/hard/libc_nano.a(libc_a-impure.o)
                0x20000154                _impure_data
 *(.RamFunc)
 *(.RamFunc*)
                0x200001a0                        . = ALIGN (0x4)
                0x200001a0                        _edata = .

.igot.plt       0x200001a0        0x0 load address 0x08004d40
 .igot.plt      0x200001a0        0x0 /Applications/STM32CubeIDE.app/Contents/Eclipse/plugins/com.st.stm32cube.ide.mcu.externaltools.gnu-tools-for-stm32.12.3.rel1.macos64_1.1.0.202410301201/tools/bin/../lib/gcc/arm-none-eabi/12.3.1/thumb/v7e-m+fp/hard/crtbegin.o
                0x200001a0                        . = ALIGN (0x4)

.bss            0x200001a0      0x300 load address 0x08004d40
                0x200001a0                        _sbss = .
                0x200001a0                        __bss_start__ = _sbss
 *(.bss)
 .bss           0x200001a0       0x1c /Applications/STM32CubeIDE.app/Contents/Eclipse/plugins/com.st.stm32cube.ide.mcu.externaltools.gnu-tools-for-stm32.12.3.rel1.macos64_1.1.0.202410301201/tools/bin/../lib/gcc/arm-none-eabi/12.3.1/thumb/v7e-m+fp/hard/crtbegin.o
 *(.bss*)
 .bss.GAP_SERVICE_HANDLE
                0x200001bc        0x2 ./Core/Src/ble.o
                0x200001bc                GAP_SERVICE_HANDLE
 *fill*         0x200001be        0x2 
 .bss.GAP_CHAR_NAME_HANDLE
                0x200001c0        0x2 ./Core/Src/ble.o
                0x200001c0                GAP_CHAR_NAME_HANDLE
 *fill*         0x200001c2        0x2 
 .bss.GAP_CHAR_APP_HANDLE
                0x200001c4        0x2 ./Core/Src/ble.o
                0x200001c4                GAP_CHAR_APP_HANDLE
 *fill*         0x200001c6        0x2 
 .bss.buffer    0x200001c8       0xff ./Core/Src/ble.o
                0x200001c8                buffer
 *fill*         0x200002c7        0x1 
 .bss.NORDIC_UART_SERVICE_HANDLE
                0x200002c8        0x2 ./Core/Src/ble.o
                0x200002c8                NORDIC_UART_SERVICE_HANDLE
 *fill*         0x200002ca        0x2 
 .bss.WRITE_CHAR_HANDLE
                0x200002cc        0x2 ./Core/Src/ble.o
                0x200002cc                WRITE_CHAR_HANDLE
 *fill*         0x200002ce        0x2 
 .bss.READ_CHAR_HANDLE
                0x200002d0        0x2 ./Core/Src/ble.o
                0x200002d0                READ_CHAR_HANDLE
 .bss.stackInitCompleteFlag
                0x200002d2        0x2 ./Core/Src/ble.o
                0x200002d2                stackInitCompleteFlag
 .bss.rxEvent   0x200002d4        0x4 ./Core/Src/ble.o
                0x200002d4                rxEvent
 .bss.counterup
                0x200002d8        0x4 ./Core/Src/main.o
                0x200002d8                counterup
 .bss.startTimer
                0x200002dc        0x4 ./Core/Src/main.o
                0x200002dc                startTimer
 .bss.sendFlag  0x200002e0        0x1 ./Core/Src/main.o
                0x200002e0                sendFlag
 *fill*         0x200002e1        0x3 
 .bss.dataAvailable
                0x200002e4        0x4 ./Core/Src/main.o
                0x200002e4                dataAvailable
 .bss.hspi3     0x200002e8       0x64 ./Core/Src/main.o
                0x200002e8                hspi3
 .bss.heap_end.0
                0x2000034c        0x4 ./Core/Src/syscalls.o
 .bss.uwTick    0x20000350        0x4 ./Drivers/STM32L4xx_HAL_Driver/Src/stm32l4xx_hal.o
                0x20000350                uwTick
 .bss.__malloc_sbrk_start
                0x20000354        0x4 /Applications/STM32CubeIDE.app/Contents/Eclipse/plugins/com.st.stm32cube.ide.mcu.externaltools.gnu-tools-for-stm32.12.3.rel1.macos64_1.1.0.202410301201/tools/bin/../lib/gcc/arm-none-eabi/12.3.1/../../../../arm-none-eabi/lib/thumb/v7e-m+fp/hard/libc_nano.a(libc_a-mallocr.o)
                0x20000354                __malloc_sbrk_start
 .bss.__malloc_free_list
                0x20000358        0x4 /Applications/STM32CubeIDE.app/Contents/Eclipse/plugins/com.st.stm32cube.ide.mcu.externaltools.gnu-tools-for-stm32.12.3.rel1.macos64_1.1.0.202410301201/tools/bin/../lib/gcc/arm-none-eabi/12.3.1/../../../../arm-none-eabi/lib/thumb/v7e-m+fp/hard/libc_nano.a(libc_a-mallocr.o)
                0x20000358                __malloc_free_list
 .bss.__sf      0x2000035c      0x138 /Applications/STM32CubeIDE.app/Contents/Eclipse/plugins/com.st.stm32cube.ide.mcu.externaltools.gnu-tools-for-stm32.12.3.rel1.macos64_1.1.0.202410301201/tools/bin/../lib/gcc/arm-none-eabi/12.3.1/../../../../arm-none-eabi/lib/thumb/v7e-m+fp/hard/libc_nano.a(libc_a-findfp.o)
                0x2000035c                __sf
 .bss.__stdio_exit_handler
                0x20000494        0x4 /Applications/STM32CubeIDE.app/Contents/Eclipse/plugins/com.st.stm32cube.ide.mcu.externaltools.gnu-tools-for-stm32.12.3.rel1.macos64_1.1.0.202410301201/tools/bin/../lib/gcc/arm-none-eabi/12.3.1/../../../../arm-none-eabi/lib/thumb/v7e-m+fp/hard/libc_nano.a(libc_a-findfp.o)
                0x20000494                __stdio_exit_handler
 .bss.__lock___malloc_recursive_mutex
                0x20000498        0x1 /Applications/STM32CubeIDE.app/Contents/Eclipse/plugins/com.st.stm32cube.ide.mcu.externaltools.gnu-tools-for-stm32.12.3.rel1.macos64_1.1.0.202410301201/tools/bin/../lib/gcc/arm-none-eabi/12.3.1/../../../../arm-none-eabi/lib/thumb/v7e-m+fp/hard/libc_nano.a(libc_a-lock.o)
                0x20000498                __lock___malloc_recursive_mutex
 .bss.__lock___sfp_recursive_mutex
                0x20000499        0x1 /Applications/STM32CubeIDE.app/Contents/Eclipse/plugins/com.st.stm32cube.ide.mcu.externaltools.gnu-tools-for-stm32.12.3.rel1.macos64_1.1.0.202410301201/tools/bin/../lib/gcc/arm-none-eabi/12.3.1/../../../../arm-none-eabi/lib/thumb/v7e-m+fp/hard/libc_nano.a(libc_a-lock.o)
                0x20000499                __lock___sfp_recursive_mutex
 *fill*         0x2000049a        0x2 
 .bss.errno     0x2000049c        0x4 /Applications/STM32CubeIDE.app/Contents/Eclipse/plugins/com.st.stm32cube.ide.mcu.externaltools.gnu-tools-for-stm32.12.3.rel1.macos64_1.1.0.202410301201/tools/bin/../lib/gcc/arm-none-eabi/12.3.1/../../../../arm-none-eabi/lib/thumb/v7e-m+fp/hard/libc_nano.a(libc_a-reent.o)
                0x2000049c                errno
 *(COMMON)
                0x200004a0                        . = ALIGN (0x4)
                0x200004a0                        _ebss = .
                0x200004a0                        __bss_end__ = _ebss

._user_heap_stack
                0x200004a0      0x600 load address 0x08004d40
                0x200004a0                        . = ALIGN (0x8)
                0x200004a0                        PROVIDE (end = .)
                [!provide]                        PROVIDE (_end = .)
                0x200006a0                        . = (. + _Min_Heap_Size)
 *fill*         0x200004a0      0x200 
                0x20000aa0                        . = (. + _Min_Stack_Size)
 *fill*         0x200006a0      0x400 
                0x20000aa0                        . = ALIGN (0x8)

/DISCARD/
 libc.a(*)
 libm.a(*)
 libgcc.a(*)

.ARM.attributes
                0x00000000       0x30
 *(.ARM.attributes)
 .ARM.attributes
                0x00000000       0x22 /Applications/STM32CubeIDE.app/Contents/Eclipse/plugins/com.st.stm32cube.ide.mcu.externaltools.gnu-tools-for-stm32.12.3.rel1.macos64_1.1.0.202410301201/tools/bin/../lib/gcc/arm-none-eabi/12.3.1/thumb/v7e-m+fp/hard/crti.o
 .ARM.attributes
                0x00000022       0x34 /Applications/STM32CubeIDE.app/Contents/Eclipse/plugins/com.st.stm32cube.ide.mcu.externaltools.gnu-tools-for-stm32.12.3.rel1.macos64_1.1.0.202410301201/tools/bin/../lib/gcc/arm-none-eabi/12.3.1/thumb/v7e-m+fp/hard/crtbegin.o
 .ARM.attributes
                0x00000056       0x34 ./Core/Src/ble.o
 .ARM.attributes
                0x0000008a       0x34 ./Core/Src/i2c.o
 .ARM.attributes
                0x000000be       0x34 ./Core/Src/leds.o
 .ARM.attributes
                0x000000f2       0x34 ./Core/Src/lsm6dsl.o
 .ARM.attributes
                0x00000126       0x34 ./Core/Src/main.o
 .ARM.attributes
                0x0000015a       0x34 ./Core/Src/stm32l4xx_hal_msp.o
 .ARM.attributes
                0x0000018e       0x34 ./Core/Src/stm32l4xx_it.o
 .ARM.attributes
                0x000001c2       0x34 ./Core/Src/syscalls.o
 .ARM.attributes
                0x000001f6       0x34 ./Core/Src/system_stm32l4xx.o
 .ARM.attributes
                0x0000022a       0x34 ./Core/Src/timer.o
 .ARM.attributes
                0x0000025e       0x21 ./Core/Startup/startup_stm32l475vgtx.o
 .ARM.attributes
                0x0000027f       0x34 ./Drivers/STM32L4xx_HAL_Driver/Src/stm32l4xx_hal.o
 .ARM.attributes
                0x000002b3       0x34 ./Drivers/STM32L4xx_HAL_Driver/Src/stm32l4xx_hal_cortex.o
 .ARM.attributes
                0x000002e7       0x34 ./Drivers/STM32L4xx_HAL_Driver/Src/stm32l4xx_hal_gpio.o
 .ARM.attributes
                0x0000031b       0x34 ./Drivers/STM32L4xx_HAL_Driver/Src/stm32l4xx_hal_pwr_ex.o
 .ARM.attributes
                0x0000034f       0x34 ./Drivers/STM32L4xx_HAL_Driver/Src/stm32l4xx_hal_rcc.o
 .ARM.attributes
                0x00000383       0x34 ./Drivers/STM32L4xx_HAL_Driver/Src/stm32l4xx_hal_spi.o
 .ARM.attributes
                0x000003b7       0x34 /Applications/STM32CubeIDE.app/Contents/Eclipse/plugins/com.st.stm32cube.ide.mcu.externaltools.gnu-tools-for-stm32.12.3.rel1.macos64_1.1.0.202410301201/tools/bin/../lib/gcc/arm-none-eabi/12.3.1/../../../../arm-none-eabi/lib/thumb/v7e-m+fp/hard/libc_nano.a(libc_a-malloc.o)
 .ARM.attributes
                0x000003eb       0x34 /Applications/STM32CubeIDE.app/Contents/Eclipse/plugins/com.st.stm32cube.ide.mcu.externaltools.gnu-tools-for-stm32.12.3.rel1.macos64_1.1.0.202410301201/tools/bin/../lib/gcc/arm-none-eabi/12.3.1/../../../../arm-none-eabi/lib/thumb/v7e-m+fp/hard/libc_nano.a(libc_a-mallocr.o)
 .ARM.attributes
                0x0000041f       0x34 /Applications/STM32CubeIDE.app/Contents/Eclipse/plugins/com.st.stm32cube.ide.mcu.externaltools.gnu-tools-for-stm32.12.3.rel1.macos64_1.1.0.202410301201/tools/bin/../lib/gcc/arm-none-eabi/12.3.1/../../../../arm-none-eabi/lib/thumb/v7e-m+fp/hard/libc_nano.a(libc_a-mlock.o)
 .ARM.attributes
                0x00000453       0x34 /Applications/STM32CubeIDE.app/Contents/Eclipse/plugins/com.st.stm32cube.ide.mcu.externaltools.gnu-tools-for-stm32.12.3.rel1.macos64_1.1.0.202410301201/tools/bin/../lib/gcc/arm-none-eabi/12.3.1/../../../../arm-none-eabi/lib/thumb/v7e-m+fp/hard/libc_nano.a(libc_a-findfp.o)
 .ARM.attributes
                0x00000487       0x34 /Applications/STM32CubeIDE.app/Contents/Eclipse/plugins/com.st.stm32cube.ide.mcu.externaltools.gnu-tools-for-stm32.12.3.rel1.macos64_1.1.0.202410301201/tools/bin/../lib/gcc/arm-none-eabi/12.3.1/../../../../arm-none-eabi/lib/thumb/v7e-m+fp/hard/libc_nano.a(libc_a-fwalk.o)
 .ARM.attributes
                0x000004bb       0x34 /Applications/STM32CubeIDE.app/Contents/Eclipse/plugins/com.st.stm32cube.ide.mcu.externaltools.gnu-tools-for-stm32.12.3.rel1.macos64_1.1.0.202410301201/tools/bin/../lib/gcc/arm-none-eabi/12.3.1/../../../../arm-none-eabi/lib/thumb/v7e-m+fp/hard/libc_nano.a(libc_a-printf.o)
 .ARM.attributes
                0x000004ef       0x34 /Applications/STM32CubeIDE.app/Contents/Eclipse/plugins/com.st.stm32cube.ide.mcu.externaltools.gnu-tools-for-stm32.12.3.rel1.macos64_1.1.0.202410301201/tools/bin/../lib/gcc/arm-none-eabi/12.3.1/../../../../arm-none-eabi/lib/thumb/v7e-m+fp/hard/libc_nano.a(libc_a-puts.o)
 .ARM.attributes
                0x00000523       0x34 /Applications/STM32CubeIDE.app/Contents/Eclipse/plugins/com.st.stm32cube.ide.mcu.externaltools.gnu-tools-for-stm32.12.3.rel1.macos64_1.1.0.202410301201/tools/bin/../lib/gcc/arm-none-eabi/12.3.1/../../../../arm-none-eabi/lib/thumb/v7e-m+fp/hard/libc_nano.a(libc_a-memset.o)
 .ARM.attributes
                0x00000557       0x34 /Applications/STM32CubeIDE.app/Contents/Eclipse/plugins/com.st.stm32cube.ide.mcu.externaltools.gnu-tools-for-stm32.12.3.rel1.macos64_1.1.0.202410301201/tools/bin/../lib/gcc/arm-none-eabi/12.3.1/../../../../arm-none-eabi/lib/thumb/v7e-m+fp/hard/libc_nano.a(libc_a-impure.o)
 .ARM.attributes
                0x0000058b       0x34 /Applications/STM32CubeIDE.app/Contents/Eclipse/plugins/com.st.stm32cube.ide.mcu.externaltools.gnu-tools-for-stm32.12.3.rel1.macos64_1.1.0.202410301201/tools/bin/../lib/gcc/arm-none-eabi/12.3.1/../../../../arm-none-eabi/lib/thumb/v7e-m+fp/hard/libc_nano.a(libc_a-sbrkr.o)
 .ARM.attributes
                0x000005bf       0x34 /Applications/STM32CubeIDE.app/Contents/Eclipse/plugins/com.st.stm32cube.ide.mcu.externaltools.gnu-tools-for-stm32.12.3.rel1.macos64_1.1.0.202410301201/tools/bin/../lib/gcc/arm-none-eabi/12.3.1/../../../../arm-none-eabi/lib/thumb/v7e-m+fp/hard/libc_nano.a(libc_a-errno.o)
 .ARM.attributes
                0x000005f3       0x34 /Applications/STM32CubeIDE.app/Contents/Eclipse/plugins/com.st.stm32cube.ide.mcu.externaltools.gnu-tools-for-stm32.12.3.rel1.macos64_1.1.0.202410301201/tools/bin/../lib/gcc/arm-none-eabi/12.3.1/../../../../arm-none-eabi/lib/thumb/v7e-m+fp/hard/libc_nano.a(libc_a-init.o)
 .ARM.attributes
                0x00000627       0x34 /Applications/STM32CubeIDE.app/Contents/Eclipse/plugins/com.st.stm32cube.ide.mcu.externaltools.gnu-tools-for-stm32.12.3.rel1.macos64_1.1.0.202410301201/tools/bin/../lib/gcc/arm-none-eabi/12.3.1/../../../../arm-none-eabi/lib/thumb/v7e-m+fp/hard/libc_nano.a(libc_a-lock.o)
 .ARM.attributes
                0x0000065b       0x34 /Applications/STM32CubeIDE.app/Contents/Eclipse/plugins/com.st.stm32cube.ide.mcu.externaltools.gnu-tools-for-stm32.12.3.rel1.macos64_1.1.0.202410301201/tools/bin/../lib/gcc/arm-none-eabi/12.3.1/../../../../arm-none-eabi/lib/thumb/v7e-m+fp/hard/libc_nano.a(libc_a-memcpy-stub.o)
 .ARM.attributes
                0x0000068f       0x34 /Applications/STM32CubeIDE.app/Contents/Eclipse/plugins/com.st.stm32cube.ide.mcu.externaltools.gnu-tools-for-stm32.12.3.rel1.macos64_1.1.0.202410301201/tools/bin/../lib/gcc/arm-none-eabi/12.3.1/../../../../arm-none-eabi/lib/thumb/v7e-m+fp/hard/libc_nano.a(libc_a-freer.o)
 .ARM.attributes
                0x000006c3       0x34 /Applications/STM32CubeIDE.app/Contents/Eclipse/plugins/com.st.stm32cube.ide.mcu.externaltools.gnu-tools-for-stm32.12.3.rel1.macos64_1.1.0.202410301201/tools/bin/../lib/gcc/arm-none-eabi/12.3.1/../../../../arm-none-eabi/lib/thumb/v7e-m+fp/hard/libc_nano.a(libc_a-nano-vfprintf.o)
 .ARM.attributes
                0x000006f7       0x34 /Applications/STM32CubeIDE.app/Contents/Eclipse/plugins/com.st.stm32cube.ide.mcu.externaltools.gnu-tools-for-stm32.12.3.rel1.macos64_1.1.0.202410301201/tools/bin/../lib/gcc/arm-none-eabi/12.3.1/../../../../arm-none-eabi/lib/thumb/v7e-m+fp/hard/libc_nano.a(libc_a-nano-vfprintf_i.o)
 .ARM.attributes
                0x0000072b       0x34 /Applications/STM32CubeIDE.app/Contents/Eclipse/plugins/com.st.stm32cube.ide.mcu.externaltools.gnu-tools-for-stm32.12.3.rel1.macos64_1.1.0.202410301201/tools/bin/../lib/gcc/arm-none-eabi/12.3.1/../../../../arm-none-eabi/lib/thumb/v7e-m+fp/hard/libc_nano.a(libc_a-fflush.o)
 .ARM.attributes
                0x0000075f       0x34 /Applications/STM32CubeIDE.app/Contents/Eclipse/plugins/com.st.stm32cube.ide.mcu.externaltools.gnu-tools-for-stm32.12.3.rel1.macos64_1.1.0.202410301201/tools/bin/../lib/gcc/arm-none-eabi/12.3.1/../../../../arm-none-eabi/lib/thumb/v7e-m+fp/hard/libc_nano.a(libc_a-stdio.o)
 .ARM.attributes
                0x00000793       0x34 /Applications/STM32CubeIDE.app/Contents/Eclipse/plugins/com.st.stm32cube.ide.mcu.externaltools.gnu-tools-for-stm32.12.3.rel1.macos64_1.1.0.202410301201/tools/bin/../lib/gcc/arm-none-eabi/12.3.1/../../../../arm-none-eabi/lib/thumb/v7e-m+fp/hard/libc_nano.a(libc_a-wbuf.o)
 .ARM.attributes
                0x000007c7       0x34 /Applications/STM32CubeIDE.app/Contents/Eclipse/plugins/com.st.stm32cube.ide.mcu.externaltools.gnu-tools-for-stm32.12.3.rel1.macos64_1.1.0.202410301201/tools/bin/../lib/gcc/arm-none-eabi/12.3.1/../../../../arm-none-eabi/lib/thumb/v7e-m+fp/hard/libc_nano.a(libc_a-wsetup.o)
 .ARM.attributes
                0x000007fb       0x34 /Applications/STM32CubeIDE.app/Contents/Eclipse/plugins/com.st.stm32cube.ide.mcu.externaltools.gnu-tools-for-stm32.12.3.rel1.macos64_1.1.0.202410301201/tools/bin/../lib/gcc/arm-none-eabi/12.3.1/../../../../arm-none-eabi/lib/thumb/v7e-m+fp/hard/libc_nano.a(libc_a-makebuf.o)
 .ARM.attributes
                0x0000082f       0x34 /Applications/STM32CubeIDE.app/Contents/Eclipse/plugins/com.st.stm32cube.ide.mcu.externaltools.gnu-tools-for-stm32.12.3.rel1.macos64_1.1.0.202410301201/tools/bin/../lib/gcc/arm-none-eabi/12.3.1/../../../../arm-none-eabi/lib/thumb/v7e-m+fp/hard/libc_nano.a(libc_a-closer.o)
 .ARM.attributes
                0x00000863       0x34 /Applications/STM32CubeIDE.app/Contents/Eclipse/plugins/com.st.stm32cube.ide.mcu.externaltools.gnu-tools-for-stm32.12.3.rel1.macos64_1.1.0.202410301201/tools/bin/../lib/gcc/arm-none-eabi/12.3.1/../../../../arm-none-eabi/lib/thumb/v7e-m+fp/hard/libc_nano.a(libc_a-reent.o)
 .ARM.attributes
                0x00000897       0x34 /Applications/STM32CubeIDE.app/Contents/Eclipse/plugins/com.st.stm32cube.ide.mcu.externaltools.gnu-tools-for-stm32.12.3.rel1.macos64_1.1.0.202410301201/tools/bin/../lib/gcc/arm-none-eabi/12.3.1/../../../../arm-none-eabi/lib/thumb/v7e-m+fp/hard/libc_nano.a(libc_a-fstatr.o)
 .ARM.attributes
                0x000008cb       0x34 /Applications/STM32CubeIDE.app/Contents/Eclipse/plugins/com.st.stm32cube.ide.mcu.externaltools.gnu-tools-for-stm32.12.3.rel1.macos64_1.1.0.202410301201/tools/bin/../lib/gcc/arm-none-eabi/12.3.1/../../../../arm-none-eabi/lib/thumb/v7e-m+fp/hard/libc_nano.a(libc_a-isattyr.o)
 .ARM.attributes
                0x000008ff       0x34 /Applications/STM32CubeIDE.app/Contents/Eclipse/plugins/com.st.stm32cube.ide.mcu.externaltools.gnu-tools-for-stm32.12.3.rel1.macos64_1.1.0.202410301201/tools/bin/../lib/gcc/arm-none-eabi/12.3.1/../../../../arm-none-eabi/lib/thumb/v7e-m+fp/hard/libc_nano.a(libc_a-lseekr.o)
 .ARM.attributes
                0x00000933       0x34 /Applications/STM32CubeIDE.app/Contents/Eclipse/plugins/com.st.stm32cube.ide.mcu.externaltools.gnu-tools-for-stm32.12.3.rel1.macos64_1.1.0.202410301201/tools/bin/../lib/gcc/arm-none-eabi/12.3.1/../../../../arm-none-eabi/lib/thumb/v7e-m+fp/hard/libc_nano.a(libc_a-readr.o)
 .ARM.attributes
                0x00000967       0x34 /Applications/STM32CubeIDE.app/Contents/Eclipse/plugins/com.st.stm32cube.ide.mcu.externaltools.gnu-tools-for-stm32.12.3.rel1.macos64_1.1.0.202410301201/tools/bin/../lib/gcc/arm-none-eabi/12.3.1/../../../../arm-none-eabi/lib/thumb/v7e-m+fp/hard/libc_nano.a(libc_a-writer.o)
 .ARM.attributes
                0x0000099b       0x1c /Applications/STM32CubeIDE.app/Contents/Eclipse/plugins/com.st.stm32cube.ide.mcu.externaltools.gnu-tools-for-stm32.12.3.rel1.macos64_1.1.0.202410301201/tools/bin/../lib/gcc/arm-none-eabi/12.3.1/../../../../arm-none-eabi/lib/thumb/v7e-m+fp/hard/libc_nano.a(libc_a-memchr.o)
 .ARM.attributes
                0x000009b7       0x22 /Applications/STM32CubeIDE.app/Contents/Eclipse/plugins/com.st.stm32cube.ide.mcu.externaltools.gnu-tools-for-stm32.12.3.rel1.macos64_1.1.0.202410301201/tools/bin/../lib/gcc/arm-none-eabi/12.3.1/thumb/v7e-m+fp/hard/libgcc.a(_arm_addsubdf3.o)
 .ARM.attributes
                0x000009d9       0x22 /Applications/STM32CubeIDE.app/Contents/Eclipse/plugins/com.st.stm32cube.ide.mcu.externaltools.gnu-tools-for-stm32.12.3.rel1.macos64_1.1.0.202410301201/tools/bin/../lib/gcc/arm-none-eabi/12.3.1/thumb/v7e-m+fp/hard/libgcc.a(_arm_fixunsdfsi.o)
 .ARM.attributes
                0x000009fb       0x22 /Applications/STM32CubeIDE.app/Contents/Eclipse/plugins/com.st.stm32cube.ide.mcu.externaltools.gnu-tools-for-stm32.12.3.rel1.macos64_1.1.0.202410301201/tools/bin/../lib/gcc/arm-none-eabi/12.3.1/thumb/v7e-m+fp/hard/crtn.o
OUTPUT(youlostit-ble.elf elf32-littlearm)
LOAD linker stubs
LOAD /Applications/STM32CubeIDE.app/Contents/Eclipse/plugins/com.st.stm32cube.ide.mcu.externaltools.gnu-tools-for-stm32.12.3.rel1.macos64_1.1.0.202410301201/tools/bin/../lib/gcc/arm-none-eabi/12.3.1/../../../../arm-none-eabi/lib/thumb/v7e-m+fp/hard/libc.a
LOAD /Applications/STM32CubeIDE.app/Contents/Eclipse/plugins/com.st.stm32cube.ide.mcu.externaltools.gnu-tools-for-stm32.12.3.rel1.macos64_1.1.0.202410301201/tools/bin/../lib/gcc/arm-none-eabi/12.3.1/../../../../arm-none-eabi/lib/thumb/v7e-m+fp/hard/libm.a
LOAD /Applications/STM32CubeIDE.app/Contents/Eclipse/plugins/com.st.stm32cube.ide.mcu.externaltools.gnu-tools-for-stm32.12.3.rel1.macos64_1.1.0.202410301201/tools/bin/../lib/gcc/arm-none-eabi/12.3.1/thumb/v7e-m+fp/hard/libgcc.a

.debug_info     0x00000000     0xa90f
 .debug_info    0x00000000      0xf69 ./Core/Src/ble.o
 .debug_info    0x00000f69      0x46d ./Core/Src/i2c.o
 .debug_info    0x000013d6      0x366 ./Core/Src/leds.o
 .debug_info    0x0000173c      0x21d ./Core/Src/lsm6dsl.o
 .debug_info    0x00001959     0x150c ./Core/Src/main.o
 .debug_info    0x00002e65     0x16ae ./Core/Src/stm32l4xx_hal_msp.o
 .debug_info    0x00004513      0x158 ./Core/Src/stm32l4xx_it.o
 .debug_info    0x0000466b      0x715 ./Core/Src/syscalls.o
 .debug_info    0x00004d80      0x5ce ./Core/Src/system_stm32l4xx.o
 .debug_info    0x0000534e      0xa67 ./Core/Src/timer.o
 .debug_info    0x00005db5       0x30 ./Core/Startup/startup_stm32l475vgtx.o
 .debug_info    0x00005de5      0xae5 ./Drivers/STM32L4xx_HAL_Driver/Src/stm32l4xx_hal.o
 .debug_info    0x000068ca      0xd46 ./Drivers/STM32L4xx_HAL_Driver/Src/stm32l4xx_hal_cortex.o
 .debug_info    0x00007610      0x757 ./Drivers/STM32L4xx_HAL_Driver/Src/stm32l4xx_hal_gpio.o
 .debug_info    0x00007d67      0x97a ./Drivers/STM32L4xx_HAL_Driver/Src/stm32l4xx_hal_pwr_ex.o
 .debug_info    0x000086e1      0xc14 ./Drivers/STM32L4xx_HAL_Driver/Src/stm32l4xx_hal_rcc.o
 .debug_info    0x000092f5     0x161a ./Drivers/STM32L4xx_HAL_Driver/Src/stm32l4xx_hal_spi.o

.debug_abbrev   0x00000000     0x1fdc
 .debug_abbrev  0x00000000      0x32a ./Core/Src/ble.o
 .debug_abbrev  0x0000032a      0x124 ./Core/Src/i2c.o
 .debug_abbrev  0x0000044e       0xdf ./Core/Src/leds.o
 .debug_abbrev  0x0000052d       0xde ./Core/Src/lsm6dsl.o
 .debug_abbrev  0x0000060b      0x3ac ./Core/Src/main.o
 .debug_abbrev  0x000009b7      0x251 ./Core/Src/stm32l4xx_hal_msp.o
 .debug_abbrev  0x00000c08       0xb3 ./Core/Src/stm32l4xx_it.o
 .debug_abbrev  0x00000cbb      0x1ca ./Core/Src/syscalls.o
 .debug_abbrev  0x00000e85      0x13f ./Core/Src/system_stm32l4xx.o
 .debug_abbrev  0x00000fc4      0x192 ./Core/Src/timer.o
 .debug_abbrev  0x00001156       0x24 ./Core/Startup/startup_stm32l475vgtx.o
 .debug_abbrev  0x0000117a      0x242 ./Drivers/STM32L4xx_HAL_Driver/Src/stm32l4xx_hal.o
 .debug_abbrev  0x000013bc      0x327 ./Drivers/STM32L4xx_HAL_Driver/Src/stm32l4xx_hal_cortex.o
 .debug_abbrev  0x000016e3      0x1cb ./Drivers/STM32L4xx_HAL_Driver/Src/stm32l4xx_hal_gpio.o
 .debug_abbrev  0x000018ae      0x1f9 ./Drivers/STM32L4xx_HAL_Driver/Src/stm32l4xx_hal_pwr_ex.o
 .debug_abbrev  0x00001aa7      0x2cb ./Drivers/STM32L4xx_HAL_Driver/Src/stm32l4xx_hal_rcc.o
 .debug_abbrev  0x00001d72      0x26a ./Drivers/STM32L4xx_HAL_Driver/Src/stm32l4xx_hal_spi.o

.debug_aranges  0x00000000      0x9b8
 .debug_aranges
                0x00000000       0x80 ./Core/Src/ble.o
 .debug_aranges
                0x00000080       0x28 ./Core/Src/i2c.o
 .debug_aranges
                0x000000a8       0x28 ./Core/Src/leds.o
 .debug_aranges
                0x000000d0       0x28 ./Core/Src/lsm6dsl.o
 .debug_aranges
                0x000000f8       0x58 ./Core/Src/main.o
 .debug_aranges
                0x00000150       0x68 ./Core/Src/stm32l4xx_hal_msp.o
 .debug_aranges
                0x000001b8       0x68 ./Core/Src/stm32l4xx_it.o
 .debug_aranges
                0x00000220       0xb0 ./Core/Src/syscalls.o
 .debug_aranges
                0x000002d0       0x28 ./Core/Src/system_stm32l4xx.o
 .debug_aranges
                0x000002f8       0x40 ./Core/Src/timer.o
 .debug_aranges
                0x00000338       0x28 ./Core/Startup/startup_stm32l475vgtx.o
 .debug_aranges
                0x00000360      0x130 ./Drivers/STM32L4xx_HAL_Driver/Src/stm32l4xx_hal.o
 .debug_aranges
                0x00000490      0x118 ./Drivers/STM32L4xx_HAL_Driver/Src/stm32l4xx_hal_cortex.o
 .debug_aranges
                0x000005a8       0x58 ./Drivers/STM32L4xx_HAL_Driver/Src/stm32l4xx_hal_gpio.o
 .debug_aranges
                0x00000600      0x150 ./Drivers/STM32L4xx_HAL_Driver/Src/stm32l4xx_hal_pwr_ex.o
 .debug_aranges
                0x00000750       0x90 ./Drivers/STM32L4xx_HAL_Driver/Src/stm32l4xx_hal_rcc.o
 .debug_aranges
                0x000007e0      0x1d8 ./Drivers/STM32L4xx_HAL_Driver/Src/stm32l4xx_hal_spi.o

.debug_rnglists
                0x00000000      0x733
 .debug_rnglists
                0x00000000       0x63 ./Core/Src/ble.o
 .debug_rnglists
                0x00000063       0x1b ./Core/Src/i2c.o
 .debug_rnglists
                0x0000007e       0x1b ./Core/Src/leds.o
 .debug_rnglists
                0x00000099       0x1a ./Core/Src/lsm6dsl.o
 .debug_rnglists
                0x000000b3       0x41 ./Core/Src/main.o
 .debug_rnglists
                0x000000f4       0x4b ./Core/Src/stm32l4xx_hal_msp.o
 .debug_rnglists
                0x0000013f       0x49 ./Core/Src/stm32l4xx_it.o
 .debug_rnglists
                0x00000188       0x7f ./Core/Src/syscalls.o
 .debug_rnglists
                0x00000207       0x1a ./Core/Src/system_stm32l4xx.o
 .debug_rnglists
                0x00000221       0x2b ./Core/Src/timer.o
 .debug_rnglists
                0x0000024c       0x19 ./Core/Startup/startup_stm32l475vgtx.o
 .debug_rnglists
                0x00000265       0xdf ./Drivers/STM32L4xx_HAL_Driver/Src/stm32l4xx_hal.o
 .debug_rnglists
                0x00000344       0xce ./Drivers/STM32L4xx_HAL_Driver/Src/stm32l4xx_hal_cortex.o
 .debug_rnglists
                0x00000412       0x3f ./Drivers/STM32L4xx_HAL_Driver/Src/stm32l4xx_hal_gpio.o
 .debug_rnglists
                0x00000451       0xfd ./Drivers/STM32L4xx_HAL_Driver/Src/stm32l4xx_hal_pwr_ex.o
 .debug_rnglists
                0x0000054e       0x6d ./Drivers/STM32L4xx_HAL_Driver/Src/stm32l4xx_hal_rcc.o
 .debug_rnglists
                0x000005bb      0x178 ./Drivers/STM32L4xx_HAL_Driver/Src/stm32l4xx_hal_spi.o

.debug_macro    0x00000000    0x277a0
 .debug_macro   0x00000000      0x2fd ./Core/Src/ble.o
 .debug_macro   0x000002fd      0xab4 ./Core/Src/ble.o
 .debug_macro   0x00000db1      0x1ad ./Core/Src/ble.o
 .debug_macro   0x00000f5e       0x2e ./Core/Src/ble.o
 .debug_macro   0x00000f8c       0x28 ./Core/Src/ble.o
 .debug_macro   0x00000fb4       0x22 ./Core/Src/ble.o
 .debug_macro   0x00000fd6       0x8e ./Core/Src/ble.o
 .debug_macro   0x00001064       0x51 ./Core/Src/ble.o
 .debug_macro   0x000010b5      0x103 ./Core/Src/ble.o
 .debug_macro   0x000011b8       0x6a ./Core/Src/ble.o
 .debug_macro   0x00001222      0x1df ./Core/Src/ble.o
 .debug_macro   0x00001401       0x1c ./Core/Src/ble.o
 .debug_macro   0x0000141d       0x22 ./Core/Src/ble.o
 .debug_macro   0x0000143f       0xfb ./Core/Src/ble.o
 .debug_macro   0x0000153a     0x1011 ./Core/Src/ble.o
 .debug_macro   0x0000254b      0x11f ./Core/Src/ble.o
 .debug_macro   0x0000266a    0x19dc7 ./Core/Src/ble.o
 .debug_macro   0x0001c431       0x6d ./Core/Src/ble.o
 .debug_macro   0x0001c49e     0x38e6 ./Core/Src/ble.o
 .debug_macro   0x0001fd84      0x189 ./Core/Src/ble.o
 .debug_macro   0x0001ff0d       0x5c ./Core/Src/ble.o
 .debug_macro   0x0001ff69     0x1558 ./Core/Src/ble.o
 .debug_macro   0x000214c1      0x5a5 ./Core/Src/ble.o
 .debug_macro   0x00021a66      0x1b9 ./Core/Src/ble.o
 .debug_macro   0x00021c1f      0x17d ./Core/Src/ble.o
 .debug_macro   0x00021d9c      0x26b ./Core/Src/ble.o
 .debug_macro   0x00022007      0x23d ./Core/Src/ble.o
 .debug_macro   0x00022244      0x241 ./Core/Src/ble.o
 .debug_macro   0x00022485      0x37c ./Core/Src/ble.o
 .debug_macro   0x00022801       0xd6 ./Core/Src/ble.o
 .debug_macro   0x000228d7      0x22c ./Core/Src/ble.o
 .debug_macro   0x00022b03       0x61 ./Core/Src/ble.o
 .debug_macro   0x00022b64       0xa5 ./Core/Src/ble.o
 .debug_macro   0x00022c09      0x122 ./Core/Src/ble.o
 .debug_macro   0x00022d2b      0x3e8 ./Core/Src/ble.o
 .debug_macro   0x00023113      0x2fe ./Core/Src/ble.o
 .debug_macro   0x00023411      0xa98 ./Core/Src/ble.o
 .debug_macro   0x00023ea9      0x1e6 ./Core/Src/ble.o
 .debug_macro   0x0002408f      0x330 ./Core/Src/ble.o
 .debug_macro   0x000243bf       0x46 ./Core/Src/ble.o
 .debug_macro   0x00024405       0x22 ./Core/Src/ble.o
 .debug_macro   0x00024427       0x2a ./Core/Src/ble.o
 .debug_macro   0x00024451       0x61 ./Core/Src/ble.o
 .debug_macro   0x000244b2       0x43 ./Core/Src/ble.o
 .debug_macro   0x000244f5       0x34 ./Core/Src/ble.o
 .debug_macro   0x00024529       0x16 ./Core/Src/ble.o
 .debug_macro   0x0002453f       0x35 ./Core/Src/ble.o
 .debug_macro   0x00024574       0x16 ./Core/Src/ble.o
 .debug_macro   0x0002458a       0x43 ./Core/Src/ble.o
 .debug_macro   0x000245cd       0x34 ./Core/Src/ble.o
 .debug_macro   0x00024601       0x10 ./Core/Src/ble.o
 .debug_macro   0x00024611       0x58 ./Core/Src/ble.o
 .debug_macro   0x00024669       0x8e ./Core/Src/ble.o
 .debug_macro   0x000246f7       0x1c ./Core/Src/ble.o
 .debug_macro   0x00024713      0x177 ./Core/Src/ble.o
 .debug_macro   0x0002488a      0x369 ./Core/Src/ble.o
 .debug_macro   0x00024bf3       0x16 ./Core/Src/ble.o
 .debug_macro   0x00024c09       0x29 ./Core/Src/ble.o
 .debug_macro   0x00024c32       0x16 ./Core/Src/ble.o
 .debug_macro   0x00024c48       0x20 ./Core/Src/ble.o
 .debug_macro   0x00024c68       0x1c ./Core/Src/ble.o
 .debug_macro   0x00024c84      0x1a6 ./Core/Src/i2c.o
 .debug_macro   0x00024e2a       0x16 ./Core/Src/i2c.o
 .debug_macro   0x00024e40       0x9e ./Core/Src/i2c.o
 .debug_macro   0x00024ede      0x10b ./Core/Src/i2c.o
 .debug_macro   0x00024fe9       0x10 ./Core/Src/i2c.o
 .debug_macro   0x00024ff9       0x16 ./Core/Src/i2c.o
 .debug_macro   0x0002500f       0x16 ./Core/Src/i2c.o
 .debug_macro   0x00025025      0x146 ./Core/Src/i2c.o
 .debug_macro   0x0002516b       0xbf ./Core/Src/leds.o
 .debug_macro   0x0002522a      0x1b0 ./Core/Src/lsm6dsl.o
 .debug_macro   0x000253da      0x337 ./Core/Src/main.o
 .debug_macro   0x00025711       0x1c ./Core/Src/main.o
 .debug_macro   0x0002572d       0x1c ./Core/Src/main.o
 .debug_macro   0x00025749      0x19b ./Core/Src/main.o
 .debug_macro   0x000258e4      0x1e9 ./Core/Src/stm32l4xx_hal_msp.o
 .debug_macro   0x00025acd      0x206 ./Core/Src/stm32l4xx_it.o
 .debug_macro   0x00025cd3      0x274 ./Core/Src/syscalls.o
 .debug_macro   0x00025f47       0x5b ./Core/Src/syscalls.o
 .debug_macro   0x00025fa2       0x94 ./Core/Src/syscalls.o
 .debug_macro   0x00026036       0x57 ./Core/Src/syscalls.o
 .debug_macro   0x0002608d       0x10 ./Core/Src/syscalls.o
 .debug_macro   0x0002609d       0x10 ./Core/Src/syscalls.o
 .debug_macro   0x000260ad       0x10 ./Core/Src/syscalls.o
 .debug_macro   0x000260bd       0x10 ./Core/Src/syscalls.o
 .debug_macro   0x000260cd       0x1c ./Core/Src/syscalls.o
 .debug_macro   0x000260e9       0x52 ./Core/Src/syscalls.o
 .debug_macro   0x0002613b       0x22 ./Core/Src/syscalls.o
 .debug_macro   0x0002615d       0x10 ./Core/Src/syscalls.o
 .debug_macro   0x0002616d       0x52 ./Core/Src/syscalls.o
 .debug_macro   0x000261bf       0xcf ./Core/Src/syscalls.o
 .debug_macro   0x0002628e       0x1c ./Core/Src/syscalls.o
 .debug_macro   0x000262aa       0x3d ./Core/Src/syscalls.o
 .debug_macro   0x000262e7       0x35 ./Core/Src/syscalls.o
 .debug_macro   0x0002631c      0x12c ./Core/Src/syscalls.o
 .debug_macro   0x00026448       0x10 ./Core/Src/syscalls.o
 .debug_macro   0x00026458      0x242 ./Core/Src/syscalls.o
 .debug_macro   0x0002669a       0x10 ./Core/Src/syscalls.o
 .debug_macro   0x000266aa      0x18a ./Core/Src/syscalls.o
 .debug_macro   0x00026834       0x16 ./Core/Src/syscalls.o
 .debug_macro   0x0002684a       0xce ./Core/Src/syscalls.o
 .debug_macro   0x00026918      0x1e0 ./Core/Src/system_stm32l4xx.o
 .debug_macro   0x00026af8       0xc9 ./Core/Src/timer.o
 .debug_macro   0x00026bc1      0x228 ./Drivers/STM32L4xx_HAL_Driver/Src/stm32l4xx_hal.o
 .debug_macro   0x00026de9      0x1da ./Drivers/STM32L4xx_HAL_Driver/Src/stm32l4xx_hal_cortex.o
 .debug_macro   0x00026fc3      0x1e1 ./Drivers/STM32L4xx_HAL_Driver/Src/stm32l4xx_hal_gpio.o
 .debug_macro   0x000271a4      0x1fe ./Drivers/STM32L4xx_HAL_Driver/Src/stm32l4xx_hal_pwr_ex.o
 .debug_macro   0x000273a2      0x21c ./Drivers/STM32L4xx_HAL_Driver/Src/stm32l4xx_hal_rcc.o
 .debug_macro   0x000275be      0x1e2 ./Drivers/STM32L4xx_HAL_Driver/Src/stm32l4xx_hal_spi.o

.debug_line     0x00000000     0xb005
 .debug_line    0x00000000      0xc26 ./Core/Src/ble.o
 .debug_line    0x00000c26      0x7c0 ./Core/Src/i2c.o
 .debug_line    0x000013e6      0x4ff ./Core/Src/leds.o
 .debug_line    0x000018e5      0x648 ./Core/Src/lsm6dsl.o
 .debug_line    0x00001f2d      0xb51 ./Core/Src/main.o
 .debug_line    0x00002a7e      0x85d ./Core/Src/stm32l4xx_hal_msp.o
 .debug_line    0x000032db      0x7f2 ./Core/Src/stm32l4xx_it.o
 .debug_line    0x00003acd      0x87e ./Core/Src/syscalls.o
 .debug_line    0x0000434b      0x7e2 ./Core/Src/system_stm32l4xx.o
 .debug_line    0x00004b2d      0x542 ./Core/Src/timer.o
 .debug_line    0x0000506f       0x7a ./Core/Startup/startup_stm32l475vgtx.o
 .debug_line    0x000050e9      0xb01 ./Drivers/STM32L4xx_HAL_Driver/Src/stm32l4xx_hal.o
 .debug_line    0x00005bea      0xca0 ./Drivers/STM32L4xx_HAL_Driver/Src/stm32l4xx_hal_cortex.o
 .debug_line    0x0000688a      0xb8d ./Drivers/STM32L4xx_HAL_Driver/Src/stm32l4xx_hal_gpio.o
 .debug_line    0x00007417      0xcc3 ./Drivers/STM32L4xx_HAL_Driver/Src/stm32l4xx_hal_pwr_ex.o
 .debug_line    0x000080da      0xf78 ./Drivers/STM32L4xx_HAL_Driver/Src/stm32l4xx_hal_rcc.o
 .debug_line    0x00009052     0x1fb3 ./Drivers/STM32L4xx_HAL_Driver/Src/stm32l4xx_hal_spi.o

.debug_str      0x00000000    0xf1620
 .debug_str     0x00000000    0xeba85 ./Core/Src/ble.o
                              0xebdbe (size before relaxing)
 .debug_str     0x000eba85      0x7cc ./Core/Src/i2c.o
                              0xa0df3 (size before relaxing)
 .debug_str     0x000ec251       0x26 ./Core/Src/leds.o
                              0x9d330 (size before relaxing)
 .debug_str     0x000ec277       0xf9 ./Core/Src/lsm6dsl.o
                              0xa0d0c (size before relaxing)
 .debug_str     0x000ec370      0xfba ./Core/Src/main.o
                              0xed03b (size before relaxing)
 .debug_str     0x000ed32a      0x870 ./Core/Src/stm32l4xx_hal_msp.o
                              0xe94ff (size before relaxing)
 .debug_str     0x000edb9a       0xf5 ./Core/Src/stm32l4xx_it.o
                              0xe81dd (size before relaxing)
 .debug_str     0x000edc8f     0x1fea ./Core/Src/syscalls.o
                               0x991b (size before relaxing)
 .debug_str     0x000efc79      0x107 ./Core/Src/system_stm32l4xx.o
                              0xe81af (size before relaxing)
 .debug_str     0x000efd80       0x78 ./Core/Src/timer.o
                              0x9d930 (size before relaxing)
 .debug_str     0x000efdf8       0x44 ./Core/Startup/startup_stm32l475vgtx.o
                                 0xb2 (size before relaxing)
 .debug_str     0x000efe3c      0x62c ./Drivers/STM32L4xx_HAL_Driver/Src/stm32l4xx_hal.o
                              0xe8d1e (size before relaxing)
 .debug_str     0x000f0468      0x2e2 ./Drivers/STM32L4xx_HAL_Driver/Src/stm32l4xx_hal_cortex.o
                              0xe89d2 (size before relaxing)
 .debug_str     0x000f074a       0xfe ./Drivers/STM32L4xx_HAL_Driver/Src/stm32l4xx_hal_gpio.o
                              0xe830d (size before relaxing)
 .debug_str     0x000f0848      0x4a8 ./Drivers/STM32L4xx_HAL_Driver/Src/stm32l4xx_hal_pwr_ex.o
                              0xe86b4 (size before relaxing)
 .debug_str     0x000f0cf0      0x3a6 ./Drivers/STM32L4xx_HAL_Driver/Src/stm32l4xx_hal_rcc.o
                              0xe87da (size before relaxing)
 .debug_str     0x000f1096      0x58a ./Drivers/STM32L4xx_HAL_Driver/Src/stm32l4xx_hal_spi.o
                              0xe89b5 (size before relaxing)

.comment        0x00000000       0x43
 .comment       0x00000000       0x43 ./Core/Src/ble.o
                                 0x44 (size before relaxing)
 .comment       0x00000043       0x44 ./Core/Src/i2c.o
 .comment       0x00000043       0x44 ./Core/Src/leds.o
 .comment       0x00000043       0x44 ./Core/Src/lsm6dsl.o
 .comment       0x00000043       0x44 ./Core/Src/main.o
 .comment       0x00000043       0x44 ./Core/Src/stm32l4xx_hal_msp.o
 .comment       0x00000043       0x44 ./Core/Src/stm32l4xx_it.o
 .comment       0x00000043       0x44 ./Core/Src/syscalls.o
 .comment       0x00000043       0x44 ./Core/Src/system_stm32l4xx.o
 .comment       0x00000043       0x44 ./Core/Src/timer.o
 .comment       0x00000043       0x44 ./Drivers/STM32L4xx_HAL_Driver/Src/stm32l4xx_hal.o
 .comment       0x00000043       0x44 ./Drivers/STM32L4xx_HAL_Driver/Src/stm32l4xx_hal_cortex.o
 .comment       0x00000043       0x44 ./Drivers/STM32L4xx_HAL_Driver/Src/stm32l4xx_hal_gpio.o
 .comment       0x00000043       0x44 ./Drivers/STM32L4xx_HAL_Driver/Src/stm32l4xx_hal_pwr_ex.o
 .comment       0x00000043       0x44 ./Drivers/STM32L4xx_HAL_Driver/Src/stm32l4xx_hal_rcc.o
 .comment       0x00000043       0x44 ./Drivers/STM32L4xx_HAL_Driver/Src/stm32l4xx_hal_spi.o

.debug_frame    0x00000000     0x2e2c
 .debug_frame   0x00000000      0x1f8 ./Core/Src/ble.o
 .debug_frame   0x000001f8       0x58 ./Core/Src/i2c.o
 .debug_frame   0x00000250       0x58 ./Core/Src/leds.o
 .debug_frame   0x000002a8       0x58 ./Core/Src/lsm6dsl.o
 .debug_frame   0x00000300      0x114 ./Core/Src/main.o
 .debug_frame   0x00000414      0x188 ./Core/Src/stm32l4xx_hal_msp.o
 .debug_frame   0x0000059c      0x120 ./Core/Src/stm32l4xx_it.o
 .debug_frame   0x000006bc      0x2d0 ./Core/Src/syscalls.o
 .debug_frame   0x0000098c       0x58 ./Core/Src/system_stm32l4xx.o
 .debug_frame   0x000009e4       0xd4 ./Core/Src/timer.o
 .debug_frame   0x00000ab8      0x498 ./Drivers/STM32L4xx_HAL_Driver/Src/stm32l4xx_hal.o
 .debug_frame   0x00000f50      0x498 ./Drivers/STM32L4xx_HAL_Driver/Src/stm32l4xx_hal_cortex.o
 .debug_frame   0x000013e8      0x14c ./Drivers/STM32L4xx_HAL_Driver/Src/stm32l4xx_hal_gpio.o
 .debug_frame   0x00001534      0x544 ./Drivers/STM32L4xx_HAL_Driver/Src/stm32l4xx_hal_pwr_ex.o
 .debug_frame   0x00001a78      0x21c ./Drivers/STM32L4xx_HAL_Driver/Src/stm32l4xx_hal_rcc.o
 .debug_frame   0x00001c94      0x860 ./Drivers/STM32L4xx_HAL_Driver/Src/stm32l4xx_hal_spi.o
 .debug_frame   0x000024f4       0x30 /Applications/STM32CubeIDE.app/Contents/Eclipse/plugins/com.st.stm32cube.ide.mcu.externaltools.gnu-tools-for-stm32.12.3.rel1.macos64_1.1.0.202410301201/tools/bin/../lib/gcc/arm-none-eabi/12.3.1/../../../../arm-none-eabi/lib/thumb/v7e-m+fp/hard/libc_nano.a(libc_a-malloc.o)