Archive member included to satisfy reference by file (symbol)

/Applications/STM32CubeIDE.app/Contents/Eclipse/plugins/com.st.stm32cube.ide.mcu.externaltools.gnu-tools-for-stm32.12.3.rel1.macos64_1.1.0.202410301201/tools/bin/../lib/gcc/arm-none-eabi/12.3.1/../../../../arm-none-eabi/lib/thumb/v7e-m+fp/hard/libc_nano.a(libc_a-exit.o)
                              /Applications/STM32CubeIDE.app/Contents/Eclipse/plugins/com.st.stm32cube.ide.mcu.externaltools.gnu-tools-for-stm32.12.3.rel1.macos64_1.1.0.202410301201/tools/bin/../lib/gcc/arm-none-eabi/12.3.1/../../../../arm-none-eabi/lib/thumb/v7e-m+fp/hard/crt0.o (exit)
/Applications/STM32CubeIDE.app/Contents/Eclipse/plugins/com.st.stm32cube.ide.mcu.externaltools.gnu-tools-for-stm32.12.3.rel1.macos64_1.1.0.202410301201/tools/bin/../lib/gcc/arm-none-eabi/12.3.1/../../../../arm-none-eabi/lib/thumb/v7e-m+fp/hard/libc_nano.a(libc_a-malloc.o)
                              ./Core/Src/ble.o (malloc)
/Applications/STM32CubeIDE.app/Contents/Eclipse/plugins/com.st.stm32cube.ide.mcu.externaltools.gnu-tools-for-stm32.12.3.rel1.macos64_1.1.0.202410301201/tools/bin/../lib/gcc/arm-none-eabi/12.3.1/../../../../arm-none-eabi/lib/thumb/v7e-m+fp/hard/libc_nano.a(libc_a-mallocr.o)
                              /Applications/STM32CubeIDE.app/Contents/Eclipse/plugins/com.st.stm32cube.ide.mcu.externaltools.gnu-tools-for-stm32.12.3.rel1.macos64_1.1.0.202410301201/tools/bin/../lib/gcc/arm-none-eabi/12.3.1/../../../../arm-none-eabi/lib/thumb/v7e-m+fp/hard/libc_nano.a(libc_a-malloc.o) (_malloc_r)
/Applications/STM32CubeIDE.app/Contents/Eclipse/plugins/com.st.stm32cube.ide.mcu.externaltools.gnu-tools-for-stm32.12.3.rel1.macos64_1.1.0.202410301201/tools/bin/../lib/gcc/arm-none-eabi/12.3.1/../../../../arm-none-eabi/lib/thumb/v7e-m+fp/hard/libc_nano.a(libc_a-snprintf.o)
                              ./Core/Src/main.o (snprintf)
/Applications/STM32CubeIDE.app/Contents/Eclipse/plugins/com.st.stm32cube.ide.mcu.externaltools.gnu-tools-for-stm32.12.3.rel1.macos64_1.1.0.202410301201/tools/bin/../lib/gcc/arm-none-eabi/12.3.1/../../../../arm-none-eabi/lib/thumb/v7e-m+fp/hard/libc_nano.a(libc_a-mlock.o)
                              /Applications/STM32CubeIDE.app/Contents/Eclipse/plugins/com.st.stm32cube.ide.mcu.externaltools.gnu-tools-for-stm32.12.3.rel1.macos64_1.1.0.202410301201/tools/bin/../lib/gcc/arm-none-eabi/12.3.1/../../../../arm-none-eabi/lib/thumb/v7e-m+fp/hard/libc_nano.a(libc_a-mallocr.o) (__malloc_lock)
/Applications/STM32CubeIDE.app/Contents/Eclipse/plugins/com.st.stm32cube.ide.mcu.externaltools.gnu-tools-for-stm32.12.3.rel1.macos64_1.1.0.202410301201/tools/bin/../lib/gcc/arm-none-eabi/12.3.1/../../../../arm-none-eabi/lib/thumb/v7e-m+fp/hard/libc_nano.a(libc_a-findfp.o)
                              /Applications/STM32CubeIDE.app/Contents/Eclipse/plugins/com.st.stm32cube.ide.mcu.externaltools.gnu-tools-for-stm32.12.3.rel1.macos64_1.1.0.202410301201/tools/bin/../lib/gcc/arm-none-eabi/12.3.1/../../../../arm-none-eabi/lib/thumb/v7e-m+fp/hard/libc_nano.a(libc_a-exit.o) (__stdio_exit_handler)
/Applications/STM32CubeIDE.app/Contents/Eclipse/plugins/com.st.stm32cube.ide.mcu.externaltools.gnu-tools-for-stm32.12.3.rel1.macos64_1.1.0.202410301201/tools/bin/../lib/gcc/arm-none-eabi/12.3.1/../../../../arm-none-eabi/lib/thumb/v7e-m+fp/hard/libc_nano.a(libc_a-fwalk.o)
                              /Applications/STM32CubeIDE.app/Contents/Eclipse/plugins/com.st.stm32cube.ide.mcu.externaltools.gnu-tools-for-stm32.12.3.rel1.macos64_1.1.0.202410301201/tools/bin/../lib/gcc/arm-none-eabi/12.3.1/../../../../arm-none-eabi/lib/thumb/v7e-m+fp/hard/libc_nano.a(libc_a-findfp.o) (_fwalk_sglue)
/Applications/STM32CubeIDE.app/Contents/Eclipse/plugins/com.st.stm32cube.ide.mcu.externaltools.gnu-tools-for-stm32.12.3.rel1.macos64_1.1.0.202410301201/tools/bin/../lib/gcc/arm-none-eabi/12.3.1/../../../../arm-none-eabi/lib/thumb/v7e-m+fp/hard/libc_nano.a(libc_a-puts.o)
                              ./Core/Src/main.o (puts)
/Applications/STM32CubeIDE.app/Contents/Eclipse/plugins/com.st.stm32cube.ide.mcu.externaltools.gnu-tools-for-stm32.12.3.rel1.macos64_1.1.0.202410301201/tools/bin/../lib/gcc/arm-none-eabi/12.3.1/../../../../arm-none-eabi/lib/thumb/v7e-m+fp/hard/libc_nano.a(libc_a-memset.o)
                              /Applications/STM32CubeIDE.app/Contents/Eclipse/plugins/com.st.stm32cube.ide.mcu.externaltools.gnu-tools-for-stm32.12.3.rel1.macos64_1.1.0.202410301201/tools/bin/../lib/gcc/arm-none-eabi/12.3.1/../../../../arm-none-eabi/lib/thumb/v7e-m+fp/hard/crt0.o (memset)
/Applications/STM32CubeIDE.app/Contents/Eclipse/plugins/com.st.stm32cube.ide.mcu.externaltools.gnu-tools-for-stm32.12.3.rel1.macos64_1.1.0.202410301201/tools/bin/../lib/gcc/arm-none-eabi/12.3.1/../../../../arm-none-eabi/lib/thumb/v7e-m+fp/hard/libc_nano.a(libc_a-impure.o)
[...]
Memory Configuration

Name             Origin             Length             Attributes
RAM              0x20000000         0x00018000         xrw
RAM2             0x10000000         0x00008000         xrw
FLASH            0x08000000         0x00100000         xr
*default*        0x00000000         0xffffffff

Linker script and memory map

LOAD /Applications/STM32CubeIDE.app/Contents/Eclipse/plugins/com.st.stm32cube.ide.mcu.externaltools.gnu-tools-for-stm32.12.3.rel1.macos64_1.1.0.202410301201/tools/bin/../lib/gcc/arm-none-eabi/12.3.1/thumb/v7e-m+fp/hard/crti.o
LOAD /Applications/STM32CubeIDE.app/Contents/Eclipse/plugins/com.st.stm32cube.ide.mcu.externaltools.gnu-tools-for-stm32.12.3.rel1.macos64_1.1.0.202410301201/tools/bin/../lib/gcc/arm-none-eabi/12.3.1/thumb/v7e-m+fp/hard/crtbegin.o
LOAD /Applications/STM32CubeIDE.app/Contents/Eclipse/plugins/com.st.stm32cube.ide.mcu.externaltools.gnu-tools-for-stm32.12.3.rel1.macos64_1.1.0.202410301201/tools/bin/../lib/gcc/arm-none-eabi/12.3.1/../../../../arm-none-eabi/lib/thumb/v7e-m+fp/hard/crt0.o
LOAD ./Core/Src/ble.o
LOAD ./Core/Src/i2c.o
LOAD ./Core/Src/leds.o
LOAD ./Core/Src/lptimer.o
LOAD ./Core/Src/lsm6dsl.o
LOAD ./Core/Src/main.o
LOAD ./Core/Src/stm32l4xx_hal_msp.o
LOAD ./Core/Src/stm32l4xx_it.o
LOAD ./Core/Src/syscalls.o
LOAD ./Core/Src/system_stm32l4xx.o
LOAD ./Core/Src/timer.o
LOAD ./Core/Startup/startup_stm32l475vgtx.o
LOAD ./Drivers/STM32L4xx_HAL_Driver/Src/stm32l4xx_hal.o
LOAD ./Drivers/STM32L4xx_HAL_Driver/Src/stm32l4xx_hal_cortex.o
LOAD ./Drivers/STM32L4xx_HAL_Driver/Src/stm32l4xx_hal_dma.o
LOAD ./Drivers/STM32L4xx_HAL_Driver/Src/stm32l4xx_hal_dma_ex.o
LOAD ./Drivers/STM32L4xx_HAL_Driver/Src/stm32l4xx_hal_exti.o
LOAD ./Drivers/STM32L4xx_HAL_Driver/Src/stm32l4xx_hal_flash.o
LOAD ./Drivers/STM32L4xx_HAL_Driver/Src/stm32l4xx_hal_flash_ex.o
LOAD ./Drivers/STM32L4xx_HAL_Driver/Src/stm32l4xx_hal_flash_ramfunc.o
LOAD ./Drivers/STM32L4xx_HAL_Driver/Src/stm32l4xx_hal_gpio.o
LOAD ./Drivers/STM32L4xx_HAL_Driver/Src/stm32l4xx_hal_i2c.o
LOAD ./Drivers/STM32L4xx_HAL_Driver/Src/stm32l4xx_hal_i2c_ex.o
LOAD ./Drivers/STM32L4xx_HAL_Driver/Src/stm32l4xx_hal_pwr.o
LOAD ./Drivers/STM32L4xx_HAL_Driver/Src/stm32l4xx_hal_pwr_ex.o
LOAD ./Drivers/STM32L4xx_HAL_Driver/Src/stm32l4xx_hal_rcc.o
LOAD ./Drivers/STM32L4xx_HAL_Driver/Src/stm32l4xx_hal_rcc_ex.o
LOAD ./Drivers/STM32L4xx_HAL_Driver/Src/stm32l4xx_hal_spi.o
LOAD ./Drivers/STM32L4xx_HAL_Driver/Src/stm32l4xx_hal_spi_ex.o
LOAD ./Drivers/STM32L4xx_HAL_Driver/Src/stm32l4xx_hal_tim.o
LOAD ./Drivers/STM32L4xx_HAL_Driver/Src/stm32l4xx_hal_tim_ex.o
START GROUP
LOAD /Applications/STM32CubeIDE.app/Contents/Eclipse/plugins/com.st.stm32cube.ide.mcu.externaltools.gnu-tools-for-stm32.12.3.rel1.macos64_1.1.0.202410301201/tools/bin/../lib/gcc/arm-none-eabi/12.3.1/../../../../arm-none-eabi/lib/thumb/v7e-m+fp/hard/libc_nano.a
LOAD /Applications/STM32CubeIDE.app/Contents/Eclipse/plugins/com.st.stm32cube.ide.mcu.externaltools.gnu-tools-for-stm32.12.3.rel1.macos64_1.1.0.202410301201/tools/bin/../lib/gcc/arm-none-eabi/12.3.1/../../../../arm-none-eabi/lib/thumb/v7e-m+fp/hard/libm.a
END GROUP
START GROUP
LOAD /Applications/STM32CubeIDE.app/Contents/Eclipse/plugins/com.st.stm32cube.ide.mcu.externaltools.gnu-tools-for-stm32.12.3.rel1.macos64_1.1.0.202410301201/tools/bin/../lib/gcc/arm-none-eabi/12.3.1/thumb/v7e-m+fp/hard/libgcc.a
LOAD /Applications/STM32CubeIDE.app/Contents/Eclipse/plugins/com.st.stm32cube.ide.mcu.externaltools.gnu-tools-for-stm32.12.3.rel1.macos64_1.1.0.202410301201/tools/bin/../lib/gcc/arm-none-eabi/12.3.1/../../../../arm-none-eabi/lib/thumb/v7e-m+fp/hard/libc_nano.a
END GROUP
START GROUP
LOAD /Applications/STM32CubeIDE.app/Contents/Eclipse/plugins/com.st.stm32cube.ide.mcu.externaltools.gnu-tools-for-stm32.12.3.rel1.macos64_1.1.0.202410301201/tools/bin/../lib/gcc/arm-none-eabi/12.3.1/thumb/v7e-m+fp/hard/libgcc.a
LOAD /Applications/STM32CubeIDE.app/Contents/Eclipse/plugins/com.st.stm32cube.ide.mcu.externaltools.gnu-tools-for-stm32.12.3.rel1.macos64_1.1.0.202410301201/tools/bin/../lib/gcc/arm-none-eabi/12.3.1/../../../../arm-none-eabi/lib/thumb/v7e-m+fp/hard/libc_nano.a
LOAD /Applications/STM32CubeIDE.app/Contents/Eclipse/plugins/com.st.stm32cube.ide.mcu.externaltools.gnu-tools-for-stm32.12.3.rel1.macos64_1.1.0.202410301201/tools/bin/../lib/gcc/arm-none-eabi/12.3.1/../../../../arm-none-eabi/lib/thumb/v7e-m+fp/hard/libnosys.a
END GROUP
START GROUP
LOAD /Applications/STM32CubeIDE.app/Contents/Eclipse/plugins/com.st.stm32cube.ide.mcu.externaltools.gnu-tools-for-stm32.12.3.rel1.macos64_1.1.0.202410301201/tools/bin/../lib/gcc/arm-none-eabi/12.3.1/thumb/v7e-m+fp/hard/libgcc.a
LOAD /Applications/STM32CubeIDE.app/Contents/Eclipse/plugins/com.st.stm32cube.ide.mcu.externaltools.gnu-tools-for-stm32.12.3.rel1.macos64_1.1.0.202410301201/tools/bin/../lib/gcc/arm-none-eabi/12.3.1/../../../../arm-none-eabi/lib/thumb/v7e-m+fp/hard/libc_nano.a
LOAD /Applications/STM32CubeIDE.app/Contents/Eclipse/plugins/com.st.stm32cube.ide.mcu.externaltools.gnu-tools-for-stm32.12.3.rel1.macos64_1.1.0.202410301201/tools/bin/../lib/gcc/arm-none-eabi/12.3.1/../../../../arm-none-eabi/lib/thumb/v7e-m+fp/hard/libnosys.a
END GROUP
LOAD /Applications/STM32CubeIDE.app/Contents/Eclipse/plugins/com.st.stm32cube.ide.mcu.externaltools.gnu-tools-for-stm32.12.3.rel1.macos64_1.1.0.202410301201/tools/bin/../lib/gcc/arm-none-eabi/12.3.1/thumb/v7e-m+fp/hard/crtend.o
LOAD /Applications/STM32CubeIDE.app/Contents/Eclipse/plugins/com.st.stm32cube.ide.mcu.externaltools.gnu-tools-for-stm32.12.3.rel1.macos64_1.1.0.202410301201/tools/bin/../lib/gcc/arm-none-eabi/12.3.1/thumb/v7e-m+fp/hard/crtn.o
                0x20018000                        _estack = (ORIGIN (RAM) + LENGTH (RAM))
                0x00000200                        _Min_Heap_Size = 0x200
                0x00000400                        _Min_Stack_Size = 0x400

.isr_vector     0x08000000      0x188
                0x08000000                        . = ALIGN (0x4)
 *(.isr_vector)
 .isr_vector    0x08000000      0x188 ./Core/Startup/startup_stm32l475vgtx.o
                0x08000000                g_pfnVectors
                0x08000188                        . = ALIGN (0x4)

.text           0x08000190     0x4bf8
                0x08000190                        . = ALIGN (0x4)
 *(.text)
 .text          0x08000190       0x40 /Applications/STM32CubeIDE.app/Contents/Eclipse/plugins/com.st.stm32cube.ide.mcu.externaltools.gnu-tools-for-stm32.12.3.rel1.macos64_1.1.0.202410301201/tools/bin/../lib/gcc/arm-none-eabi/12.3.1/thumb/v7e-m+fp/hard/crtbegin.o
 .text          0x080001d0       0xa0 /Applications/STM32CubeIDE.app/Contents/Eclipse/plugins/com.st.stm32cube.ide.mcu.externaltools.gnu-tools-for-stm32.12.3.rel1.macos64_1.1.0.202410301201/tools/bin/../lib/gcc/arm-none-eabi/12.3.1/../../../../arm-none-eabi/lib/thumb/v7e-m+fp/hard/libc_nano.a(libc_a-memchr.o)
                0x080001d0                memchr
 .text          0x08000270      0x378 /Applications/STM32CubeIDE.app/Contents/Eclipse/plugins/com.st.stm32cube.ide.mcu.externaltools.gnu-tools-for-stm32.12.3.rel1.macos64_1.1.0.202410301201/tools/bin/../lib/gcc/arm-none-eabi/12.3.1/thumb/v7e-m+fp/hard/libgcc.a(_arm_addsubdf3.o)
                0x08000270                __aeabi_drsub
                0x08000278                __subdf3
                0x08000278                __aeabi_dsub
                0x0800027c                __aeabi_dadd
                0x0800027c                __adddf3
                0x080004f4                __aeabi_ui2d
                0x080004f4                __floatunsidf
                0x08000514                __floatsidf
                0x08000514                __aeabi_i2d
                0x08000538                __extendsfdf2
                0x08000538                __aeabi_f2d
                0x0800057c                __aeabi_ul2d
                0x0800057c                __floatundidf
                0x0800058c                __aeabi_l2d
                0x0800058c                __floatdidf
 .text          0x080005e8       0x40 /Applications/STM32CubeIDE.app/Contents/Eclipse/plugins/com.st.stm32cube.ide.mcu.externaltools.gnu-tools-for-stm32.12.3.rel1.macos64_1.1.0.202410301201/tools/bin/../lib/gcc/arm-none-eabi/12.3.1/thumb/v7e-m+fp/hard/libgcc.a(_arm_fixunsdfsi.o)
                0x080005e8                __fixunsdfsi
                0x080005e8                __aeabi_d2uiz
 *(.text*)
 .text.ble_init
                0x08000628      0x234 ./Core/Src/ble.o
                0x08000628                ble_init
 .text.standbyBle
                0x0800085c       0x34 ./Core/Src/ble.o
                0x0800085c                standbyBle
 .text.fetchBleEvent
                0x08000890      0x114 ./Core/Src/ble.o
                0x08000890                fetchBleEvent
 .text.checkEventResp
                0x080009a4       0x4c ./Core/Src/ble.o
                0x080009a4                checkEventResp
 .text.sendCommand
                0x080009f0       0x98 ./Core/Src/ble.o
                0x080009f0                sendCommand
 .text.catchBLE
                0x08000a88       0x88 ./Core/Src/ble.o
                0x08000a88                catchBLE
 .text.setConnectable
                0x08000b10      0x100 ./Core/Src/ble.o
                0x08000b10                setConnectable
 .text.BLE_command
                0x08000c10       0x98 ./Core/Src/ble.o
                0x08000c10                BLE_command
 .text.addService
                0x08000ca8       0x70 ./Core/Src/ble.o
                0x08000ca8                addService
 .text.addCharacteristic
                0x08000d18       0x84 ./Core/Src/ble.o
                0x08000d18                addCharacteristic
 .text.updateCharValue
                0x08000d9c       0xa8 ./Core/Src/ble.o
                0x08000d9c                updateCharValue
 .text.disconnectBLE
                0x08000e44       0xb0 ./Core/Src/ble.o
                0x08000e44                disconnectBLE
 .text.setDiscoverability
                0x08000ef4       0x4c ./Core/Src/ble.o
                0x08000ef4                setDiscoverability
 .text.i2c_init
                0x08000f40      0x130 ./Core/Src/i2c.o
                0x08000f40                i2c_init
 .text.i2c_transaction
                0x08001070      0x164 ./Core/Src/i2c.o
                0x08001070                i2c_transaction
 .text.__NVIC_EnableIRQ
                0x080011d4       0x3c ./Core/Src/lptimer.o
 .text.__NVIC_SetPriority
                0x08001210       0x54 ./Core/Src/lptimer.o
 .text.lptimer_init
                0x08001264       0xd8 ./Core/Src/lptimer.o
                0x08001264                lptimer_init
 .text.lptimer_reset
                0x0800133c       0x1a ./Core/Src/lptimer.o
                0x0800133c                lptimer_reset
 *fill*         0x08001356        0x2 
 .text.lptim_set_ms
                0x08001358       0x2c ./Core/Src/lptimer.o
                0x08001358                lptim_set_ms
 .text.lsm6dsl_init
                0x08001384       0x3a ./Core/Src/lsm6dsl.o
                0x08001384                lsm6dsl_init
 .text.lsm6dsl_read_xyz
                0x080013be      0x10a ./Core/Src/lsm6dsl.o
                0x080013be                lsm6dsl_read_xyz
 .text.ITM_SendChar
                0x080014c8       0x4e ./Core/Src/main.o
 .text._write   0x08001516       0x3c ./Core/Src/main.o
                0x08001516                _write
 *fill*         0x08001552        0x2 
 .text.disable_bus
                0x08001554       0x50 ./Core/Src/main.o
                0x08001554                disable_bus
 .text.main     0x080015a4      0x20c ./Core/Src/main.o
                0x080015a4                main
 .text.SystemClock_Config
                0x080017b0       0x90 ./Core/Src/main.o
                0x080017b0                SystemClock_Config
 .text.MX_SPI3_Init
                0x08001840       0x7c ./Core/Src/main.o
 .text.MX_GPIO_Init
                0x080018bc      0x130 ./Core/Src/main.o
 .text.Error_Handler
                0x080019ec        0xc ./Core/Src/main.o
                0x080019ec                Error_Handler
 .text.LPTIM1_IRQHandler
                0x080019f8       0x90 ./Core/Src/main.o
                0x080019f8                LPTIM1_IRQHandler
 .text.HAL_MspInit
                0x08001a88       0x48 ./Core/Src/stm32l4xx_hal_msp.o
                0x08001a88                HAL_MspInit
 .text.HAL_SPI_MspInit
                0x08001ad0       0x88 ./Core/Src/stm32l4xx_hal_msp.o
                0x08001ad0                HAL_SPI_MspInit
 .text.NMI_Handler
                0x08001b58        0x8 ./Core/Src/stm32l4xx_it.o
                0x08001b58                NMI_Handler
 .text.HardFault_Handler
                0x08001b60        0x8 ./Core/Src/stm32l4xx_it.o
                0x08001b60                HardFault_Handler
 .text.MemManage_Handler
                0x08001b68        0x8 ./Core/Src/stm32l4xx_it.o
                0x08001b68                MemManage_Handler
 .text.BusFault_Handler
                0x08001b70        0x8 ./Core/Src/stm32l4xx_it.o
                0x08001b70                BusFault_Handler
 .text.UsageFault_Handler
                0x08001b78        0x8 ./Core/Src/stm32l4xx_it.o
                0x08001b78                UsageFault_Handler
 .text.SVC_Handler
                0x08001b80        0xe ./Core/Src/stm32l4xx_it.o
                0x08001b80                SVC_Handler
 .text.DebugMon_Handler
                0x08001b8e        0xe ./Core/Src/stm32l4xx_it.o
                0x08001b8e                DebugMon_Handler
 .text.PendSV_Handler
                0x08001b9c        0xe ./Core/Src/stm32l4xx_it.o
                0x08001b9c                PendSV_Handler
 .text.SysTick_Handler
                0x08001baa        0xc ./Core/Src/stm32l4xx_it.o
                0x08001baa                SysTick_Handler
 *fill*         0x08001bb6        0x2 
 .text.EXTI9_5_IRQHandler
                0x08001bb8       0x18 ./Core/Src/stm32l4xx_it.o
                0x08001bb8                EXTI9_5_IRQHandler
 .text._read    0x08001bd0       0x3a ./Core/Src/syscalls.o
                0x08001bd0                _read
 *fill*         0x08001c0a        0x2 
 .text._sbrk    0x08001c0c       0x58 ./Core/Src/syscalls.o
                0x08001c0c                _sbrk
 .text._close   0x08001c64       0x18 ./Core/Src/syscalls.o
                0x08001c64                _close
 .text._fstat   0x08001c7c       0x20 ./Core/Src/syscalls.o
                0x08001c7c                _fstat
 .text._isatty  0x08001c9c       0x16 ./Core/Src/syscalls.o
                0x08001c9c                _isatty
 .text._lseek   0x08001cb2       0x1a ./Core/Src/syscalls.o
                0x08001cb2                _lseek
 .text.SystemInit
                0x08001ccc       0x6c ./Core/Src/system_stm32l4xx.o
                0x08001ccc                SystemInit
 .text.Reset_Handler
                0x08001d38       0x50 ./Core/Startup/startup_stm32l475vgtx.o
                0x08001d38                Reset_Handler
 .text.Default_Handler
                0x08001d88        0x2 ./Core/Startup/startup_stm32l475vgtx.o
                0x08001d88                TIM1_BRK_TIM15_IRQHandler
                0x08001d88                EXTI2_IRQHandler
                0x08001d88                TIM8_TRG_COM_IRQHandler
                0x08001d88                TIM8_CC_IRQHandler
                0x08001d88                TIM1_CC_IRQHandler
                0x08001d88                TSC_IRQHandler
                0x08001d88                TAMP_STAMP_IRQHandler
                0x08001d88                EXTI3_IRQHandler
                0x08001d88                LPTIM2_IRQHandler
                0x08001d88                DFSDM1_FLT1_IRQHandler
                0x08001d88                I2C3_ER_IRQHandler
                0x08001d88                DFSDM1_FLT2_IRQHandler
                0x08001d88                EXTI0_IRQHandler
                0x08001d88                I2C2_EV_IRQHandler
                0x08001d88                CAN1_RX0_IRQHandler
                0x08001d88                FPU_IRQHandler
                0x08001d88                TIM1_UP_TIM16_IRQHandler
                0x08001d88                ADC1_2_IRQHandler
                0x08001d88                SPI1_IRQHandler
                0x08001d88                TIM6_DAC_IRQHandler
                0x08001d88                TIM8_UP_IRQHandler
                0x08001d88                DMA2_Channel2_IRQHandler
                0x08001d88                DMA1_Channel4_IRQHandler
                0x08001d88                SAI2_IRQHandler
                0x08001d88                DFSDM1_FLT3_IRQHandler
                0x08001d88                USART3_IRQHandler
                0x08001d88                DMA1_Channel7_IRQHandler
                0x08001d88                CAN1_RX1_IRQHandler
                0x08001d88                UART5_IRQHandler
                0x08001d88                ADC3_IRQHandler
                0x08001d88                TIM4_IRQHandler
                0x08001d88                DMA2_Channel1_IRQHandler
                0x08001d88                QUADSPI_IRQHandler
                0x08001d88                I2C1_EV_IRQHandler
                0x08001d88                DMA1_Channel6_IRQHandler
                0x08001d88                UART4_IRQHandler
                0x08001d88                DMA2_Channel4_IRQHandler
                0x08001d88                TIM3_IRQHandler
                0x08001d88                RCC_IRQHandler
                0x08001d88                DMA1_Channel1_IRQHandler
                0x08001d88                Default_Handler
                0x08001d88                DMA2_Channel7_IRQHandler
                0x08001d88                EXTI15_10_IRQHandler
                0x08001d88                TIM7_IRQHandler
                0x08001d88                SDMMC1_IRQHandler
                0x08001d88                TIM5_IRQHandler
                0x08001d88                I2C3_EV_IRQHandler
                0x08001d88                RTC_WKUP_IRQHandler
                0x08001d88                PVD_PVM_IRQHandler
                0x08001d88                SPI2_IRQHandler
                0x08001d88                CAN1_TX_IRQHandler
                0x08001d88                DMA2_Channel5_IRQHandler
                0x08001d88                DMA1_Channel5_IRQHandler
                0x08001d88                EXTI4_IRQHandler
                0x08001d88                RNG_IRQHandler
                0x08001d88                TIM1_TRG_COM_TIM17_IRQHandler
                0x08001d88                DMA1_Channel3_IRQHandler
                0x08001d88                COMP_IRQHandler
                0x08001d88                WWDG_IRQHandler
                0x08001d88                LPUART1_IRQHandler
                0x08001d88                DMA2_Channel6_IRQHandler
                0x08001d88                TIM2_IRQHandler
                0x08001d88                EXTI1_IRQHandler
                0x08001d88                USART2_IRQHandler
                0x08001d88                DFSDM1_FLT0_IRQHandler
                0x08001d88                I2C2_ER_IRQHandler
                0x08001d88                DMA1_Channel2_IRQHandler
                0x08001d88                TIM8_BRK_IRQHandler
                0x08001d88                CAN1_SCE_IRQHandler
                0x08001d88                FLASH_IRQHandler
                0x08001d88                USART1_IRQHandler
                0x08001d88                OTG_FS_IRQHandler
                0x08001d88                SPI3_IRQHandler
                0x08001d88                I2C1_ER_IRQHandler
                0x08001d88                FMC_IRQHandler
                0x08001d88                SWPMI1_IRQHandler
                0x08001d88                SAI1_IRQHandler
                0x08001d88                DMA2_Channel3_IRQHandler
                0x08001d88                RTC_Alarm_IRQHandler
 .text.HAL_Init
                0x08001d8a       0x30 ./Drivers/STM32L4xx_HAL_Driver/Src/stm32l4xx_hal.o
                0x08001d8a                HAL_Init
 *fill*         0x08001dba        0x2 
 .text.HAL_InitTick
                0x08001dbc       0x78 ./Drivers/STM32L4xx_HAL_Driver/Src/stm32l4xx_hal.o
                0x08001dbc                HAL_InitTick
 .text.HAL_IncTick
                0x08001e34       0x28 ./Drivers/STM32L4xx_HAL_Driver/Src/stm32l4xx_hal.o
                0x08001e34                HAL_IncTick
 .text.HAL_GetTick
                0x08001e5c       0x18 ./Drivers/STM32L4xx_HAL_Driver/Src/stm32l4xx_hal.o
                0x08001e5c                HAL_GetTick
 .text.HAL_Delay
                0x08001e74       0x48 ./Drivers/STM32L4xx_HAL_Driver/Src/stm32l4xx_hal.o
                0x08001e74                HAL_Delay
 .text.HAL_SuspendTick
                0x08001ebc       0x20 ./Drivers/STM32L4xx_HAL_Driver/Src/stm32l4xx_hal.o
                0x08001ebc                HAL_SuspendTick
 .text.HAL_ResumeTick
                0x08001edc       0x20 ./Drivers/STM32L4xx_HAL_Driver/Src/stm32l4xx_hal.o
                0x08001edc                HAL_ResumeTick
 .text.__NVIC_SetPriorityGrouping
                0x08001efc       0x48 ./Drivers/STM32L4xx_HAL_Driver/Src/stm32l4xx_hal_cortex.o
 .text.__NVIC_GetPriorityGrouping
                0x08001f44       0x1c ./Drivers/STM32L4xx_HAL_Driver/Src/stm32l4xx_hal_cortex.o
 .text.__NVIC_EnableIRQ
                0x08001f60       0x3c ./Drivers/STM32L4xx_HAL_Driver/Src/stm32l4xx_hal_cortex.o
 .text.__NVIC_SetPriority
                0x08001f9c       0x54 ./Drivers/STM32L4xx_HAL_Driver/Src/stm32l4xx_hal_cortex.o
 .text.NVIC_EncodePriority
                0x08001ff0       0x66 ./Drivers/STM32L4xx_HAL_Driver/Src/stm32l4xx_hal_cortex.o
 *fill*         0x08002056        0x2 
 .text.SysTick_Config
                0x08002058       0x44 ./Drivers/STM32L4xx_HAL_Driver/Src/stm32l4xx_hal_cortex.o
 .text.HAL_NVIC_SetPriorityGrouping
                0x0800209c       0x16 ./Drivers/STM32L4xx_HAL_Driver/Src/stm32l4xx_hal_cortex.o
                0x0800209c                HAL_NVIC_SetPriorityGrouping
 .text.HAL_NVIC_SetPriority
                0x080020b2       0x38 ./Drivers/STM32L4xx_HAL_Driver/Src/stm32l4xx_hal_cortex.o
                0x080020b2                HAL_NVIC_SetPriority
 .text.HAL_NVIC_EnableIRQ
                0x080020ea       0x1c ./Drivers/STM32L4xx_HAL_Driver/Src/stm32l4xx_hal_cortex.o
                0x080020ea                HAL_NVIC_EnableIRQ
 .text.HAL_SYSTICK_Config
                0x08002106       0x18 ./Drivers/STM32L4xx_HAL_Driver/Src/stm32l4xx_hal_cortex.o
                0x08002106                HAL_SYSTICK_Config
 *fill*         0x0800211e        0x2 
 .text.HAL_GPIO_Init
                0x08002120      0x354 ./Drivers/STM32L4xx_HAL_Driver/Src/stm32l4xx_hal_gpio.o
                0x08002120                HAL_GPIO_Init
 .text.HAL_GPIO_ReadPin
                0x08002474       0x30 ./Drivers/STM32L4xx_HAL_Driver/Src/stm32l4xx_hal_gpio.o
                0x08002474                HAL_GPIO_ReadPin
 .text.HAL_GPIO_WritePin
                0x080024a4       0x30 ./Drivers/STM32L4xx_HAL_Driver/Src/stm32l4xx_hal_gpio.o
                0x080024a4                HAL_GPIO_WritePin
 .text.HAL_GPIO_EXTI_IRQHandler
                0x080024d4       0x30 ./Drivers/STM32L4xx_HAL_Driver/Src/stm32l4xx_hal_gpio.o
                0x080024d4                HAL_GPIO_EXTI_IRQHandler
 .text.HAL_GPIO_EXTI_Callback
                0x08002504       0x16 ./Drivers/STM32L4xx_HAL_Driver/Src/stm32l4xx_hal_gpio.o
                0x08002504                HAL_GPIO_EXTI_Callback
 *fill*         0x0800251a        0x2 
 .text.HAL_PWREx_GetVoltageRange
                0x0800251c       0x1c ./Drivers/STM32L4xx_HAL_Driver/Src/stm32l4xx_hal_pwr_ex.o
                0x0800251c                HAL_PWREx_GetVoltageRange
 .text.HAL_PWREx_ControlVoltageScaling
                0x08002538       0xac ./Drivers/STM32L4xx_HAL_Driver/Src/stm32l4xx_hal_pwr_ex.o
                0x08002538                HAL_PWREx_ControlVoltageScaling
 .text.HAL_PWREx_EnterSTOP2Mode
                0x080025e4       0x58 ./Drivers/STM32L4xx_HAL_Driver/Src/stm32l4xx_hal_pwr_ex.o
                0x080025e4                HAL_PWREx_EnterSTOP2Mode
 .text.HAL_RCC_OscConfig
                0x0800263c      0x7b8 ./Drivers/STM32L4xx_HAL_Driver/Src/stm32l4xx_hal_rcc.o
                0x0800263c                HAL_RCC_OscConfig
 .text.HAL_RCC_ClockConfig
                0x08002df4      0x200 ./Drivers/STM32L4xx_HAL_Driver/Src/stm32l4xx_hal_rcc.o
                0x08002df4                HAL_RCC_ClockConfig
 .text.HAL_RCC_GetSysClockFreq
                0x08002ff4      0x118 ./Drivers/STM32L4xx_HAL_Driver/Src/stm32l4xx_hal_rcc.o
                0x08002ff4                HAL_RCC_GetSysClockFreq
 .text.RCC_SetFlashLatencyFromMSIRange
                0x0800310c       0xc0 ./Drivers/STM32L4xx_HAL_Driver/Src/stm32l4xx_hal_rcc.o
 .text.HAL_SPI_Init
                0x080031cc      0x146 ./Drivers/STM32L4xx_HAL_Driver/Src/stm32l4xx_hal_spi.o
                0x080031cc                HAL_SPI_Init
 .text.HAL_SPI_Transmit
                0x08003312      0x2ea ./Drivers/STM32L4xx_HAL_Driver/Src/stm32l4xx_hal_spi.o
                0x08003312                HAL_SPI_Transmit
 .text.HAL_SPI_TransmitReceive
                0x080035fc      0x444 ./Drivers/STM32L4xx_HAL_Driver/Src/stm32l4xx_hal_spi.o
                0x080035fc                HAL_SPI_TransmitReceive
 .text.SPI_WaitFlagStateUntilTimeout
                0x08003a40      0x110 ./Drivers/STM32L4xx_HAL_Driver/Src/stm32l4xx_hal_spi.o
 .text.SPI_WaitFifoStateUntilTimeout
                0x08003b50      0x12c ./Drivers/STM32L4xx_HAL_Driver/Src/stm32l4xx_hal_spi.o
 .text.SPI_EndRxTxTransaction
                0x08003c7c       0x8c ./Drivers/STM32L4xx_HAL_Driver/Src/stm32l4xx_hal_spi.o
 .text.malloc   0x08003d08       0x10 /Applications/STM32CubeIDE.app/Contents/Eclipse/plugins/com.st.stm32cube.ide.mcu.externaltools.gnu-tools-for-stm32.12.3.rel1.macos64_1.1.0.202410301201/tools/bin/../lib/gcc/arm-none-eabi/12.3.1/../../../../arm-none-eabi/lib/thumb/v7e-m+fp/hard/libc_nano.a(libc_a-malloc.o)
                0x08003d08                malloc
 .text.free     0x08003d18       0x10 /Applications/STM32CubeIDE.app/Contents/Eclipse/plugins/com.st.stm32cube.ide.mcu.externaltools.gnu-tools-for-stm32.12.3.rel1.macos64_1.1.0.202410301201/tools/bin/../lib/gcc/arm-none-eabi/12.3.1/../../../../arm-none-eabi/lib/thumb/v7e-m+fp/hard/libc_nano.a(libc_a-malloc.o)
                0x08003d18                free
 .text.sbrk_aligned
                0x08003d28       0x44 /Applications/STM32CubeIDE.app/Contents/Eclipse/plugins/com.st.stm32cube.ide.mcu.externaltools.gnu-tools-for-stm32.12.3.rel1.macos64_1.1.0.202410301201/tools/bin/../lib/gcc/arm-none-eabi/12.3.1/../../../../arm-none-eabi/lib/thumb/v7e-m+fp/hard/libc_nano.a(libc_a-mallocr.o)
 .text._malloc_r
                0x08003d6c      0x100 /Applications/STM32CubeIDE.app/Contents/Eclipse/plugins/com.st.stm32cube.ide.mcu.externaltools.gnu-tools-for-stm32.12.3.rel1.macos64_1.1.0.202410301201/tools/bin/../lib/gcc/arm-none-eabi/12.3.1/../../../../arm-none-eabi/lib/thumb/v7e-m+fp/hard/libc_nano.a(libc_a-mallocr.o)
                0x08003d6c                _malloc_r
 .text.snprintf
                0x08003e6c       0x68 /Applications/STM32CubeIDE.app/Contents/Eclipse/plugins/com.st.stm32cube.ide.mcu.externaltools.gnu-tools-for-stm32.12.3.rel1.macos64_1.1.0.202410301201/tools/bin/../lib/gcc/arm-none-eabi/12.3.1/../../../../arm-none-eabi/lib/thumb/v7e-m+fp/hard/libc_nano.a(libc_a-snprintf.o)
                0x08003e6c                snprintf
                0x08003e6c                sniprintf
 .text.__malloc_lock
                0x08003ed4        0xc /Applications/STM32CubeIDE.app/Contents/Eclipse/plugins/com.st.stm32cube.ide.mcu.externaltools.gnu-tools-for-stm32.12.3.rel1.macos64_1.1.0.202410301201/tools/bin/../lib/gcc/arm-none-eabi/12.3.1/../../../../arm-none-eabi/lib/thumb/v7e-m+fp/hard/libc_nano.a(libc_a-mlock.o)
                0x08003ed4                __malloc_lock
 .text.__malloc_unlock
                0x08003ee0        0xc /Applications/STM32CubeIDE.app/Contents/Eclipse/plugins/com.st.stm32cube.ide.mcu.externaltools.gnu-tools-for-stm32.12.3.rel1.macos64_1.1.0.202410301201/tools/bin/../lib/gcc/arm-none-eabi/12.3.1/../../../../arm-none-eabi/lib/thumb/v7e-m+fp/hard/libc_nano.a(libc_a-mlock.o)
                0x08003ee0                __malloc_unlock
 .text.std      0x08003eec       0x6c /Applications/STM32CubeIDE.app/Contents/Eclipse/plugins/com.st.stm32cube.ide.mcu.externaltools.gnu-tools-for-stm32.12.3.rel1.macos64_1.1.0.202410301201/tools/bin/../lib/gcc/arm-none-eabi/12.3.1/../../../../arm-none-eabi/lib/thumb/v7e-m+fp/hard/libc_nano.a(libc_a-findfp.o)
 .text.stdio_exit_handler
                0x08003f58       0x18 /Applications/STM32CubeIDE.app/Contents/Eclipse/plugins/com.st.stm32cube.ide.mcu.externaltools.gnu-tools-for-stm32.12.3.rel1.macos64_1.1.0.202410301201/tools/bin/../lib/gcc/arm-none-eabi/12.3.1/../../../../arm-none-eabi/lib/thumb/v7e-m+fp/hard/libc_nano.a(libc_a-findfp.o)
 .text.cleanup_stdio
                0x08003f70       0x40 /Applications/STM32CubeIDE.app/Contents/Eclipse/plugins/com.st.stm32cube.ide.mcu.externaltools.gnu-tools-for-stm32.12.3.rel1.macos64_1.1.0.202410301201/tools/bin/../lib/gcc/arm-none-eabi/12.3.1/../../../../arm-none-eabi/lib/thumb/v7e-m+fp/hard/libc_nano.a(libc_a-findfp.o)
 .text.global_stdio_init.part.0
                0x08003fb0       0x3c /Applications/STM32CubeIDE.app/Contents/Eclipse/plugins/com.st.stm32cube.ide.mcu.externaltools.gnu-tools-for-stm32.12.3.rel1.macos64_1.1.0.202410301201/tools/bin/../lib/gcc/arm-none-eabi/12.3.1/../../../../arm-none-eabi/lib/thumb/v7e-m+fp/hard/libc_nano.a(libc_a-findfp.o)
 .text.__sfp_lock_acquire
                0x08003fec        0xc /Applications/STM32CubeIDE.app/Contents/Eclipse/plugins/com.st.stm32cube.ide.mcu.externaltools.gnu-tools-for-stm32.12.3.rel1.macos64_1.1.0.202410301201/tools/bin/../lib/gcc/arm-none-eabi/12.3.1/../../../../arm-none-eabi/lib/thumb/v7e-m+fp/hard/libc_nano.a(libc_a-findfp.o)
                0x08003fec                __sfp_lock_acquire
 .text.__sfp_lock_release
                0x08003ff8        0xc /Applications/STM32CubeIDE.app/Contents/Eclipse/plugins/com.st.stm32cube.ide.mcu.externaltools.gnu-tools-for-stm32.12.3.rel1.macos64_1.1.0.202410301201/tools/bin/../lib/gcc/arm-none-eabi/12.3.1/../../../../arm-none-eabi/lib/thumb/v7e-m+fp/hard/libc_nano.a(libc_a-findfp.o)
                0x08003ff8                __sfp_lock_release
 .text.__sinit  0x08004004       0x30 /Applications/STM32CubeIDE.app/Contents/Eclipse/plugins/com.st.stm32cube.ide.mcu.externaltools.gnu-tools-for-stm32.12.3.rel1.macos64_1.1.0.202410301201/tools/bin/../lib/gcc/arm-none-eabi/12.3.1/../../../../arm-none-eabi/lib/thumb/v7e-m+fp/hard/libc_nano.a(libc_a-findfp.o)
                0x08004004                __sinit
 .text._fwalk_sglue
                0x08004034       0x3c /Applications/STM32CubeIDE.app/Contents/Eclipse/plugins/com.st.stm32cube.ide.mcu.externaltools.gnu-tools-for-stm32.12.3.rel1.macos64_1.1.0.202410301201/tools/bin/../lib/gcc/arm-none-eabi/12.3.1/../../../../arm-none-eabi/lib/thumb/v7e-m+fp/hard/libc_nano.a(libc_a-fwalk.o)
                0x08004034                _fwalk_sglue
 .text._puts_r  0x08004070       0xaa /Applications/STM32CubeIDE.app/Contents/Eclipse/plugins/com.st.stm32cube.ide.mcu.externaltools.gnu-tools-for-stm32.12.3.rel1.macos64_1.1.0.202410301201/tools/bin/../lib/gcc/arm-none-eabi/12.3.1/../../../../arm-none-eabi/lib/thumb/v7e-m+fp/hard/libc_nano.a(libc_a-puts.o)
                0x08004070                _puts_r
 *fill*         0x0800411a        0x2 
 .text.puts     0x0800411c       0x10 /Applications/STM32CubeIDE.app/Contents/Eclipse/plugins/com.st.stm32cube.ide.mcu.externaltools.gnu-tools-for-stm32.12.3.rel1.macos64_1.1.0.202410301201/tools/bin/../lib/gcc/arm-none-eabi/12.3.1/../../../../arm-none-eabi/lib/thumb/v7e-m+fp/hard/libc_nano.a(libc_a-puts.o)
                0x0800411c                puts
 .text.memset   0x0800412c       0x10 /Applications/STM32CubeIDE.app/Contents/Eclipse/plugins/com.st.stm32cube.ide.mcu.externaltools.gnu-tools-for-stm32.12.3.rel1.macos64_1.1.0.202410301201/tools/bin/../lib/gcc/arm-none-eabi/12.3.1/../../../../arm-none-eabi/lib/thumb/v7e-m+fp/hard/libc_nano.a(libc_a-memset.o)
                0x0800412c                memset
 .text._sbrk_r  0x0800413c       0x20 /Applications/STM32CubeIDE.app/Contents/Eclipse/plugins/com.st.stm32cube.ide.mcu.externaltools.gnu-tools-for-stm32.12.3.rel1.macos64_1.1.0.202410301201/tools/bin/../lib/gcc/arm-none-eabi/12.3.1/../../../../arm-none-eabi/lib/thumb/v7e-m+fp/hard/libc_nano.a(libc_a-sbrkr.o)
                0x0800413c                _sbrk_r
 .text.__errno  0x0800415c        0xc /Applications/STM32CubeIDE.app/Contents/Eclipse/plugins/com.st.stm32cube.ide.mcu.externaltools.gnu-tools-for-stm32.12.3.rel1.macos64_1.1.0.202410301201/tools/bin/../lib/gcc/arm-none-eabi/12.3.1/../../../../arm-none-eabi/lib/thumb/v7e-m+fp/hard/libc_nano.a(libc_a-errno.o)
                0x0800415c                __errno
 .text.__libc_init_array
                0x08004168       0x48 /Applications/STM32CubeIDE.app/Contents/Eclipse/plugins/com.st.stm32cube.ide.mcu.externaltools.gnu-tools-for-stm32.12.3.rel1.macos64_1.1.0.202410301201/tools/bin/../lib/gcc/arm-none-eabi/12.3.1/../../../../arm-none-eabi/lib/thumb/v7e-m+fp/hard/libc_nano.a(libc_a-init.o)
                0x08004168                __libc_init_array
 .text.__retarget_lock_init_recursive
                0x080041b0        0x2 /Applications/STM32CubeIDE.app/Contents/Eclipse/plugins/com.st.stm32cube.ide.mcu.externaltools.gnu-tools-for-stm32.12.3.rel1.macos64_1.1.0.202410301201/tools/bin/../lib/gcc/arm-none-eabi/12.3.1/../../../../arm-none-eabi/lib/thumb/v7e-m+fp/hard/libc_nano.a(libc_a-lock.o)
                0x080041b0                __retarget_lock_init_recursive
 .text.__retarget_lock_acquire_recursive
                0x080041b2        0x2 /Applications/STM32CubeIDE.app/Contents/Eclipse/plugins/com.st.stm32cube.ide.mcu.externaltools.gnu-tools-for-stm32.12.3.rel1.macos64_1.1.0.202410301201/tools/bin/../lib/gcc/arm-none-eabi/12.3.1/../../../../arm-none-eabi/lib/thumb/v7e-m+fp/hard/libc_nano.a(libc_a-lock.o)
                0x080041b2                __retarget_lock_acquire_recursive
 .text.__retarget_lock_release_recursive
                0x080041b4        0x2 /Applications/STM32CubeIDE.app/Contents/Eclipse/plugins/com.st.stm32cube.ide.mcu.externaltools.gnu-tools-for-stm32.12.3.rel1.macos64_1.1.0.202410301201/tools/bin/../lib/gcc/arm-none-eabi/12.3.1/../../../../arm-none-eabi/lib/thumb/v7e-m+fp/hard/libc_nano.a(libc_a-lock.o)
                0x080041b4                __retarget_lock_release_recursive
 .text.memcpy   0x080041b6       0x1c /Applications/STM32CubeIDE.app/Contents/Eclipse/plugins/com.st.stm32cube.ide.mcu.externaltools.gnu-tools-for-stm32.12.3.rel1.macos64_1.1.0.202410301201/tools/bin/../lib/gcc/arm-none-eabi/12.3.1/../../../../arm-none-eabi/lib/thumb/v7e-m+fp/hard/libc_nano.a(libc_a-memcpy-stub.o)
                0x080041b6                memcpy
 *fill*         0x080041d2        0x2 
 .text._free_r  0x080041d4       0x94 /Applications/STM32CubeIDE.app/Contents/Eclipse/plugins/com.st.stm32cube.ide.mcu.externaltools.gnu-tools-for-stm32.12.3.rel1.macos64_1.1.0.202410301201/tools/bin/../lib/gcc/arm-none-eabi/12.3.1/../../../../arm-none-eabi/lib/thumb/v7e-m+fp/hard/libc_nano.a(libc_a-freer.o)
                0x080041d4                _free_r
 .text.__ssputs_r
                0x08004268       0xb6 /Applications/STM32CubeIDE.app/Contents/Eclipse/plugins/com.st.stm32cube.ide.mcu.externaltools.gnu-tools-for-stm32.12.3.rel1.macos64_1.1.0.202410301201/tools/bin/../lib/gcc/arm-none-eabi/12.3.1/../../../../arm-none-eabi/lib/thumb/v7e-m+fp/hard/libc_nano.a(libc_a-nano-svfprintf.o)
                0x08004268                __ssputs_r
 *fill*         0x0800431e        0x2 
 .text._svfprintf_r
                0x08004320      0x1f8 /Applications/STM32CubeIDE.app/Contents/Eclipse/plugins/com.st.stm32cube.ide.mcu.externaltools.gnu-tools-for-stm32.12.3.rel1.macos64_1.1.0.202410301201/tools/bin/../lib/gcc/arm-none-eabi/12.3.1/../../../../arm-none-eabi/lib/thumb/v7e-m+fp/hard/libc_nano.a(libc_a-nano-svfprintf.o)
                0x08004320                _svfprintf_r
                0x08004320                _svfiprintf_r
 .text._printf_common
                0x08004518       0xda /Applications/STM32CubeIDE.app/Contents/Eclipse/plugins/com.st.stm32cube.ide.mcu.externaltools.gnu-tools-for-stm32.12.3.rel1.macos64_1.1.0.202410301201/tools/bin/../lib/gcc/arm-none-eabi/12.3.1/../../../../arm-none-eabi/lib/thumb/v7e-m+fp/hard/libc_nano.a(libc_a-nano-vfprintf_i.o)
                0x08004518                _printf_common
 *fill*         0x080045f2        0x2 
 .text._printf_i
                0x080045f4      0x240 /Applications/STM32CubeIDE.app/Contents/Eclipse/plugins/com.st.stm32cube.ide.mcu.externaltools.gnu-tools-for-stm32.12.3.rel1.macos64_1.1.0.202410301201/tools/bin/../lib/gcc/arm-none-eabi/12.3.1/../../../../arm-none-eabi/lib/thumb/v7e-m+fp/hard/libc_nano.a(libc_a-nano-vfprintf_i.o)
                0x080045f4                _printf_i
 .text.__sflush_r
                0x08004834      0x108 /Applications/STM32CubeIDE.app/Contents/Eclipse/plugins/com.st.stm32cube.ide.mcu.externaltools.gnu-tools-for-stm32.12.3.rel1.macos64_1.1.0.202410301201/tools/bin/../lib/gcc/arm-none-eabi/12.3.1/../../../../arm-none-eabi/lib/thumb/v7e-m+fp/hard/libc_nano.a(libc_a-fflush.o)
                0x08004834                __sflush_r
 .text._fflush_r
                0x0800493c       0x50 /Applications/STM32CubeIDE.app/Contents/Eclipse/plugins/com.st.stm32cube.ide.mcu.externaltools.gnu-tools-for-stm32.12.3.rel1.macos64_1.1.0.202410301201/tools/bin/../lib/gcc/arm-none-eabi/12.3.1/../../../../arm-none-eabi/lib/thumb/v7e-m+fp/hard/libc_nano.a(libc_a-fflush.o)
                0x0800493c                _fflush_r
 .text.__sread  0x0800498c       0x22 /Applications/STM32CubeIDE.app/Contents/Eclipse/plugins/com.st.stm32cube.ide.mcu.externaltools.gnu-tools-for-stm32.12.3.rel1.macos64_1.1.0.202410301201/tools/bin/../lib/gcc/arm-none-eabi/12.3.1/../../../../arm-none-eabi/lib/thumb/v7e-m+fp/hard/libc_nano.a(libc_a-stdio.o)
                0x0800498c                __sread
 .text.__swrite
                0x080049ae       0x38 /Applications/STM32CubeIDE.app/Contents/Eclipse/plugins/com.st.stm32cube.ide.mcu.externaltools.gnu-tools-for-stm32.12.3.rel1.macos64_1.1.0.202410301201/tools/bin/../lib/gcc/arm-none-eabi/12.3.1/../../../../arm-none-eabi/lib/thumb/v7e-m+fp/hard/libc_nano.a(libc_a-stdio.o)
                0x080049ae                __swrite
 .text.__sseek  0x080049e6       0x24 /Applications/STM32CubeIDE.app/Contents/Eclipse/plugins/com.st.stm32cube.ide.mcu.externaltools.gnu-tools-for-stm32.12.3.rel1.macos64_1.1.0.202410301201/tools/bin/../lib/gcc/arm-none-eabi/12.3.1/../../../../arm-none-eabi/lib/thumb/v7e-m+fp/hard/libc_nano.a(libc_a-stdio.o)
                0x080049e6                __sseek
 .text.__sclose
                0x08004a0a        0x8 /Applications/STM32CubeIDE.app/Contents/Eclipse/plugins/com.st.stm32cube.ide.mcu.externaltools.gnu-tools-for-stm32.12.3.rel1.macos64_1.1.0.202410301201/tools/bin/../lib/gcc/arm-none-eabi/12.3.1/../../../../arm-none-eabi/lib/thumb/v7e-m+fp/hard/libc_nano.a(libc_a-stdio.o)
                0x08004a0a                __sclose
 .text._realloc_r
                0x08004a12       0x5c /Applications/STM32CubeIDE.app/Contents/Eclipse/plugins/com.st.stm32cube.ide.mcu.externaltools.gnu-tools-for-stm32.12.3.rel1.macos64_1.1.0.202410301201/tools/bin/../lib/gcc/arm-none-eabi/12.3.1/../../../../arm-none-eabi/lib/thumb/v7e-m+fp/hard/libc_nano.a(libc_a-reallocr.o)
                0x08004a12                _realloc_r
 .text.__swbuf_r
                0x08004a6e       0x7c /Applications/STM32CubeIDE.app/Contents/Eclipse/plugins/com.st.stm32cube.ide.mcu.externaltools.gnu-tools-for-stm32.12.3.rel1.macos64_1.1.0.202410301201/tools/bin/../lib/gcc/arm-none-eabi/12.3.1/../../../../arm-none-eabi/lib/thumb/v7e-m+fp/hard/libc_nano.a(libc_a-wbuf.o)
                0x08004a6e                __swbuf_r
 *fill*         0x08004aea        0x2 
 .text.__swsetup_r
                0x08004aec       0xac /Applications/STM32CubeIDE.app/Contents/Eclipse/plugins/com.st.stm32cube.ide.mcu.externaltools.gnu-tools-for-stm32.12.3.rel1.macos64_1.1.0.202410301201/tools/bin/../lib/gcc/arm-none-eabi/12.3.1/../../../../arm-none-eabi/lib/thumb/v7e-m+fp/hard/libc_nano.a(libc_a-wsetup.o)
                0x08004aec                __swsetup_r
 .text.__swhatbuf_r
                0x08004b98       0x4c /Applications/STM32CubeIDE.app/Contents/Eclipse/plugins/com.st.stm32cube.ide.mcu.externaltools.gnu-tools-for-stm32.12.3.rel1.macos64_1.1.0.202410301201/tools/bin/../lib/gcc/arm-none-eabi/12.3.1/../../../../arm-none-eabi/lib/thumb/v7e-m+fp/hard/libc_nano.a(libc_a-makebuf.o)
                0x08004b98                __swhatbuf_r
 .text.__smakebuf_r
                0x08004be4       0x78 /Applications/STM32CubeIDE.app/Contents/Eclipse/plugins/com.st.stm32cube.ide.mcu.externaltools.gnu-tools-for-stm32.12.3.rel1.macos64_1.1.0.202410301201/tools/bin/../lib/gcc/arm-none-eabi/12.3.1/../../../../arm-none-eabi/lib/thumb/v7e-m+fp/hard/libc_nano.a(libc_a-makebuf.o)
                0x08004be4                __smakebuf_r
 .text.memmove  0x08004c5c       0x34 /Applications/STM32CubeIDE.app/Contents/Eclipse/plugins/com.st.stm32cube.ide.mcu.externaltools.gnu-tools-for-stm32.12.3.rel1.macos64_1.1.0.202410301201/tools/bin/../lib/gcc/arm-none-eabi/12.3.1/../../../../arm-none-eabi/lib/thumb/v7e-m+fp/hard/libc_nano.a(libc_a-memmove.o)
                0x08004c5c                memmove
 .text._close_r
                0x08004c90       0x20 /Applications/STM32CubeIDE.app/Contents/Eclipse/plugins/com.st.stm32cube.ide.mcu.externaltools.gnu-tools-for-stm32.12.3.rel1.macos64_1.1.0.202410301201/tools/bin/../lib/gcc/arm-none-eabi/12.3.1/../../../../arm-none-eabi/lib/thumb/v7e-m+fp/hard/libc_nano.a(libc_a-closer.o)
                0x08004c90                _close_r
 .text._fstat_r
                0x08004cb0       0x24 /Applications/STM32CubeIDE.app/Contents/Eclipse/plugins/com.st.stm32cube.ide.mcu.externaltools.gnu-tools-for-stm32.12.3.rel1.macos64_1.1.0.202410301201/tools/bin/../lib/gcc/arm-none-eabi/12.3.1/../../../../arm-none-eabi/lib/thumb/v7e-m+fp/hard/libc_nano.a(libc_a-fstatr.o)
                0x08004cb0                _fstat_r
 .text._isatty_r
                0x08004cd4       0x20 /Applications/STM32CubeIDE.app/Contents/Eclipse/plugins/com.st.stm32cube.ide.mcu.externaltools.gnu-tools-for-stm32.12.3.rel1.macos64_1.1.0.202410301201/tools/bin/../lib/gcc/arm-none-eabi/12.3.1/../../../../arm-none-eabi/lib/thumb/v7e-m+fp/hard/libc_nano.a(libc_a-isattyr.o)
                0x08004cd4                _isatty_r
 .text._lseek_r
                0x08004cf4       0x24 /Applications/STM32CubeIDE.app/Contents/Eclipse/plugins/com.st.stm32cube.ide.mcu.externaltools.gnu-tools-for-stm32.12.3.rel1.macos64_1.1.0.202410301201/tools/bin/../lib/gcc/arm-none-eabi/12.3.1/../../../../arm-none-eabi/lib/thumb/v7e-m+fp/hard/libc_nano.a(libc_a-lseekr.o)
                0x08004cf4                _lseek_r
 .text._read_r  0x08004d18       0x24 /Applications/STM32CubeIDE.app/Contents/Eclipse/plugins/com.st.stm32cube.ide.mcu.externaltools.gnu-tools-for-stm32.12.3.rel1.macos64_1.1.0.202410301201/tools/bin/../lib/gcc/arm-none-eabi/12.3.1/../../../../arm-none-eabi/lib/thumb/v7e-m+fp/hard/libc_nano.a(libc_a-readr.o)
                0x08004d18                _read_r
 .text._write_r
                0x08004d3c       0x24 /Applications/STM32CubeIDE.app/Contents/Eclipse/plugins/com.st.stm32cube.ide.mcu.externaltools.gnu-tools-for-stm32.12.3.rel1.macos64_1.1.0.202410301201/tools/bin/../lib/gcc/arm-none-eabi/12.3.1/../../../../arm-none-eabi/lib/thumb/v7e-m+fp/hard/libc_nano.a(libc_a-writer.o)
                0x08004d3c                _write_r
 .text._malloc_usable_size_r
                0x08004d60       0x10 /Applications/STM32CubeIDE.app/Contents/Eclipse/plugins/com.st.stm32cube.ide.mcu.externaltools.gnu-tools-for-stm32.12.3.rel1.macos64_1.1.0.202410301201/tools/bin/../lib/gcc/arm-none-eabi/12.3.1/../../../../arm-none-eabi/lib/thumb/v7e-m+fp/hard/libc_nano.a(libc_a-msizer.o)
                0x08004d60                _malloc_usable_size_r
 *(.glue_7)
 .glue_7        0x08004d70        0x0 linker stubs
 *(.glue_7t)
 .glue_7t       0x08004d70        0x0 linker stubs
 *(.eh_frame)
 .eh_frame      0x08004d70        0x0 /Applications/STM32CubeIDE.app/Contents/Eclipse/plugins/com.st.stm32cube.ide.mcu.externaltools.gnu-tools-for-stm32.12.3.rel1.macos64_1.1.0.202410301201/tools/bin/../lib/gcc/arm-none-eabi/12.3.1/thumb/v7e-m+fp/hard/crtbegin.o
 *(.init)
 .init          0x08004d70        0x4 /Applications/STM32CubeIDE.app/Contents/Eclipse/plugins/com.st.stm32cube.ide.mcu.externaltools.gnu-tools-for-stm32.12.3.rel1.macos64_1.1.0.202410301201/tools/bin/../lib/gcc/arm-none-eabi/12.3.1/thumb/v7e-m+fp/hard/crti.o
                0x08004d70                _init
 .init          0x08004d74        0x8 /Applications/STM32CubeIDE.app/Contents/Eclipse/plugins/com.st.stm32cube.ide.mcu.externaltools.gnu-tools-for-stm32.12.3.rel1.macos64_1.1.0.202410301201/tools/bin/../lib/gcc/arm-none-eabi/12.3.1/thumb/v7e-m+fp/hard/crtn.o
 *(.fini)
 .fini          0x08004d7c        0x4 /Applications/STM32CubeIDE.app/Contents/Eclipse/plugins/com.st.stm32cube.ide.mcu.externaltools.gnu-tools-for-stm32.12.3.rel1.macos64_1.1.0.202410301201/tools/bin/../lib/gcc/arm-none-eabi/12.3.1/thumb/v7e-m+fp/hard/crti.o
                0x08004d7c                _fini
 .fini          0x08004d80        0x8 /Applications/STM32CubeIDE.app/Contents/Eclipse/plugins/com.st.stm32cube.ide.mcu.externaltools.gnu-tools-for-stm32.12.3.rel1.macos64_1.1.0.202410301201/tools/bin/../lib/gcc/arm-none-eabi/12.3.1/thumb/v7e-m+fp/hard/crtn.o
                0x08004d88                        . = ALIGN (0x4)
                0x08004d88                        _etext = .

.vfp11_veneer   0x08004d88        0x0
 .vfp11_veneer  0x08004d88        0x0 linker stubs

.v4_bx          0x08004d88        0x0
 .v4_bx         0x08004d88        0x0 linker stubs

.iplt           0x08004d88        0x0
 .iplt          0x08004d88        0x0 /Applications/STM32CubeIDE.app/Contents/Eclipse/plugins/com.st.stm32cube.ide.mcu.externaltools.gnu-tools-for-stm32.12.3.rel1.macos64_1.1.0.202410301201/tools/bin/../lib/gcc/arm-none-eabi/12.3.1/thumb/v7e-m+fp/hard/crtbegin.o

.rodata         0x08004d88       0xc8
                0x08004d88                        . = ALIGN (0x4)
 *(.rodata)
 .rodata        0x08004d88        0xd ./Core/Src/ble.o
 *fill*         0x08004d95        0x3 
 .rodata        0x08004d98       0x44 ./Core/Src/main.o
 *(.rodata*)
 .rodata.AHBPrescTable
                0x08004ddc       0x10 ./Core/Src/system_stm32l4xx.o
                0x08004ddc                AHBPrescTable
 .rodata.MSIRangeTable
                0x08004dec       0x30 ./Core/Src/system_stm32l4xx.o
                0x08004dec                MSIRangeTable
 .rodata._svfprintf_r.str1.1
                0x08004e1c       0x11 /Applications/STM32CubeIDE.app/Contents/Eclipse/plugins/com.st.stm32cube.ide.mcu.externaltools.gnu-tools-for-stm32.12.3.rel1.macos64_1.1.0.202410301201/tools/bin/../lib/gcc/arm-none-eabi/12.3.1/../../../../arm-none-eabi/lib/thumb/v7e-m+fp/hard/libc_nano.a(libc_a-nano-svfprintf.o)
 .rodata._printf_i.str1.1
                0x08004e2d       0x22 /Applications/STM32CubeIDE.app/Contents/Eclipse/plugins/com.st.stm32cube.ide.mcu.externaltools.gnu-tools-for-stm32.12.3.rel1.macos64_1.1.0.202410301201/tools/bin/../lib/gcc/arm-none-eabi/12.3.1/../../../../arm-none-eabi/lib/thumb/v7e-m+fp/hard/libc_nano.a(libc_a-nano-vfprintf_i.o)
                0x08004e50                        . = ALIGN (0x4)
 *fill*         0x08004e4f        0x1 

.ARM.extab      0x08004e50        0x0
                0x08004e50                        . = ALIGN (0x4)
 *(.ARM.extab* .gnu.linkonce.armextab.*)
                0x08004e50                        . = ALIGN (0x4)

.ARM            0x08004e50        0x8
                0x08004e50                        . = ALIGN (0x4)
                0x08004e50                        __exidx_start = .
 *(.ARM.exidx*)
 .ARM.exidx     0x08004e50        0x8 /Applications/STM32CubeIDE.app/Contents/Eclipse/plugins/com.st.stm32cube.ide.mcu.externaltools.gnu-tools-for-stm32.12.3.rel1.macos64_1.1.0.202410301201/tools/bin/../lib/gcc/arm-none-eabi/12.3.1/../../../../arm-none-eabi/lib/thumb/v7e-m+fp/hard/libc_nano.a(libc_a-memchr.o)
                0x08004e58                        __exidx_end = .
                0x08004e58                        . = ALIGN (0x4)

.rel.dyn        0x08004e58        0x0
 .rel.iplt      0x08004e58        0x0 /Applications/STM32CubeIDE.app/Contents/Eclipse/plugins/com.st.stm32cube.ide.mcu.externaltools.gnu-tools-for-stm32.12.3.rel1.macos64_1.1.0.202410301201/tools/bin/../lib/gcc/arm-none-eabi/12.3.1/thumb/v7e-m+fp/hard/crtbegin.o

.preinit_array  0x08004e58        0x0
                0x08004e58                        . = ALIGN (0x4)
                0x08004e58                        PROVIDE (__preinit_array_start = .)
 *(.preinit_array*)
                0x08004e58                        PROVIDE (__preinit_array_end = .)
                0x08004e58                        . = ALIGN (0x4)

.init_array     0x08004e58        0x4
                0x08004e58                        . = ALIGN (0x4)
                0x08004e58                        PROVIDE (__init_array_start = .)
 *(SORT_BY_NAME(.init_array.*))
 *(.init_array*)
 .init_array    0x08004e58        0x4 /Applications/STM32CubeIDE.app/Contents/Eclipse/plugins/com.st.stm32cube.ide.mcu.externaltools.gnu-tools-for-stm32.12.3.rel1.macos64_1.1.0.202410301201/tools/bin/../lib/gcc/arm-none-eabi/12.3.1/thumb/v7e-m+fp/hard/crtbegin.o
                0x08004e5c                        PROVIDE (__init_array_end = .)
                0x08004e5c                        . = ALIGN (0x4)

.fini_array     0x08004e5c        0x4
                0x08004e5c                        . = ALIGN (0x4)
                [!provide]                        PROVIDE (__fini_array_start = .)
 *(SORT_BY_NAME(.fini_array.*))
 *(.fini_array*)
 .fini_array    0x08004e5c        0x4 /Applications/STM32CubeIDE.app/Contents/Eclipse/plugins/com.st.stm32cube.ide.mcu.externaltools.gnu-tools-for-stm32.12.3.rel1.macos64_1.1.0.202410301201/tools/bin/../lib/gcc/arm-none-eabi/12.3.1/thumb/v7e-m+fp/hard/crtbegin.o
                [!provide]                        PROVIDE (__fini_array_end = .)
                0x08004e60                        . = ALIGN (0x4)
                0x08004e60                        _sidata = LOADADDR (.data)

.data           0x20000000      0x1c8 load address 0x08004e60
                0x20000000                        . = ALIGN (0x4)
                0x20000000                        _sdata = .
 *(.data)
 *(.data*)
 .data.EVENT_STATUP_DATA
                0x20000000        0x6 ./Core/Src/ble.o
                0x20000000                EVENT_STATUP_DATA
 *fill*         0x20000006        0x2 
 .data.ACI_GATT_INIT
                0x20000008        0x4 ./Core/Src/ble.o
                0x20000008                ACI_GATT_INIT
 .data.ACI_GATT_INIT_COMPLETE
                0x2000000c        0x7 ./Core/Src/ble.o
                0x2000000c                ACI_GATT_INIT_COMPLETE
 *fill*         0x20000013        0x1 
 .data.ACI_GAP_INIT
                0x20000014        0x7 ./Core/Src/ble.o
                0x20000014                ACI_GAP_INIT
 *fill*         0x2000001b        0x1 
 .data.ACI_GAP_INIT_COMPLETE
                0x2000001c        0x7 ./Core/Src/ble.o
                0x2000001c                ACI_GAP_INIT_COMPLETE
 *fill*         0x20000023        0x1 
 .data.ACI_GAP_SET_AUTH
                0x20000024       0x10 ./Core/Src/ble.o
                0x20000024                ACI_GAP_SET_AUTH
 .data.ACI_GAP_SET_AUTH_RESP
                0x20000034        0x7 ./Core/Src/ble.o
                0x20000034                ACI_GAP_SET_AUTH_RESP
 *fill*         0x2000003b        0x1 
 .data.ACI_HAL_SET_TX_POWER_LEVEL
                0x2000003c        0x6 ./Core/Src/ble.o
                0x2000003c                ACI_HAL_SET_TX_POWER_LEVEL
 *fill*         0x20000042        0x2 
 .data.ACI_HAL_SET_TX_POWER_LEVEL_COMPLETE
                0x20000044        0x7 ./Core/Src/ble.o
                0x20000044                ACI_HAL_SET_TX_POWER_LEVEL_COMPLETE
 *fill*         0x2000004b        0x1 
 .data.ACI_HAL_SET_STANDBY
                0x2000004c        0x4 ./Core/Src/ble.o
                0x2000004c                ACI_HAL_SET_STANDBY
 .data.ACI_HAL_SET_STANDBY_COMPLETE
                0x20000050        0x7 ./Core/Src/ble.o
                0x20000050                ACI_HAL_SET_STANDBY_COMPLETE
 *fill*         0x20000057        0x1 
 .data.HCI_LE_SET_SCAN_RESPONSE_DATA
                0x20000058       0x24 ./Core/Src/ble.o
                0x20000058                HCI_LE_SET_SCAN_RESPONSE_DATA
 .data.HCI_LE_SET_SCAN_RESPONSE_DATA_COMPLETE
                0x2000007c        0x7 ./Core/Src/ble.o
                0x2000007c                HCI_LE_SET_SCAN_RESPONSE_DATA_COMPLETE
 *fill*         0x20000083        0x1 
 .data.ACI_GAP_SET_DISCOVERABLE
                0x20000084        0xd ./Core/Src/ble.o
                0x20000084                ACI_GAP_SET_DISCOVERABLE
 *fill*         0x20000091        0x3 
 .data.ACI_GAP_SET_DISCOVERABLE_COMPLETE
                0x20000094        0x7 ./Core/Src/ble.o
                0x20000094                ACI_GAP_SET_DISCOVERABLE_COMPLETE
 *fill*         0x2000009b        0x1 
 .data.ADD_PRIMARY_SERVICE
                0x2000009c       0x17 ./Core/Src/ble.o
                0x2000009c                ADD_PRIMARY_SERVICE
 *fill*         0x200000b3        0x1 
 .data.ADD_PRIMARY_SERVICE_COMPLETE
                0x200000b4        0x7 ./Core/Src/ble.o
                0x200000b4                ADD_PRIMARY_SERVICE_COMPLETE
 *fill*         0x200000bb        0x1 
 .data.ADD_CUSTOM_CHAR
                0x200000bc       0x1e ./Core/Src/ble.o
                0x200000bc                ADD_CUSTOM_CHAR
 *fill*         0x200000da        0x2 
 .data.ADD_CUSTOM_CHAR_COMPLETE
                0x200000dc        0x7 ./Core/Src/ble.o
                0x200000dc                ADD_CUSTOM_CHAR_COMPLETE
 *fill*         0x200000e3        0x1 
 .data.UPDATE_CHAR
                0x200000e4        0xf ./Core/Src/ble.o
                0x200000e4                UPDATE_CHAR
 *fill*         0x200000f3        0x1 
 .data.DISCONNECT
                0x200000f4        0x4 ./Core/Src/ble.o
                0x200000f4                DISCONNECT
 .data.EVENT_DISCONNECTED
                0x200000f8        0x4 ./Core/Src/ble.o
                0x200000f8                EVENT_DISCONNECTED
 .data.EVENT_DISCONNECT_PENDING
                0x200000fc        0x7 ./Core/Src/ble.o
                0x200000fc                EVENT_DISCONNECT_PENDING
 *fill*         0x20000103        0x1 
 .data.EVENT_CONNECTED
                0x20000104        0x5 ./Core/Src/ble.o
                0x20000104                EVENT_CONNECTED
 *fill*         0x20000109        0x3 
 .data.EVENT_GATT_CHANGED
                0x2000010c        0x5 ./Core/Src/ble.o
                0x2000010c                EVENT_GATT_CHANGED
 *fill*         0x20000111        0x3 
 .data.ACI_GAP_SET_NON_DISCOVERABLE
                0x20000114        0x4 ./Core/Src/ble.o
                0x20000114                ACI_GAP_SET_NON_DISCOVERABLE
 .data.ACI_GAP_SET_NON_DISCOVERABLE_COMPLETE
                0x20000118        0x7 ./Core/Src/ble.o
                0x20000118                ACI_GAP_SET_NON_DISCOVERABLE_COMPLETE
 *fill*         0x2000011f        0x1 
 .data.deviceName
                0x20000120        0x7 ./Core/Src/ble.o
                0x20000120                deviceName
 *fill*         0x20000127        0x1 
 .data.UUID_NORDIC_UART_SERVICE
                0x20000128       0x10 ./Core/Src/ble.o
                0x20000128                UUID_NORDIC_UART_SERVICE
 .data.UUID_CHAR_WRITE
                0x20000138       0x10 ./Core/Src/ble.o
                0x20000138                UUID_CHAR_WRITE
 .data.UUID_CHAR_READ
                0x20000148       0x10 ./Core/Src/ble.o
                0x20000148                UUID_CHAR_READ
 .data.connectionHandler
                0x20000158        0x4 ./Core/Src/ble.o
                0x20000158                connectionHandler
 .data.threshold
                0x2000015c        0x4 ./Core/Src/main.o
                0x2000015c                threshold
 .data.SystemCoreClock
                0x20000160        0x4 ./Core/Src/system_stm32l4xx.o
                0x20000160                SystemCoreClock
 .data.uwTickPrio
                0x20000164        0x4 ./Drivers/STM32L4xx_HAL_Driver/Src/stm32l4xx_hal.o
                0x20000164                uwTickPrio
 .data.uwTickFreq
                0x20000168        0x1 ./Drivers/STM32L4xx_HAL_Driver/Src/stm32l4xx_hal.o
                0x20000168                uwTickFreq
 *fill*         0x20000169        0x3 
 .data.__sglue  0x2000016c        0xc /Applications/STM32CubeIDE.app/Contents/Eclipse/plugins/com.st.stm32cube.ide.mcu.externaltools.gnu-tools-for-stm32.12.3.rel1.macos64_1.1.0.202410301201/tools/bin/../lib/gcc/arm-none-eabi/12.3.1/../../../../arm-none-eabi/lib/thumb/v7e-m+fp/hard/libc_nano.a(libc_a-findfp.o)
                0x2000016c                __sglue
 .data._impure_ptr
                0x20000178        0x4 /Applications/STM32CubeIDE.app/Contents/Eclipse/plugins/com.st.stm32cube.ide.mcu.externaltools.gnu-tools-for-stm32.12.3.rel1.macos64_1.1.0.202410301201/tools/bin/../lib/gcc/arm-none-eabi/12.3.1/../../../../arm-none-eabi/lib/thumb/v7e-m+fp/hard/libc_nano.a(libc_a-impure.o)
                0x20000178                _impure_ptr
 .data._impure_data
                0x2000017c       0x4c /Applications/STM32CubeIDE.app/Contents/Eclipse/plugins/com.st.stm32cube.ide.mcu.externaltools.gnu-tools-for-stm32.12.3.rel1.macos64_1.1.0.202410301201/tools/bin/../lib/gcc/arm-none-eabi/12.3.1/../../../../arm-none-eabi/lib/thumb/v7e-m+fp/hard/libc_nano.a(libc_a-impure.o)
                0x2000017c                _impure_data
 *(.RamFunc)
 *(.RamFunc*)
                0x200001c8                        . = ALIGN (0x4)
                0x200001c8                        _edata = .

.igot.plt       0x200001c8        0x0 load address 0x08005028
 .igot.plt      0x200001c8        0x0 /Applications/STM32CubeIDE.app/Contents/Eclipse/plugins/com.st.stm32cube.ide.mcu.externaltools.gnu-tools-for-stm32.12.3.rel1.macos64_1.1.0.202410301201/tools/bin/../lib/gcc/arm-none-eabi/12.3.1/thumb/v7e-m+fp/hard/crtbegin.o
                0x200001c8                        . = ALIGN (0x4)

.bss            0x200001c8      0x308 load address 0x08005028
                0x200001c8                        _sbss = .
                0x200001c8                        __bss_start__ = _sbss
 *(.bss)
 .bss           0x200001c8       0x1c /Applications/STM32CubeIDE.app/Contents/Eclipse/plugins/com.st.stm32cube.ide.mcu.externaltools.gnu-tools-for-stm32.12.3.rel1.macos64_1.1.0.202410301201/tools/bin/../lib/gcc/arm-none-eabi/12.3.1/thumb/v7e-m+fp/hard/crtbegin.o
 *(.bss*)
 .bss.GAP_SERVICE_HANDLE
                0x200001e4        0x2 ./Core/Src/ble.o
                0x200001e4                GAP_SERVICE_HANDLE
 *fill*         0x200001e6        0x2 
 .bss.GAP_CHAR_NAME_HANDLE
                0x200001e8        0x2 ./Core/Src/ble.o
                0x200001e8                GAP_CHAR_NAME_HANDLE
 *fill*         0x200001ea        0x2 
 .bss.GAP_CHAR_APP_HANDLE
                0x200001ec        0x2 ./Core/Src/ble.o
                0x200001ec                GAP_CHAR_APP_HANDLE
 *fill*         0x200001ee        0x2 
 .bss.buffer    0x200001f0       0xff ./Core/Src/ble.o
                0x200001f0                buffer
 *fill*         0x200002ef        0x1 
 .bss.NORDIC_UART_SERVICE_HANDLE
                0x200002f0        0x2 ./Core/Src/ble.o
                0x200002f0                NORDIC_UART_SERVICE_HANDLE
 *fill*         0x200002f2        0x2 
 .bss.WRITE_CHAR_HANDLE
                0x200002f4        0x2 ./Core/Src/ble.o
                0x200002f4                WRITE_CHAR_HANDLE
 *fill*         0x200002f6        0x2 
 .bss.READ_CHAR_HANDLE
                0x200002f8        0x2 ./Core/Src/ble.o
                0x200002f8                READ_CHAR_HANDLE
 .bss.stackInitCompleteFlag
                0x200002fa        0x2 ./Core/Src/ble.o
                0x200002fa                stackInitCompleteFlag
 .bss.rxEvent   0x200002fc        0x4 ./Core/Src/ble.o
                0x200002fc                rxEvent
 .bss.counterup
                0x20000300        0x4 ./Core/Src/main.o
                0x20000300                counterup
 .bss.lostFlag  0x20000304        0x4 ./Core/Src/main.o
                0x20000304                lostFlag
 .bss.startTimer
                0x20000308        0x4 ./Core/Src/main.o
                0x20000308                startTimer
 .bss.numSeconds
                0x2000030c        0x4 ./Core/Src/main.o
                0x2000030c                numSeconds
 .bss.sendFlag  0x20000310        0x1 ./Core/Src/main.o
                0x20000310                sendFlag
 *fill*         0x20000311        0x3 
 .bss.dataAvailable
                0x20000314        0x4 ./Core/Src/main.o
                0x20000314                dataAvailable
 .bss.hspi3     0x20000318       0x64 ./Core/Src/main.o
                0x20000318                hspi3
 .bss.heap_end.0
                0x2000037c        0x4 ./Core/Src/syscalls.o
 .bss.uwTick    0x20000380        0x4 ./Drivers/STM32L4xx_HAL_Driver/Src/stm32l4xx_hal.o
                0x20000380                uwTick
 .bss.__malloc_sbrk_start
                0x20000384        0x4 /Applications/STM32CubeIDE.app/Contents/Eclipse/plugins/com.st.stm32cube.ide.mcu.externaltools.gnu-tools-for-stm32.12.3.rel1.macos64_1.1.0.202410301201/tools/bin/../lib/gcc/arm-none-eabi/12.3.1/../../../../arm-none-eabi/lib/thumb/v7e-m+fp/hard/libc_nano.a(libc_a-mallocr.o)
                0x20000384                __malloc_sbrk_start
 .bss.__malloc_free_list
                0x20000388        0x4 /Applications/STM32CubeIDE.app/Contents/Eclipse/plugins/com.st.stm32cube.ide.mcu.externaltools.gnu-tools-for-stm32.12.3.rel1.macos64_1.1.0.202410301201/tools/bin/../lib/gcc/arm-none-eabi/12.3.1/../../../../arm-none-eabi/lib/thumb/v7e-m+fp/hard/libc_nano.a(libc_a-mallocr.o)
                0x20000388                __malloc_free_list
 .bss.__sf      0x2000038c      0x138 /Applications/STM32CubeIDE.app/Contents/Eclipse/plugins/com.st.stm32cube.ide.mcu.externaltools.gnu-tools-for-stm32.12.3.rel1.macos64_1.1.0.202410301201/tools/bin/../lib/gcc/arm-none-eabi/12.3.1/../../../../arm-none-eabi/lib/thumb/v7e-m+fp/hard/libc_nano.a(libc_a-findfp.o)
                0x2000038c                __sf
 .bss.__stdio_exit_handler
                0x200004c4        0x4 /Applications/STM32CubeIDE.app/Contents/Eclipse/plugins/com.st.stm32cube.ide.mcu.externaltools.gnu-tools-for-stm32.12.3.rel1.macos64_1.1.0.202410301201/tools/bin/../lib/gcc/arm-none-eabi/12.3.1/../../../../arm-none-eabi/lib/thumb/v7e-m+fp/hard/libc_nano.a(libc_a-findfp.o)
                0x200004c4                __stdio_exit_handler
 .bss.__lock___malloc_recursive_mutex
                0x200004c8        0x1 /Applications/STM32CubeIDE.app/Contents/Eclipse/plugins/com.st.stm32cube.ide.mcu.externaltools.gnu-tools-for-stm32.12.3.rel1.macos64_1.1.0.202410301201/tools/bin/../lib/gcc/arm-none-eabi/12.3.1/../../../../arm-none-eabi/lib/thumb/v7e-m+fp/hard/libc_nano.a(libc_a-lock.o)
                0x200004c8                __lock___malloc_recursive_mutex
 .bss.__lock___sfp_recursive_mutex
                0x200004c9        0x1 /Applications/STM32CubeIDE.app/Contents/Eclipse/plugins/com.st.stm32cube.ide.mcu.externaltools.gnu-tools-for-stm32.12.3.rel1.macos64_1.1.0.202410301201/tools/bin/../lib/gcc/arm-none-eabi/12.3.1/../../../../arm-none-eabi/lib/thumb/v7e-m+fp/hard/libc_nano.a(libc_a-lock.o)
                0x200004c9                __lock___sfp_recursive_mutex
 *fill*         0x200004ca        0x2 
 .bss.errno     0x200004cc        0x4 /Applications/STM32CubeIDE.app/Contents/Eclipse/plugins/com.st.stm32cube.ide.mcu.externaltools.gnu-tools-for-stm32.12.3.rel1.macos64_1.1.0.202410301201/tools/bin/../lib/gcc/arm-none-eabi/12.3.1/../../../../arm-none-eabi/lib/thumb/v7e-m+fp/hard/libc_nano.a(libc_a-reent.o)
                0x200004cc                errno
 *(COMMON)
                0x200004d0                        . = ALIGN (0x4)
                0x200004d0                        _ebss = .
                0x200004d0                        __bss_end__ = _ebss

._user_heap_stack
                0x200004d0      0x600 load address 0x08005028
                0x200004d0                        . = ALIGN (0x8)
                0x200004d0                        PROVIDE (end = .)
                [!provide]                        PROVIDE (_end = .)
                0x200006d0                        . = (. + _Min_Heap_Size)
 *fill*         0x200004d0      0x200 
                0x20000ad0                        . = (. + _Min_Stack_Size)
 *fill*         0x200006d0      0x400 
                0x20000ad0                        . = ALIGN (0x8)

/DISCARD/
 libc.a(*)
 libm.a(*)
 libgcc.a(*)

.ARM.attributes
                0x00000000       0x30
 *(.ARM.attributes)
 .ARM.attributes
                0x00000000       0x22 /Applications/STM32CubeIDE.app/Contents/Eclipse/plugins/com.st.stm32cube.ide.mcu.externaltools.gnu-tools-for-stm32.12.3.rel1.macos64_1.1.0.202410301201/tools/bin/../lib/gcc/arm-none-eabi/12.3.1/thumb/v7e-m+fp/hard/crti.o
 .ARM.attributes
                0x00000022       0x34 /Applications/STM32CubeIDE.app/Contents/Eclipse/plugins/com.st.stm32cube.ide.mcu.externaltools.gnu-tools-for-stm32.12.3.rel1.macos64_1.1.0.202410301201/tools/bin/../lib/gcc/arm-none-eabi/12.3.1/thumb/v7e-m+fp/hard/crtbegin.o
 .ARM.attributes
                0x00000056       0x34 ./Core/Src/ble.o
 .ARM.attributes
                0x0000008a       0x34 ./Core/Src/i2c.o
 .ARM.attributes
                0x000000be       0x34 ./Core/Src/lptimer.o
 .ARM.attributes
                0x000000f2       0x34 ./Core/Src/lsm6dsl.o
 .ARM.attributes
                0x00000126       0x34 ./Core/Src/main.o
 .ARM.attributes
                0x0000015a       0x34 ./Core/Src/stm32l4xx_hal_msp.o
 .ARM.attributes
                0x0000018e       0x34 ./Core/Src/stm32l4xx_it.o
 .ARM.attributes
                0x000001c2       0x34 ./Core/Src/syscalls.o
 .ARM.attributes
                0x000001f6       0x34 ./Core/Src/system_stm32l4xx.o
 .ARM.attributes
                0x0000022a       0x21 ./Core/Startup/startup_stm32l475vgtx.o
 .ARM.attributes
                0x0000024b       0x34 ./Drivers/STM32L4xx_HAL_Driver/Src/stm32l4xx_hal.o
 .ARM.attributes
                0x0000027f       0x34 ./Drivers/STM32L4xx_HAL_Driver/Src/stm32l4xx_hal_cortex.o
 .ARM.attributes
                0x000002b3       0x34 ./Drivers/STM32L4xx_HAL_Driver/Src/stm32l4xx_hal_gpio.o
 .ARM.attributes
                0x000002e7       0x34 ./Drivers/STM32L4xx_HAL_Driver/Src/stm32l4xx_hal_pwr_ex.o
 .ARM.attributes
                0x0000031b       0x34 ./Drivers/STM32L4xx_HAL_Driver/Src/stm32l4xx_hal_rcc.o
 .ARM.attributes
                0x0000034f       0x34 ./Drivers/STM32L4xx_HAL_Driver/Src/stm32l4xx_hal_spi.o
 .ARM.attributes
                0x00000383       0x34 /Applications/STM32CubeIDE.app/Contents/Eclipse/plugins/com.st.stm32cube.ide.mcu.externaltools.gnu-tools-for-stm32.12.3.rel1.macos64_1.1.0.202410301201/tools/bin/../lib/gcc/arm-none-eabi/12.3.1/../../../../arm-none-eabi/lib/thumb/v7e-m+fp/hard/libc_nano.a(libc_a-malloc.o)
 .ARM.attributes
                0x000003b7       0x34 /Applications/STM32CubeIDE.app/Contents/Eclipse/plugins/com.st.stm32cube.ide.mcu.externaltools.gnu-tools-for-stm32.12.3.rel1.macos64_1.1.0.202410301201/tools/bin/../lib/gcc/arm-none-eabi/12.3.1/../../../../arm-none-eabi/lib/thumb/v7e-m+fp/hard/libc_nano.a(libc_a-mallocr.o)
 .ARM.attributes
                0x000003eb       0x34 /Applications/STM32CubeIDE.app/Contents/Eclipse/plugins/com.st.stm32cube.ide.mcu.externaltools.gnu-tools-for-stm32.12.3.rel1.macos64_1.1.0.202410301201/tools/bin/../lib/gcc/arm-none-eabi/12.3.1/../../../../arm-none-eabi/lib/thumb/v7e-m+fp/hard/libc_nano.a(libc_a-snprintf.o)
 .ARM.attributes
                0x0000041f       0x34 /Applications/STM32CubeIDE.app/Contents/Eclipse/plugins/com.st.stm32cube.ide.mcu.externaltools.gnu-tools-for-stm32.12.3.rel1.macos64_1.1.0.202410301201/tools/bin/../lib/gcc/arm-none-eabi/12.3.1/../../../../arm-none-eabi/lib/thumb/v7e-m+fp/hard/libc_nano.a(libc_a-mlock.o)
 .ARM.attributes
                0x00000453       0x34 /Applications/STM32CubeIDE.app/Contents/Eclipse/plugins/com.st.stm32cube.ide.mcu.externaltools.gnu-tools-for-stm32.12.3.rel1.macos64_1.1.0.202410301201/tools/bin/../lib/gcc/arm-none-eabi/12.3.1/../../../../arm-none-eabi/lib/thumb/v7e-m+fp/hard/libc_nano.a(libc_a-findfp.o)
 .ARM.attributes
                0x00000487       0x34 /Applications/STM32CubeIDE.app/Contents/Eclipse/plugins/com.st.stm32cube.ide.mcu.externaltools.gnu-tools-for-stm32.12.3.rel1.macos64_1.1.0.202410301201/tools/bin/../lib/gcc/arm-none-eabi/12.3.1/../../../../arm-none-eabi/lib/thumb/v7e-m+fp/hard/libc_nano.a(libc_a-fwalk.o)
 .ARM.attributes
                0x000004bb       0x34 /Applications/STM32CubeIDE.app/Contents/Eclipse/plugins/com.st.stm32cube.ide.mcu.externaltools.gnu-tools-for-stm32.12.3.rel1.macos64_1.1.0.202410301201/tools/bin/../lib/gcc/arm-none-eabi/12.3.1/../../../../arm-none-eabi/lib/thumb/v7e-m+fp/hard/libc_nano.a(libc_a-puts.o)
 .ARM.attributes
                0x000004ef       0x34 /Applications/STM32CubeIDE.app/Contents/Eclipse/plugins/com.st.stm32cube.ide.mcu.externaltools.gnu-tools-for-stm32.12.3.rel1.macos64_1.1.0.202410301201/tools/bin/../lib/gcc/arm-none-eabi/12.3.1/../../../../arm-none-eabi/lib/thumb/v7e-m+fp/hard/libc_nano.a(libc_a-memset.o)
 .ARM.attributes
                0x00000523       0x34 /Applications/STM32CubeIDE.app/Contents/Eclipse/plugins/com.st.stm32cube.ide.mcu.externaltools.gnu-tools-for-stm32.12.3.rel1.macos64_1.1.0.202410301201/tools/bin/../lib/gcc/arm-none-eabi/12.3.1/../../../../arm-none-eabi/lib/thumb/v7e-m+fp/hard/libc_nano.a(libc_a-impure.o)
 .ARM.attributes
                0x00000557       0x34 /Applications/STM32CubeIDE.app/Contents/Eclipse/plugins/com.st.stm32cube.ide.mcu.externaltools.gnu-tools-for-stm32.12.3.rel1.macos64_1.1.0.202410301201/tools/bin/../lib/gcc/arm-none-eabi/12.3.1/../../../../arm-none-eabi/lib/thumb/v7e-m+fp/hard/libc_nano.a(libc_a-sbrkr.o)
 .ARM.attributes
                0x0000058b       0x34 /Applications/STM32CubeIDE.app/Contents/Eclipse/plugins/com.st.stm32cube.ide.mcu.externaltools.gnu-tools-for-stm32.12.3.rel1.macos64_1.1.0.202410301201/tools/bin/../lib/gcc/arm-none-eabi/12.3.1/../../../../arm-none-eabi/lib/thumb/v7e-m+fp/hard/libc_nano.a(libc_a-errno.o)
 .ARM.attributes
                0x000005bf       0x34 /Applications/STM32CubeIDE.app/Contents/Eclipse/plugins/com.st.stm32cube.ide.mcu.externaltools.gnu-tools-for-stm32.12.3.rel1.macos64_1.1.0.202410301201/tools/bin/../lib/gcc/arm-none-eabi/12.3.1/../../../../arm-none-eabi/lib/thumb/v7e-m+fp/hard/libc_nano.a(libc_a-init.o)
 .ARM.attributes
                0x000005f3       0x34 /Applications/STM32CubeIDE.app/Contents/Eclipse/plugins/com.st.stm32cube.ide.mcu.externaltools.gnu-tools-for-stm32.12.3.rel1.macos64_1.1.0.202410301201/tools/bin/../lib/gcc/arm-none-eabi/12.3.1/../../../../arm-none-eabi/lib/thumb/v7e-m+fp/hard/libc_nano.a(libc_a-lock.o)
 .ARM.attributes
                0x00000627       0x34 /Applications/STM32CubeIDE.app/Contents/Eclipse/plugins/com.st.stm32cube.ide.mcu.externaltools.gnu-tools-for-stm32.12.3.rel1.macos64_1.1.0.202410301201/tools/bin/../lib/gcc/arm-none-eabi/12.3.1/../../../../arm-none-eabi/lib/thumb/v7e-m+fp/hard/libc_nano.a(libc_a-memcpy-stub.o)
 .ARM.attributes
                0x0000065b       0x34 /Applications/STM32CubeIDE.app/Contents/Eclipse/plugins/com.st.stm32cube.ide.mcu.externaltools.gnu-tools-for-stm32.12.3.rel1.macos64_1.1.0.202410301201/tools/bin/../lib/gcc/arm-none-eabi/12.3.1/../../../../arm-none-eabi/lib/thumb/v7e-m+fp/hard/libc_nano.a(libc_a-freer.o)
 .ARM.attributes
                0x0000068f       0x34 /Applications/STM32CubeIDE.app/Contents/Eclipse/plugins/com.st.stm32cube.ide.mcu.externaltools.gnu-tools-for-stm32.12.3.rel1.macos64_1.1.0.202410301201/tools/bin/../lib/gcc/arm-none-eabi/12.3.1/../../../../arm-none-eabi/lib/thumb/v7e-m+fp/hard/libc_nano.a(libc_a-nano-svfprintf.o)
 .ARM.attributes
                0x000006c3       0x34 /Applications/STM32CubeIDE.app/Contents/Eclipse/plugins/com.st.stm32cube.ide.mcu.externaltools.gnu-tools-for-stm32.12.3.rel1.macos64_1.1.0.202410301201/tools/bin/../lib/gcc/arm-none-eabi/12.3.1/../../../../arm-none-eabi/lib/thumb/v7e-m+fp/hard/libc_nano.a(libc_a-nano-vfprintf_i.o)
 .ARM.attributes
                0x000006f7       0x34 /Applications/STM32CubeIDE.app/Contents/Eclipse/plugins/com.st.stm32cube.ide.mcu.externaltools.gnu-tools-for-stm32.12.3.rel1.macos64_1.1.0.202410301201/tools/bin/../lib/gcc/arm-none-eabi/12.3.1/../../../../arm-none-eabi/lib/thumb/v7e-m+fp/hard/libc_nano.a(libc_a-fflush.o)
 .ARM.attributes
                0x0000072b       0x34 /Applications/STM32CubeIDE.app/Contents/Eclipse/plugins/com.st.stm32cube.ide.mcu.externaltools.gnu-tools-for-stm32.12.3.rel1.macos64_1.1.0.202410301201/tools/bin/../lib/gcc/arm-none-eabi/12.3.1/../../../../arm-none-eabi/lib/thumb/v7e-m+fp/hard/libc_nano.a(libc_a-stdio.o)
 .ARM.attributes
                0x0000075f       0x34 /Applications/STM32CubeIDE.app/Contents/Eclipse/plugins/com.st.stm32cube.ide.mcu.externaltools.gnu-tools-for-stm32.12.3.rel1.macos64_1.1.0.202410301201/tools/bin/../lib/gcc/arm-none-eabi/12.3.1/../../../../arm-none-eabi/lib/thumb/v7e-m+fp/hard/libc_nano.a(libc_a-reallocr.o)
 .ARM.attributes
                0x00000793       0x34 /Applications/STM32CubeIDE.app/Contents/Eclipse/plugins/com.st.stm32cube.ide.mcu.externaltools.gnu-tools-for-stm32.12.3.rel1.macos64_1.1.0.202410301201/tools/bin/../lib/gcc/arm-none-eabi/12.3.1/../../../../arm-none-eabi/lib/thumb/v7e-m+fp/hard/libc_nano.a(libc_a-wbuf.o)
 .ARM.attributes
                0x000007c7       0x34 /Applications/STM32CubeIDE.app/Contents/Eclipse/plugins/com.st.stm32cube.ide.mcu.externaltools.gnu-tools-for-stm32.12.3.rel1.macos64_1.1.0.202410301201/tools/bin/../lib/gcc/arm-none-eabi/12.3.1/../../../../arm-none-eabi/lib/thumb/v7e-m+fp/hard/libc_nano.a(libc_a-wsetup.o)
 .ARM.attributes
                0x000007fb       0x34 /Applications/STM32CubeIDE.app/Contents/Eclipse/plugins/com.st.stm32cube.ide.mcu.externaltools.gnu-tools-for-stm32.12.3.rel1.macos64_1.1.0.202410301201/tools/bin/../lib/gcc/arm-none-eabi/12.3.1/../../../../arm-none-eabi/lib/thumb/v7e-m+fp/hard/libc_nano.a(libc_a-makebuf.o)
 .ARM.attributes
                0x0000082f       0x34 /Applications/STM32CubeIDE.app/Contents/Eclipse/plugins/com.st.stm32cube.ide.mcu.externaltools.gnu-tools-for-stm32.12.3.rel1.macos64_1.1.0.202410301201/tools/bin/../lib/gcc/arm-none-eabi/12.3.1/../../../../arm-none-eabi/lib/thumb/v7e-m+fp/hard/libc_nano.a(libc_a-memmove.o)
 .ARM.attributes
                0x00000863       0x34 /Applications/STM32CubeIDE.app/Contents/Eclipse/plugins/com.st.stm32cube.ide.mcu.externaltools.gnu-tools-for-stm32.12.3.rel1.macos64_1.1.0.202410301201/tools/bin/../lib/gcc/arm-none-eabi/12.3.1/../../../../arm-none-eabi/lib/thumb/v7e-m+fp/hard/libc_nano.a(libc_a-closer.o)
 .ARM.attributes
                0x00000897       0x34 /Applications/STM32CubeIDE.app/Contents/Eclipse/plugins/com.st.stm32cube.ide.mcu.externaltools.gnu-tools-for-stm32.12.3.rel1.macos64_1.1.0.202410301201/tools/bin/../lib/gcc/arm-none-eabi/12.3.1/../../../../arm-none-eabi/lib/thumb/v7e-m+fp/hard/libc_nano.a(libc_a-reent.o)
 .ARM.attributes
                0x000008cb       0x34 /Applications/STM32CubeIDE.app/Contents/Eclipse/plugins/com.st.stm32cube.ide.mcu.externaltools.gnu-tools-for-stm32.12.3.rel1.macos64_1.1.0.202410301201/tools/bin/../lib/gcc/arm-none-eabi/12.3.1/../../../../arm-none-eabi/lib/thumb/v7e-m+fp/hard/libc_nano.a(libc_a-fstatr.o)
 .ARM.attributes
                0x000008ff       0x34 /Applications/STM32CubeIDE.app/Contents/Eclipse/plugins/com.st.stm32cube.ide.mcu.externaltools.gnu-tools-for-stm32.12.3.rel1.macos64_1.1.0.202410301201/tools/bin/../lib/gcc/arm-none-eabi/12.3.1/../../../../arm-none-eabi/lib/thumb/v7e-m+fp/hard/libc_nano.a(libc_a-isattyr.o)
 .ARM.attributes
                0x00000933       0x34 /Applications/STM32CubeIDE.app/Contents/Eclipse/plugins/com.st.stm32cube.ide.mcu.externaltools.gnu-tools-for-stm32.12.3.rel1.macos64_1.1.0.202410301201/tools/bin/../lib/gcc/arm-none-eabi/12.3.1/../../../../arm-none-eabi/lib/thumb/v7e-m+fp/hard/libc_nano.a(libc_a-lseekr.o)
 .ARM.attributes
                0x00000967       0x34 /Applications/STM32CubeIDE.app/Contents/Eclipse/plugins/com.st.stm32cube.ide.mcu.externaltools.gnu-tools-for-stm32.12.3.rel1.macos64_1.1.0.202410301201/tools/bin/../lib/gcc/arm-none-eabi/12.3.1/../../../../arm-none-eabi/lib/thumb/v7e-m+fp/hard/libc_nano.a(libc_a-readr.o)
 .ARM.attributes
                0x0000099b       0x34 /Applications/STM32CubeIDE.app/Contents/Eclipse/plugins/com.st.stm32cube.ide.mcu.externaltools.gnu-tools-for-stm32.12.3.rel1.macos64_1.1.0.202410301201/tools/bin/../lib/gcc/arm-none-eabi/12.3.1/../../../../arm-none-eabi/lib/thumb/v7e-m+fp/hard/libc_nano.a(libc_a-writer.o)
 .ARM.attributes
                0x000009cf       0x1c /Applications/STM32CubeIDE.app/Contents/Eclipse/plugins/com.st.stm32cube.ide.mcu.externaltools.gnu-tools-for-stm32.12.3.rel1.macos64_1.1.0.202410301201/tools/bin/../lib/gcc/arm-none-eabi/12.3.1/../../../../arm-none-eabi/lib/thumb/v7e-m+fp/hard/libc_nano.a(libc_a-memchr.o)
 .ARM.attributes
                0x000009eb       0x34 /Applications/STM32CubeIDE.app/Contents/Eclipse/plugins/com.st.stm32cube.ide.mcu.externaltools.gnu-tools-for-stm32.12.3.rel1.macos64_1.1.0.202410301201/tools/bin/../lib/gcc/arm-none-eabi/12.3.1/../../../../arm-none-eabi/lib/thumb/v7e-m+fp/hard/libc_nano.a(libc_a-msizer.o)
 .ARM.attributes
                0x00000a1f       0x22 /Applications/STM32CubeIDE.app/Contents/Eclipse/plugins/com.st.stm32cube.ide.mcu.externaltools.gnu-tools-for-stm32.12.3.rel1.macos64_1.1.0.202410301201/tools/bin/../lib/gcc/arm-none-eabi/12.3.1/thumb/v7e-m+fp/hard/libgcc.a(_arm_addsubdf3.o)
 .ARM.attributes
                0x00000a41       0x22 /Applications/STM32CubeIDE.app/Contents/Eclipse/plugins/com.st.stm32cube.ide.mcu.externaltools.gnu-tools-for-stm32.12.3.rel1.macos64_1.1.0.202410301201/tools/bin/../lib/gcc/arm-none-eabi/12.3.1/thumb/v7e-m+fp/hard/libgcc.a(_arm_fixunsdfsi.o)
 .ARM.attributes
                0x00000a63       0x22 /Applications/STM32CubeIDE.app/Contents/Eclipse/plugins/com.st.stm32cube.ide.mcu.externaltools.gnu-tools-for-stm32.12.3.rel1.macos64_1.1.0.202410301201/tools/bin/../lib/gcc/arm-none-eabi/12.3.1/thumb/v7e-m+fp/hard/crtn.o
OUTPUT(youlostit-ble.elf elf32-littlearm)
LOAD linker stubs
LOAD /Applications/STM32CubeIDE.app/Contents/Eclipse/plugins/com.st.stm32cube.ide.mcu.externaltools.gnu-tools-for-stm32.12.3.rel1.macos64_1.1.0.202410301201/tools/bin/../lib/gcc/arm-none-eabi/12.3.1/../../../../arm-none-eabi/lib/thumb/v7e-m+fp/hard/libc.a
LOAD /Applications/STM32CubeIDE.app/Contents/Eclipse/plugins/com.st.stm32cube.ide.mcu.externaltools.gnu-tools-for-stm32.12.3.rel1.macos64_1.1.0.202410301201/tools/bin/../lib/gcc/arm-none-eabi/12.3.1/../../../../arm-none-eabi/lib/thumb/v7e-m+fp/hard/libm.a
LOAD /Applications/STM32CubeIDE.app/Contents/Eclipse/plugins/com.st.stm32cube.ide.mcu.externaltools.gnu-tools-for-stm32.12.3.rel1.macos64_1.1.0.202410301201/tools/bin/../lib/gcc/arm-none-eabi/12.3.1/thumb/v7e-m+fp/hard/libgcc.a

.debug_info     0x00000000     0xa8ab
 .debug_info    0x00000000      0xfab ./Core/Src/ble.o
 .debug_info    0x00000fab      0x46d ./Core/Src/i2c.o
 .debug_info    0x00001418      0x959 ./Core/Src/lptimer.o
 .debug_info    0x00001d71      0x21d ./Core/Src/lsm6dsl.o
 .debug_info    0x00001f8e     0x18da ./Core/Src/main.o
 .debug_info    0x00003868     0x16ae ./Core/Src/stm32l4xx_hal_msp.o
 .debug_info    0x00004f16      0x158 ./Core/Src/stm32l4xx_it.o
 .debug_info    0x0000506e      0x715 ./Core/Src/syscalls.o
 .debug_info    0x00005783      0x5ce ./Core/Src/system_stm32l4xx.o
 .debug_info    0x00005d51       0x30 ./Core/Startup/startup_stm32l475vgtx.o
 .debug_info    0x00005d81      0xae5 ./Drivers/STM32L4xx_HAL_Driver/Src/stm32l4xx_hal.o
 .debug_info    0x00006866      0xd46 ./Drivers/STM32L4xx_HAL_Driver/Src/stm32l4xx_hal_cortex.o
 .debug_info    0x000075ac      0x757 ./Drivers/STM32L4xx_HAL_Driver/Src/stm32l4xx_hal_gpio.o
 .debug_info    0x00007d03      0x97a ./Drivers/STM32L4xx_HAL_Driver/Src/stm32l4xx_hal_pwr_ex.o
 .debug_info    0x0000867d      0xc14 ./Drivers/STM32L4xx_HAL_Driver/Src/stm32l4xx_hal_rcc.o
 .debug_info    0x00009291     0x161a ./Drivers/STM32L4xx_HAL_Driver/Src/stm32l4xx_hal_spi.o

.debug_abbrev   0x00000000     0x1f46
 .debug_abbrev  0x00000000      0x321 ./Core/Src/ble.o
 .debug_abbrev  0x00000321      0x124 ./Core/Src/i2c.o
 .debug_abbrev  0x00000445      0x1a3 ./Core/Src/lptimer.o
 .debug_abbrev  0x000005e8       0xde ./Core/Src/lsm6dsl.o
 .debug_abbrev  0x000006c6      0x3ed ./Core/Src/main.o
 .debug_abbrev  0x00000ab3      0x251 ./Core/Src/stm32l4xx_hal_msp.o
 .debug_abbrev  0x00000d04       0xb3 ./Core/Src/stm32l4xx_it.o
 .debug_abbrev  0x00000db7      0x1ca ./Core/Src/syscalls.o
 .debug_abbrev  0x00000f81      0x13f ./Core/Src/system_stm32l4xx.o
 .debug_abbrev  0x000010c0       0x24 ./Core/Startup/startup_stm32l475vgtx.o
 .debug_abbrev  0x000010e4      0x242 ./Drivers/STM32L4xx_HAL_Driver/Src/stm32l4xx_hal.o
 .debug_abbrev  0x00001326      0x327 ./Drivers/STM32L4xx_HAL_Driver/Src/stm32l4xx_hal_cortex.o
 .debug_abbrev  0x0000164d      0x1cb ./Drivers/STM32L4xx_HAL_Driver/Src/stm32l4xx_hal_gpio.o
 .debug_abbrev  0x00001818      0x1f9 ./Drivers/STM32L4xx_HAL_Driver/Src/stm32l4xx_hal_pwr_ex.o
 .debug_abbrev  0x00001a11      0x2cb ./Drivers/STM32L4xx_HAL_Driver/Src/stm32l4xx_hal_rcc.o
 .debug_abbrev  0x00001cdc      0x26a ./Drivers/STM32L4xx_HAL_Driver/Src/stm32l4xx_hal_spi.o

.debug_aranges  0x00000000      0x9b0
 .debug_aranges
                0x00000000       0x80 ./Core/Src/ble.o
 .debug_aranges
                0x00000080       0x28 ./Core/Src/i2c.o
 .debug_aranges
                0x000000a8       0x40 ./Core/Src/lptimer.o
 .debug_aranges
                0x000000e8       0x28 ./Core/Src/lsm6dsl.o
 .debug_aranges
                0x00000110       0x78 ./Core/Src/main.o
 .debug_aranges
                0x00000188       0x68 ./Core/Src/stm32l4xx_hal_msp.o
 .debug_aranges
                0x000001f0       0x68 ./Core/Src/stm32l4xx_it.o
 .debug_aranges
                0x00000258       0xb0 ./Core/Src/syscalls.o
 .debug_aranges
                0x00000308       0x28 ./Core/Src/system_stm32l4xx.o
 .debug_aranges
                0x00000330       0x28 ./Core/Startup/startup_stm32l475vgtx.o
 .debug_aranges
                0x00000358      0x130 ./Drivers/STM32L4xx_HAL_Driver/Src/stm32l4xx_hal.o
 .debug_aranges
                0x00000488      0x118 ./Drivers/STM32L4xx_HAL_Driver/Src/stm32l4xx_hal_cortex.o
 .debug_aranges
                0x000005a0       0x58 ./Drivers/STM32L4xx_HAL_Driver/Src/stm32l4xx_hal_gpio.o
 .debug_aranges
                0x000005f8      0x150 ./Drivers/STM32L4xx_HAL_Driver/Src/stm32l4xx_hal_pwr_ex.o
 .debug_aranges
                0x00000748       0x90 ./Drivers/STM32L4xx_HAL_Driver/Src/stm32l4xx_hal_rcc.o
 .debug_aranges
                0x000007d8      0x1d8 ./Drivers/STM32L4xx_HAL_Driver/Src/stm32l4xx_hal_spi.o

.debug_rnglists
                0x00000000      0x733
 .debug_rnglists
                0x00000000       0x64 ./Core/Src/ble.o
 .debug_rnglists
                0x00000064       0x1b ./Core/Src/i2c.o
 .debug_rnglists
                0x0000007f       0x2c ./Core/Src/lptimer.o
 .debug_rnglists
                0x000000ab       0x1a ./Core/Src/lsm6dsl.o
 .debug_rnglists
                0x000000c5       0x5a ./Core/Src/main.o
 .debug_rnglists
                0x0000011f       0x4b ./Core/Src/stm32l4xx_hal_msp.o
 .debug_rnglists
                0x0000016a       0x49 ./Core/Src/stm32l4xx_it.o
 .debug_rnglists
                0x000001b3       0x7f ./Core/Src/syscalls.o
 .debug_rnglists
                0x00000232       0x1a ./Core/Src/system_stm32l4xx.o
 .debug_rnglists
                0x0000024c       0x19 ./Core/Startup/startup_stm32l475vgtx.o
 .debug_rnglists
                0x00000265       0xdf ./Drivers/STM32L4xx_HAL_Driver/Src/stm32l4xx_hal.o
 .debug_rnglists
                0x00000344       0xce ./Drivers/STM32L4xx_HAL_Driver/Src/stm32l4xx_hal_cortex.o
 .debug_rnglists
                0x00000412       0x3f ./Drivers/STM32L4xx_HAL_Driver/Src/stm32l4xx_hal_gpio.o
 .debug_rnglists
                0x00000451       0xfd ./Drivers/STM32L4xx_HAL_Driver/Src/stm32l4xx_hal_pwr_ex.o
 .debug_rnglists
                0x0000054e       0x6d ./Drivers/STM32L4xx_HAL_Driver/Src/stm32l4xx_hal_rcc.o
 .debug_rnglists
                0x000005bb      0x178 ./Drivers/STM32L4xx_HAL_Driver/Src/stm32l4xx_hal_spi.o

.debug_macro    0x00000000    0x277fc
 .debug_macro   0x00000000      0x2fd ./Core/Src/ble.o
 .debug_macro   0x000002fd      0xab4 ./Core/Src/ble.o
 .debug_macro   0x00000db1      0x1ad ./Core/Src/ble.o
 .debug_macro   0x00000f5e       0x2e ./Core/Src/ble.o
 .debug_macro   0x00000f8c       0x28 ./Core/Src/ble.o
 .debug_macro   0x00000fb4       0x22 ./Core/Src/ble.o
 .debug_macro   0x00000fd6       0x8e ./Core/Src/ble.o
 .debug_macro   0x00001064       0x51 ./Core/Src/ble.o
 .debug_macro   0x000010b5      0x103 ./Core/Src/ble.o
 .debug_macro   0x000011b8       0x6a ./Core/Src/ble.o
 .debug_macro   0x00001222      0x1df ./Core/Src/ble.o
 .debug_macro   0x00001401       0x1c ./Core/Src/ble.o
 .debug_macro   0x0000141d       0x22 ./Core/Src/ble.o
 .debug_macro   0x0000143f       0xfb ./Core/Src/ble.o
 .debug_macro   0x0000153a     0x1011 ./Core/Src/ble.o
 .debug_macro   0x0000254b      0x11f ./Core/Src/ble.o
 .debug_macro   0x0000266a    0x19dc7 ./Core/Src/ble.o
 .debug_macro   0x0001c431       0x6d ./Core/Src/ble.o
 .debug_macro   0x0001c49e     0x38e6 ./Core/Src/ble.o
 .debug_macro   0x0001fd84      0x189 ./Core/Src/ble.o
 .debug_macro   0x0001ff0d       0x5c ./Core/Src/ble.o
 .debug_macro   0x0001ff69     0x1558 ./Core/Src/ble.o
 .debug_macro   0x000214c1      0x5a5 ./Core/Src/ble.o
 .debug_macro   0x00021a66      0x1b9 ./Core/Src/ble.o
 .debug_macro   0x00021c1f      0x17d ./Core/Src/ble.o
 .debug_macro   0x00021d9c      0x26b ./Core/Src/ble.o
 .debug_macro   0x00022007      0x23d ./Core/Src/ble.o
 .debug_macro   0x00022244      0x241 ./Core/Src/ble.o
 .debug_macro   0x00022485      0x37c ./Core/Src/ble.o
 .debug_macro   0x00022801       0xd6 ./Core/Src/ble.o
 .debug_macro   0x000228d7      0x22c ./Core/Src/ble.o
 .debug_macro   0x00022b03       0x61 ./Core/Src/ble.o
 .debug_macro   0x00022b64       0xa5 ./Core/Src/ble.o
 .debug_macro   0x00022c09      0x122 ./Core/Src/ble.o
 .debug_macro   0x00022d2b      0x3e8 ./Core/Src/ble.o
 .debug_macro   0x00023113      0x2fe ./Core/Src/ble.o
 .debug_macro   0x00023411      0xa98 ./Core/Src/ble.o
 .debug_macro   0x00023ea9      0x1e6 ./Core/Src/ble.o
 .debug_macro   0x0002408f      0x330 ./Core/Src/ble.o
 .debug_macro   0x000243bf       0x46 ./Core/Src/ble.o
 .debug_macro   0x00024405       0x22 ./Core/Src/ble.o
 .debug_macro   0x00024427       0x2a ./Core/Src/ble.o
 .debug_macro   0x00024451       0x61 ./Core/Src/ble.o
 .debug_macro   0x000244b2       0x43 ./Core/Src/ble.o
 .debug_macro   0x000244f5       0x34 ./Core/Src/ble.o
 .debug_macro   0x00024529       0x16 ./Core/Src/ble.o
 .debug_macro   0x0002453f       0x35 ./Core/Src/ble.o
 .debug_macro   0x00024574       0x16 ./Core/Src/ble.o
 .debug_macro   0x0002458a       0x43 ./Core/Src/ble.o
 .debug_macro   0x000245cd       0x34 ./Core/Src/ble.o
 .debug_macro   0x00024601       0x10 ./Core/Src/ble.o
 .debug_macro   0x00024611       0x58 ./Core/Src/ble.o
 .debug_macro   0x00024669       0x8e ./Core/Src/ble.o
 .debug_macro   0x000246f7       0x1c ./Core/Src/ble.o
 .debug_macro   0x00024713      0x177 ./Core/Src/ble.o
 .debug_macro   0x0002488a      0x369 ./Core/Src/ble.o
 .debug_macro   0x00024bf3       0x16 ./Core/Src/ble.o
 .debug_macro   0x00024c09       0x29 ./Core/Src/ble.o
 .debug_macro   0x00024c32       0x16 ./Core/Src/ble.o
 .debug_macro   0x00024c48       0x20 ./Core/Src/ble.o
 .debug_macro   0x00024c68       0x1c ./Core/Src/ble.o
 .debug_macro   0x00024c84      0x1a6 ./Core/Src/i2c.o
 .debug_macro   0x00024e2a       0x16 ./Core/Src/i2c.o
 .debug_macro   0x00024e40       0x9e ./Core/Src/i2c.o
 .debug_macro   0x00024ede      0x10b ./Core/Src/i2c.o
 .debug_macro   0x00024fe9       0x10 ./Core/Src/i2c.o
 .debug_macro   0x00024ff9       0x16 ./Core/Src/i2c.o
 .debug_macro   0x0002500f       0x16 ./Core/Src/i2c.o
 .debug_macro   0x00025025      0x146 ./Core/Src/i2c.o
 .debug_macro   0x0002516b      0x1e4 ./Core/Src/lptimer.o
 .debug_macro   0x0002534f      0x1b0 ./Core/Src/lsm6dsl.o
 .debug_macro   0x000254ff      0x337 ./Core/Src/main.o
 .debug_macro   0x00025836       0x1c ./Core/Src/main.o
 .debug_macro   0x00025852       0x1c ./Core/Src/main.o
 .debug_macro   0x0002586e      0x19b ./Core/Src/main.o
 .debug_macro   0x00025a09      0x1e9 ./Core/Src/stm32l4xx_hal_msp.o
 .debug_macro   0x00025bf2      0x206 ./Core/Src/stm32l4xx_it.o
 .debug_macro   0x00025df8      0x274 ./Core/Src/syscalls.o
 .debug_macro   0x0002606c       0x5b ./Core/Src/syscalls.o
 .debug_macro   0x000260c7       0x94 ./Core/Src/syscalls.o
 .debug_macro   0x0002615b       0x57 ./Core/Src/syscalls.o
 .debug_macro   0x000261b2       0x10 ./Core/Src/syscalls.o
 .debug_macro   0x000261c2       0x10 ./Core/Src/syscalls.o
 .debug_macro   0x000261d2       0x10 ./Core/Src/syscalls.o
 .debug_macro   0x000261e2       0x10 ./Core/Src/syscalls.o
 .debug_macro   0x000261f2       0x1c ./Core/Src/syscalls.o
 .debug_macro   0x0002620e       0x52 ./Core/Src/syscalls.o
 .debug_macro   0x00026260       0x22 ./Core/Src/syscalls.o
 .debug_macro   0x00026282       0x10 ./Core/Src/syscalls.o
 .debug_macro   0x00026292       0x52 ./Core/Src/syscalls.o
 .debug_macro   0x000262e4       0xcf ./Core/Src/syscalls.o
 .debug_macro   0x000263b3       0x1c ./Core/Src/syscalls.o
 .debug_macro   0x000263cf       0x3d ./Core/Src/syscalls.o
 .debug_macro   0x0002640c       0x35 ./Core/Src/syscalls.o
 .debug_macro   0x00026441      0x12c ./Core/Src/syscalls.o
 .debug_macro   0x0002656d       0x10 ./Core/Src/syscalls.o
 .debug_macro   0x0002657d      0x242 ./Core/Src/syscalls.o
 .debug_macro   0x000267bf       0x10 ./Core/Src/syscalls.o
 .debug_macro   0x000267cf      0x18a ./Core/Src/syscalls.o
 .debug_macro   0x00026959       0x16 ./Core/Src/syscalls.o
 .debug_macro   0x0002696f       0xce ./Core/Src/syscalls.o
 .debug_macro   0x00026a3d      0x1e0 ./Core/Src/system_stm32l4xx.o
 .debug_macro   0x00026c1d      0x228 ./Drivers/STM32L4xx_HAL_Driver/Src/stm32l4xx_hal.o
 .debug_macro   0x00026e45      0x1da ./Drivers/STM32L4xx_HAL_Driver/Src/stm32l4xx_hal_cortex.o
 .debug_macro   0x0002701f      0x1e1 ./Drivers/STM32L4xx_HAL_Driver/Src/stm32l4xx_hal_gpio.o
 .debug_macro   0x00027200      0x1fe ./Drivers/STM32L4xx_HAL_Driver/Src/stm32l4xx_hal_pwr_ex.o
 .debug_macro   0x000273fe      0x21c ./Drivers/STM32L4xx_HAL_Driver/Src/stm32l4xx_hal_rcc.o
 .debug_macro   0x0002761a      0x1e2 ./Drivers/STM32L4xx_HAL_Driver/Src/stm32l4xx_hal_spi.o

.debug_line     0x00000000     0xb44f
 .debug_line    0x00000000      0xc9a ./Core/Src/ble.o
 .debug_line    0x00000c9a      0x833 ./Core/Src/i2c.o
 .debug_line    0x000014cd      0x811 ./Core/Src/lptimer.o
 .debug_line    0x00001cde      0x6af ./Core/Src/lsm6dsl.o
 .debug_line    0x0000238d      0xc53 ./Core/Src/main.o
 .debug_line    0x00002fe0      0x8c8 ./Core/Src/stm32l4xx_hal_msp.o
 .debug_line    0x000038a8      0x85d ./Core/Src/stm32l4xx_it.o
 .debug_line    0x00004105      0x8e5 ./Core/Src/syscalls.o
 .debug_line    0x000049ea      0x84d ./Core/Src/system_stm32l4xx.o
 .debug_line    0x00005237       0x7a ./Core/Startup/startup_stm32l475vgtx.o
 .debug_line    0x000052b1      0xb6c ./Drivers/STM32L4xx_HAL_Driver/Src/stm32l4xx_hal.o
 .debug_line    0x00005e1d      0xd0b ./Drivers/STM32L4xx_HAL_Driver/Src/stm32l4xx_hal_cortex.o
 .debug_line    0x00006b28      0xbf8 ./Drivers/STM32L4xx_HAL_Driver/Src/stm32l4xx_hal_gpio.o
 .debug_line    0x00007720      0xd2e ./Drivers/STM32L4xx_HAL_Driver/Src/stm32l4xx_hal_pwr_ex.o
 .debug_line    0x0000844e      0xfe3 ./Drivers/STM32L4xx_HAL_Driver/Src/stm32l4xx_hal_rcc.o
 .debug_line    0x00009431     0x201e ./Drivers/STM32L4xx_HAL_Driver/Src/stm32l4xx_hal_spi.o

.debug_str      0x00000000    0xf16df
 .debug_str     0x00000000    0xebabf ./Core/Src/ble.o
                              0xebdf8 (size before relaxing)
 .debug_str     0x000ebabf      0x7cc ./Core/Src/i2c.o
                              0xa0dff (size before relaxing)
 .debug_str     0x000ec28b      0x58e ./Core/Src/lptimer.o
                              0xe86a2 (size before relaxing)
 .debug_str     0x000ec819       0xf9 ./Core/Src/lsm6dsl.o
                              0xa0d18 (size before relaxing)
 .debug_str     0x000ec912      0xc47 ./Core/Src/main.o
                              0xed163 (size before relaxing)
 .debug_str     0x000ed559      0x870 ./Core/Src/stm32l4xx_hal_msp.o
                              0xe950b (size before relaxing)
 .debug_str     0x000eddc9       0xf5 ./Core/Src/stm32l4xx_it.o
                              0xe81e9 (size before relaxing)
 .debug_str     0x000edebe     0x1fea ./Core/Src/syscalls.o
                               0x9927 (size before relaxing)
 .debug_str     0x000efea8       0xb3 ./Core/Src/system_stm32l4xx.o
                              0xe81bb (size before relaxing)
 .debug_str     0x000eff5b       0x44 ./Core/Startup/startup_stm32l475vgtx.o
                                 0xbe (size before relaxing)
 .debug_str     0x000eff9f      0x60d ./Drivers/STM32L4xx_HAL_Driver/Src/stm32l4xx_hal.o
                              0xe8d2a (size before relaxing)
 .debug_str     0x000f05ac      0x2e2 ./Drivers/STM32L4xx_HAL_Driver/Src/stm32l4xx_hal_cortex.o
                              0xe89de (size before relaxing)