../Drivers/CMSIS/Include/core_cm4.h:2059:26:ITM_SendChar	16	static,ignoring_inline_asm
../Core/Src/main.c:66:5:_write	32	static
../Core/Src/main.c:75:6:disable_bus	4	static
../Core/Src/main.c:90:6:disable_clocks	4	static
../Core/Src/main.c:102:6:enable_clocks	32	static
../Core/Src/main.c:112:6:stop_2	8	static,ignoring_inline_asm
../Core/Src/main.c:122:5:main	64	static
../Core/Src/main.c:249:6:SystemClock_Config	96	static
../Core/Src/main.c:299:13:MX_SPI3_Init	8	static
../Core/Src/main.c:339:13:MX_GPIO_Init	48	static
../Core/Src/main.c:398:6:Error_Handler	4	static,ignoring_inline_asm
../Core/Src/main.c:409:6:LPTIM1_IRQHandler	8	static
